<html>
<body>
<pre>
<h1>µVision Build Log</h1>
<h2>Tool Versions:</h2>
IDE-Version: ¦ÌVision V5.35.0.0
Copyright (C) 2021 ARM Ltd and ARM Germany GmbH. All rights reserved.
License Information: Kevin Huang, aaa, LIC=HN0AE-5AJ89-KP8ZY-I5348-HGE9P-CX7Z4
 
Tool Versions:
Toolchain:       MDK-ARM Plus  Version: 5.35.0.2
Toolchain Path:  E:\Keil_v5\ARM\ARMCC\Bin
C Compiler:      Armcc.exe V5.06 update 7 (build 960)
Assembler:       Armasm.exe V5.06 update 7 (build 960)
Linker/Locator:  ArmLink.exe V5.06 update 7 (build 960)
Library Manager: ArmAr.exe V5.06 update 7 (build 960)
Hex Converter:   FromElf.exe V5.06 update 7 (build 960)
CPU DLL:         SARMCM3.DLL V5.35.0.2
Dialog DLL:      DARMSTM.DLL V1.68.0.0
Target DLL:      STLink\ST-LINKIII-KEIL_SWO.dll V3.0.9.0
Dialog DLL:      TARMSTM.DLL V1.66.0.0
 
<h2>Project:</h2>
D:\dev\STM32_MYPROJ\USER\BLE.uvprojx
Project File Date:  05/24/2022

<h2>Output:</h2>
*** Using Compiler 'V5.06 update 7 (build 960)', folder: 'E:\Keil_v5\ARM\ARMCC\Bin'
Rebuild target 'BLE'
Note: source file '..\MyCode\led\LED.c' - object file renamed from '..\OBJ\LED.o' to '..\OBJ\led_1.o'.
compiling key.c...
compiling ringbuffer.c...
compiling timer.c...
compiling delay.c...
compiling stm32f10x_it.c...
compiling system_stm32f10x.c...
compiling usart2.c...
compiling led.c...
compiling usart3.c...
compiling imu901.c...
compiling main.c...
main.c(70): warning:  #177-D: variable "temp"  was declared but never referenced
  static double temp;
main.c: 1 warning, 0 errors
assembling startup_stm32f10x_hd.s...
compiling core_cm3.c...
compiling misc.c...
compiling stm32f10x_exti.c...
compiling stm32f10x_fsmc.c...
compiling stm32f10x_rcc.c...
compiling usart.c...
compiling stm32f10x_gpio.c...
compiling stm32f10x_usart.c...
compiling sys.c...
..\SYSTEM\sys\sys.c(37): warning:  #1-D: last line of file ends without a newline
  }
..\SYSTEM\sys\sys.c: 1 warning, 0 errors
compiling stm32f10x_tim.c...
compiling stm32f10x_adc.c...
compiling stm32f10x_bkp.c...
compiling stm32f10x_cec.c...
compiling stm32f10x_dma.c...
compiling stm32f10x_pwr.c...
compiling stm32f10x_dbgmcu.c...
compiling stm32f10x_dac.c...
compiling stm32f10x_crc.c...
compiling stm32f10x_iwdg.c...
compiling stm32f10x_can.c...
compiling stm32f10x_i2c.c...
compiling stm32f10x_flash.c...
compiling HX711.c...
compiling stm32f10x_rtc.c...
compiling adc.c...
compiling stm32f10x_wwdg.c...
compiling stm32f10x_sdio.c...
compiling FSR.c...
compiling LED.c...
compiling ble_uart.c...
compiling stm32f10x_spi.c...
compiling ble_app.c...
..\BLE\ble_app.c(305): warning:  #177-D: variable "key"  was declared but never referenced
      u8 key = 0;
..\BLE\ble_app.c(308): warning:  #177-D: variable "flag1"  was declared but never referenced
      static u8 flag1, flag2 = 0;
..\BLE\ble_app.c(308): warning:  #177-D: variable "flag2"  was declared but never referenced
      static u8 flag1, flag2 = 0;
..\BLE\ble_app.c: 3 warnings, 0 errors
compiling GUI.c...
compiling Lcd_Driver.c...
compiling TFT_demo.c...
linking...
Program Size: Code=19796 RO-data=348 RW-data=124 ZI-data=3308  
FromELF: creating hex file...
"..\OBJ\LORA.axf" - 0 Error(s), 5 Warning(s).

<h2>Software Packages used:</h2>

Package Vendor: Keil
                http://www.keil.com/pack/Keil.STM32F1xx_DFP.2.4.0.pack
                Keil.STM32F1xx_DFP.2.4.0
                STMicroelectronics STM32F1 Series Device Support, Drivers and Examples

<h2>Collection of Component include folders:</h2>
  E:\Keil_v5\Arm\Packs\Keil\STM32F1xx_DFP\2.4.0\Device\Include

<h2>Collection of Component Files used:</h2>
Build Time Elapsed:  00:00:06
</pre>
</body>
</html>
