Component: ARM Compiler 5.05 update 1 (build 106) Tool: armlink [4d0efa]

==============================================================================

Section Cross References

    main.o(.text) refers to _printf_percent.o(.ARM.Collect$$_printf_percent$$00000000) for _printf_percent
    main.o(.text) refers to _printf_d.o(.ARM.Collect$$_printf_percent$$00000009) for _printf_d
    main.o(.text) refers to _printf_dec.o(.text) for _printf_int_dec
    main.o(.text) refers to _printf_pad.o(.text) for _printf_pre_padding
    main.o(.text) refers to _printf_f.o(.ARM.Collect$$_printf_percent$$00000003) for _printf_f
    main.o(.text) refers to printf1.o(x$fpl$printf1) for _printf_fp_dec
    main.o(.text) refers to delay.o(.text) for delay_init
    main.o(.text) refers to misc.o(.text) for NVIC_PriorityGroupConfig
    main.o(.text) refers to adc.o(.text) for Adc_Init
    main.o(.text) refers to usart.o(.text) for uart_init
    main.o(.text) refers to led.o(.text) for LED_Init
    main.o(.text) refers to usart2.o(.text) for usart2_init
    main.o(.text) refers to imu901.o(.text) for imu901_init
    main.o(.text) refers to key.o(.text) for KEY_Init
    main.o(.text) refers to ble_app.o(.text) for Ble_IoInit
    main.o(.text) refers to __2printf.o(.text) for __2printf
    main.o(.text) refers to f2d.o(x$fpl$f2d) for __aeabi_f2d
    main.o(.text) refers to usart3.o(.text) for u3_printf
    main.o(.text) refers to imu901.o(.bss) for rxPacket
    main.o(.text) refers to main.o(.data) for value_AD
    system_stm32f10x.o(.text) refers to system_stm32f10x.o(.data) for SystemCoreClock
    led.o(.text) refers to stm32f10x_rcc.o(.text) for RCC_APB2PeriphClockCmd
    led.o(.text) refers to stm32f10x_gpio.o(.text) for GPIO_Init
    key.o(.text) refers to stm32f10x_rcc.o(.text) for RCC_APB2PeriphClockCmd
    key.o(.text) refers to stm32f10x_gpio.o(.text) for GPIO_Init
    key.o(.text) refers to delay.o(.text) for delay_ms
    key.o(.text) refers to key.o(.data) for key_up
    timer.o(.text) refers to stm32f10x_tim.o(.text) for TIM_SetCounter
    timer.o(.text) refers to stm32f10x_rcc.o(.text) for RCC_APB1PeriphClockCmd
    timer.o(.text) refers to misc.o(.text) for NVIC_Init
    timer.o(.text) refers to usart3.o(.data) for USART3_RX_STA
    usart3.o(.text) refers to stm32f10x_usart.o(.text) for USART_GetITStatus
    usart3.o(.text) refers to stm32f10x_tim.o(.text) for TIM_SetCounter
    usart3.o(.text) refers to stm32f10x_rcc.o(.text) for RCC_APB2PeriphClockCmd
    usart3.o(.text) refers to stm32f10x_gpio.o(.text) for GPIO_Init
    usart3.o(.text) refers to misc.o(.text) for NVIC_Init
    usart3.o(.text) refers to timer.o(.text) for TIM7_Int_Init
    usart3.o(.text) refers to vsprintf.o(.text) for vsprintf
    usart3.o(.text) refers to strlen.o(.text) for strlen
    usart3.o(.text) refers to usart3.o(.data) for USART3_RX_STA
    usart3.o(.text) refers to usart3.o(.bss) for USART3_RX_BUF
    imu901.o(.text) refers to fflt_clz.o(x$fpl$fflt) for __aeabi_i2f
    imu901.o(.text) refers to fdiv.o(x$fpl$fdiv) for __aeabi_fdiv
    imu901.o(.text) refers to fmul.o(x$fpl$fmul) for __aeabi_fmul
    imu901.o(.text) refers to fflt_clz.o(x$fpl$ffltu) for __aeabi_ui2f
    imu901.o(.text) refers to imu901.o(.data) for rxState
    imu901.o(.text) refers to imu901.o(.bss) for rxPacket
    imu901.o(.text) refers to imu901.o(.constdata) for accFsrTable
    imu901.o(.text) refers to usart2.o(.text) for usart2_sendData
    imu901.o(.text) refers to delay.o(.text) for delay_ms
    usart2.o(.text) refers to stm32f10x_rcc.o(.text) for RCC_APB2PeriphClockCmd
    usart2.o(.text) refers to stm32f10x_gpio.o(.text) for GPIO_Init
    usart2.o(.text) refers to misc.o(.text) for NVIC_Init
    usart2.o(.text) refers to stm32f10x_usart.o(.text) for USART_Init
    usart2.o(.text) refers to ringbuffer.o(.text) for ringbuffer_init
    usart2.o(.text) refers to usart2.o(.bss) for uart2RxBuffer
    delay.o(.text) refers to misc.o(.text) for SysTick_CLKSourceConfig
    delay.o(.text) refers to system_stm32f10x.o(.data) for SystemCoreClock
    delay.o(.text) refers to delay.o(.data) for fac_us
    usart.o(.text) refers (Special) to use_no_semi_2.o(.text) for __use_no_semihosting
    usart.o(.text) refers to stm32f10x_rcc.o(.text) for RCC_APB2PeriphClockCmd
    usart.o(.text) refers to stm32f10x_gpio.o(.text) for GPIO_Init
    usart.o(.text) refers to misc.o(.text) for NVIC_Init
    usart.o(.text) refers to stm32f10x_usart.o(.text) for USART_Init
    usart.o(.text) refers to usart.o(.data) for USART_RX_STA
    usart.o(.text) refers to usart.o(.bss) for USART_RX_BUF
    usart.o(.bss) refers (Special) to use_no_semi_2.o(.text) for __use_no_semihosting
    usart.o(.data) refers (Special) to use_no_semi_2.o(.text) for __use_no_semihosting
    startup_stm32f10x_hd.o(STACK) refers (Special) to heapauxi.o(.text) for __use_two_region_memory
[...]
    x$fpl$f2d                                0x0800571c   Section       86  f2d.o(x$fpl$f2d)
    x$fpl$fdiv                               0x08005774   Section      388  fdiv.o(x$fpl$fdiv)
    _fdiv1                                   0x08005775   Thumb Code     0  fdiv.o(x$fpl$fdiv)
    x$fpl$fflt                               0x080058f8   Section       48  fflt_clz.o(x$fpl$fflt)
    x$fpl$ffltu                              0x08005928   Section       38  fflt_clz.o(x$fpl$ffltu)
    x$fpl$fmul                               0x08005950   Section      258  fmul.o(x$fpl$fmul)
    x$fpl$fnaninf                            0x08005a52   Section      140  fnaninf.o(x$fpl$fnaninf)
    x$fpl$fretinf                            0x08005ade   Section       10  fretinf.o(x$fpl$fretinf)
    x$fpl$printf1                            0x08005ae8   Section        4  printf1.o(x$fpl$printf1)
    x$fpl$printf2                            0x08005aec   Section        4  printf2.o(x$fpl$printf2)
    .constdata                               0x08005af0   Section       12  imu901.o(.constdata)
    x$fpl$usenofp                            0x08005af0   Section        0  usenofp.o(x$fpl$usenofp)
    .constdata                               0x08005afc   Section       17  __printf_flags_ss_wp.o(.constdata)
    maptable                                 0x08005afc   Data          17  __printf_flags_ss_wp.o(.constdata)
    .constdata                               0x08005b10   Section        8  _printf_wctomb.o(.constdata)
    initial_mbstate                          0x08005b10   Data           8  _printf_wctomb.o(.constdata)
    .constdata                               0x08005b18   Section       40  _printf_hex_int_ll_ptr.o(.constdata)
    uc_hextab                                0x08005b18   Data          20  _printf_hex_int_ll_ptr.o(.constdata)
    lc_hextab                                0x08005b2c   Data          20  _printf_hex_int_ll_ptr.o(.constdata)
    .constdata                               0x08005b40   Section       38  _printf_fp_hex.o(.constdata)
    lc_hextab                                0x08005b40   Data          19  _printf_fp_hex.o(.constdata)
    uc_hextab                                0x08005b53   Data          19  _printf_fp_hex.o(.constdata)
    .constdata                               0x08005b68   Section      148  bigflt0.o(.constdata)
    tenpwrs_x                                0x08005b68   Data          60  bigflt0.o(.constdata)
    tenpwrs_i                                0x08005ba4   Data          64  bigflt0.o(.constdata)
    locale$$data                             0x08005c1c   Section       28  lc_numeric_c.o(locale$$data)
    __lcnum_c_name                           0x08005c20   Data           2  lc_numeric_c.o(locale$$data)
    __lcnum_c_start                          0x08005c28   Data           0  lc_numeric_c.o(locale$$data)
    __lcnum_c_point                          0x08005c34   Data           0  lc_numeric_c.o(locale$$data)
    __lcnum_c_thousands                      0x08005c36   Data           0  lc_numeric_c.o(locale$$data)
    __lcnum_c_grouping                       0x08005c37   Data           0  lc_numeric_c.o(locale$$data)
    locale$$data                             0x08005c38   Section      272  lc_ctype_c.o(locale$$data)
    __lcnum_c_end                            0x08005c38   Data           0  lc_numeric_c.o(locale$$data)
    __lcctype_c_name                         0x08005c3c   Data           2  lc_ctype_c.o(locale$$data)
    __lcctype_c_start                        0x08005c44   Data           0  lc_ctype_c.o(locale$$data)
    __lcctype_c_end                          0x08005d48   Data           0  lc_ctype_c.o(locale$$data)
    .data                                    0x20000000   Section       16  main.o(.data)
    .data                                    0x20000010   Section       20  system_stm32f10x.o(.data)
    .data                                    0x20000024   Section        1  key.o(.data)
    key_up                                   0x20000024   Data           1  key.o(.data)
    .data                                    0x20000026   Section        2  usart3.o(.data)
    .data                                    0x20000028   Section       15  imu901.o(.data)
    rxState                                  0x20000034   Data           1  imu901.o(.data)
    cksum                                    0x20000035   Data           1  imu901.o(.data)
    dataIndex                                0x20000036   Data           1  imu901.o(.data)
    .data                                    0x20000038   Section        4  delay.o(.data)
    fac_us                                   0x20000038   Data           1  delay.o(.data)
    fac_ms                                   0x2000003a   Data           2  delay.o(.data)
    .data                                    0x2000003c   Section        6  usart.o(.data)
    .data                                    0x20000042   Section       20  stm32f10x_rcc.o(.data)
    APBAHBPrescTable                         0x20000042   Data          16  stm32f10x_rcc.o(.data)
    ADCPrescTable                            0x20000052   Data           4  stm32f10x_rcc.o(.data)
    .data                                    0x20000056   Section        3  ble_app.o(.data)
    num                                      0x20000056   Data           1  ble_app.o(.data)
    flag1                                    0x20000057   Data           1  ble_app.o(.data)
    flag2                                    0x20000058   Data           1  ble_app.o(.data)
    .bss                                     0x2000005c   Section     1640  usart3.o(.bss)
    .bss                                     0x200006c4   Section      121  imu901.o(.bss)
    .bss                                     0x20000740   Section      268  usart2.o(.bss)
    .bss                                     0x2000084c   Section      200  usart.o(.bss)
    .bss                                     0x20000914   Section       50  ble_app.o(.bss)
    .bss                                     0x20000948   Section       96  libspace.o(.bss)
    HEAP                                     0x200009a8   Section      512  startup_stm32f10x_hd.o(HEAP)
    Heap_Mem                                 0x200009a8   Data         512  startup_stm32f10x_hd.o(HEAP)
    STACK                                    0x20000ba8   Section     1024  startup_stm32f10x_hd.o(STACK)
    Stack_Mem                                0x20000ba8   Data        1024  startup_stm32f10x_hd.o(STACK)
    __initial_sp                             0x20000fa8   Data           0  startup_stm32f10x_hd.o(STACK)

    Global Symbols

    Symbol Name                              Value     Ov Type        Size  Object(Section)

    BuildAttributes$$THM_ISAv4$P$D$K$B$S$PE$A:L22UL41UL21$X:L11$S22US41US21$IEEE1$IW$USESV6$~STKCKD$USESV7$~SHL$OTIME$ROPI$IEEEJ$EBA8$UX$STANDARDLIB$REQ8$PRES8$EABIv2 0x00000000   Number         0  anon$$obj.o ABSOLUTE
    __ARM_use_no_argv                        0x00000000   Number         0  main.o ABSOLUTE
    _printf_flags                            0x00000000   Number         0  printf_stubs.o ABSOLUTE
    _printf_return_value                     0x00000000   Number         0  printf_stubs.o ABSOLUTE
    _printf_sizespec                         0x00000000   Number         0  printf_stubs.o ABSOLUTE
    _printf_widthprec                        0x00000000   Number         0  printf_stubs.o ABSOLUTE
    __ARM_exceptions_init                     - Undefined Weak Reference
    __alloca_initialize                       - Undefined Weak Reference
    __arm_preinit_                            - Undefined Weak Reference
    __cpp_initialize__aeabi_                  - Undefined Weak Reference
    __cxa_finalize                            - Undefined Weak Reference
    __sigvec_lookup                           - Undefined Weak Reference
    _atexit_init                              - Undefined Weak Reference
    _call_atexit_fns                          - Undefined Weak Reference
    _clock_init                               - Undefined Weak Reference
    _fp_trap_init                             - Undefined Weak Reference
    _fp_trap_shutdown                         - Undefined Weak Reference
    _get_lc_collate                           - Undefined Weak Reference
    _get_lc_monetary                          - Undefined Weak Reference
    _get_lc_time                              - Undefined Weak Reference
    _getenv_init                              - Undefined Weak Reference
    _handle_redirection                       - Undefined Weak Reference
    _init_alloc                               - Undefined Weak Reference
    _init_user_alloc                          - Undefined Weak Reference
    _initio                                   - Undefined Weak Reference
    _mutex_acquire                            - Undefined Weak Reference
    _mutex_release                            - Undefined Weak Reference
    _printf_mbtowc                            - Undefined Weak Reference
    _printf_wc                                - Undefined Weak Reference
    _rand_init                                - Undefined Weak Reference
    _signal_finish                            - Undefined Weak Reference
    _signal_init                              - Undefined Weak Reference
    _terminate_alloc                          - Undefined Weak Reference
    _terminate_user_alloc                     - Undefined Weak Reference
    _terminateio                              - Undefined Weak Reference
    __Vectors_Size                           0x00000130   Number         0  startup_stm32f10x_hd.o ABSOLUTE
    __Vectors                                0x08000000   Data           4  startup_stm32f10x_hd.o(RESET)
    __Vectors_End                            0x08000130   Data           0  startup_stm32f10x_hd.o(RESET)
    __main                                   0x08000131   Thumb Code     8  __main.o(!!!main)
    __scatterload                            0x08000139   Thumb Code     0  __scatter.o(!!!scatter)
    __scatterload_rt2                        0x08000139   Thumb Code    44  __scatter.o(!!!scatter)
    __scatterload_rt2_thumb_only             0x08000139   Thumb Code     0  __scatter.o(!!!scatter)
    __scatterload_null                       0x08000147   Thumb Code     0  __scatter.o(!!!scatter)
    __scatterload_copy                       0x0800016d   Thumb Code    26  __scatter_copy.o(!!handler_copy)
    __scatterload_zeroinit                   0x08000189   Thumb Code    28  __scatter_zi.o(!!handler_zi)
    _printf_n                                0x080001a5   Thumb Code     0  _printf_n.o(.ARM.Collect$$_printf_percent$$00000001)
    _printf_percent                          0x080001a5   Thumb Code     0  _printf_percent.o(.ARM.Collect$$_printf_percent$$00000000)
    _printf_p                                0x080001ab   Thumb Code     0  _printf_p.o(.ARM.Collect$$_printf_percent$$00000002)
    _printf_f                                0x080001b1   Thumb Code     0  _printf_f.o(.ARM.Collect$$_printf_percent$$00000003)
    _printf_e                                0x080001b7   Thumb Code     0  _printf_e.o(.ARM.Collect$$_printf_percent$$00000004)
    _printf_g                                0x080001bd   Thumb Code     0  _printf_g.o(.ARM.Collect$$_printf_percent$$00000005)
    _printf_a                                0x080001c3   Thumb Code     0  _printf_a.o(.ARM.Collect$$_printf_percent$$00000006)
    _printf_ll                               0x080001c9   Thumb Code     0  _printf_ll.o(.ARM.Collect$$_printf_percent$$00000007)
    _printf_i                                0x080001d3   Thumb Code     0  _printf_i.o(.ARM.Collect$$_printf_percent$$00000008)
    _printf_d                                0x080001d9   Thumb Code     0  _printf_d.o(.ARM.Collect$$_printf_percent$$00000009)
    _printf_u                                0x080001df   Thumb Code     0  _printf_u.o(.ARM.Collect$$_printf_percent$$0000000A)
    _printf_o                                0x080001e5   Thumb Code     0  _printf_o.o(.ARM.Collect$$_printf_percent$$0000000B)
    _printf_x                                0x080001eb   Thumb Code     0  _printf_x.o(.ARM.Collect$$_printf_percent$$0000000C)
    _printf_lli                              0x080001f1   Thumb Code     0  _printf_lli.o(.ARM.Collect$$_printf_percent$$0000000D)
    _printf_lld                              0x080001f7   Thumb Code     0  _printf_lld.o(.ARM.Collect$$_printf_percent$$0000000E)
    _printf_llu                              0x080001fd   Thumb Code     0  _printf_llu.o(.ARM.Collect$$_printf_percent$$0000000F)
    _printf_llo                              0x08000203   Thumb Code     0  _printf_llo.o(.ARM.Collect$$_printf_percent$$00000010)
    _printf_llx                              0x08000209   Thumb Code     0  _printf_llx.o(.ARM.Collect$$_printf_percent$$00000011)
    _printf_l                                0x0800020f   Thumb Code     0  _printf_l.o(.ARM.Collect$$_printf_percent$$00000012)
    _printf_c                                0x08000219   Thumb Code     0  _printf_c.o(.ARM.Collect$$_printf_percent$$00000013)
    _printf_s                                0x0800021f   Thumb Code     0  _printf_s.o(.ARM.Collect$$_printf_percent$$00000014)
    _printf_lc                               0x08000225   Thumb Code     0  _printf_lc.o(.ARM.Collect$$_printf_percent$$00000015)
    _printf_ls                               0x0800022b   Thumb Code     0  _printf_ls.o(.ARM.Collect$$_printf_percent$$00000016)
    _printf_percent_end                      0x08000231   Thumb Code     0  _printf_percent_end.o(.ARM.Collect$$_printf_percent$$00000017)
    __rt_lib_init                            0x08000235   Thumb Code     0  libinit.o(.ARM.Collect$$libinit$$00000000)
    __rt_lib_init_fp_1                       0x08000237   Thumb Code     0  libinit2.o(.ARM.Collect$$libinit$$00000002)
    __rt_lib_init_heap_1                     0x08000237   Thumb Code     0  libinit2.o(.ARM.Collect$$libinit$$0000000A)
    __rt_lib_init_lc_common                  0x08000237   Thumb Code     0  libinit2.o(.ARM.Collect$$libinit$$0000000F)
    __rt_lib_init_preinit_1                  0x08000237   Thumb Code     0  libinit2.o(.ARM.Collect$$libinit$$00000004)
    __rt_lib_init_rand_1                     0x08000237   Thumb Code     0  libinit2.o(.ARM.Collect$$libinit$$0000000E)
    __rt_lib_init_user_alloc_1               0x08000237   Thumb Code     0  libinit2.o(.ARM.Collect$$libinit$$0000000C)
    __rt_lib_init_lc_collate_1               0x0800023d   Thumb Code     0  libinit2.o(.ARM.Collect$$libinit$$00000011)
    __rt_lib_init_lc_ctype_2                 0x0800023d   Thumb Code     0  libinit2.o(.ARM.Collect$$libinit$$00000012)
    __rt_lib_init_lc_ctype_1                 0x08000249   Thumb Code     0  libinit2.o(.ARM.Collect$$libinit$$00000013)
    __rt_lib_init_lc_monetary_1              0x08000249   Thumb Code     0  libinit2.o(.ARM.Collect$$libinit$$00000015)
    __rt_lib_init_lc_numeric_2               0x08000249   Thumb Code     0  libinit2.o(.ARM.Collect$$libinit$$00000016)
    __rt_lib_init_alloca_1                   0x08000253   Thumb Code     0  libinit2.o(.ARM.Collect$$libinit$$0000002E)
    __rt_lib_init_argv_1                     0x08000253   Thumb Code     0  libinit2.o(.ARM.Collect$$libinit$$0000002C)
    __rt_lib_init_atexit_1                   0x08000253   Thumb Code     0  libinit2.o(.ARM.Collect$$libinit$$0000001B)
    __rt_lib_init_clock_1                    0x08000253   Thumb Code     0  libinit2.o(.ARM.Collect$$libinit$$00000021)
    __rt_lib_init_cpp_1                      0x08000253   Thumb Code     0  libinit2.o(.ARM.Collect$$libinit$$00000032)
    __rt_lib_init_exceptions_1               0x08000253   Thumb Code     0  libinit2.o(.ARM.Collect$$libinit$$00000030)
    __rt_lib_init_fp_trap_1                  0x08000253   Thumb Code     0  libinit2.o(.ARM.Collect$$libinit$$0000001F)
    __rt_lib_init_getenv_1                   0x08000253   Thumb Code     0  libinit2.o(.ARM.Collect$$libinit$$00000023)
    __rt_lib_init_lc_numeric_1               0x08000253   Thumb Code     0  libinit2.o(.ARM.Collect$$libinit$$00000017)
    __rt_lib_init_lc_time_1                  0x08000253   Thumb Code     0  libinit2.o(.ARM.Collect$$libinit$$00000019)
    __rt_lib_init_return                     0x08000253   Thumb Code     0  libinit2.o(.ARM.Collect$$libinit$$00000033)
    __rt_lib_init_signal_1                   0x08000253   Thumb Code     0  libinit2.o(.ARM.Collect$$libinit$$0000001D)
    __rt_lib_init_stdio_1                    0x08000253   Thumb Code     0  libinit2.o(.ARM.Collect$$libinit$$00000025)
    __rt_lib_shutdown                        0x08000255   Thumb Code     0  libshutdown.o(.ARM.Collect$$libshutdown$$00000000)
    __rt_lib_shutdown_fp_trap_1              0x08000257   Thumb Code     0  libshutdown2.o(.ARM.Collect$$libshutdown$$00000006)
    __rt_lib_shutdown_heap_1                 0x08000257   Thumb Code     0  libshutdown2.o(.ARM.Collect$$libshutdown$$0000000E)
    __rt_lib_shutdown_return                 0x08000257   Thumb Code     0  libshutdown2.o(.ARM.Collect$$libshutdown$$0000000F)
    __rt_lib_shutdown_signal_1               0x08000257   Thumb Code     0  libshutdown2.o(.ARM.Collect$$libshutdown$$00000009)
    __rt_lib_shutdown_stdio_1                0x08000257   Thumb Code     0  libshutdown2.o(.ARM.Collect$$libshutdown$$00000003)
    __rt_lib_shutdown_user_alloc_1           0x08000257   Thumb Code     0  libshutdown2.o(.ARM.Collect$$libshutdown$$0000000B)
    __rt_entry                               0x08000259   Thumb Code     0  __rtentry.o(.ARM.Collect$$rtentry$$00000000)
    __rt_entry_presh_1                       0x08000259   Thumb Code     0  __rtentry2.o(.ARM.Collect$$rtentry$$00000002)
    __rt_entry_sh                            0x08000259   Thumb Code     0  __rtentry4.o(.ARM.Collect$$rtentry$$00000004)
    __rt_entry_li                            0x0800025f   Thumb Code     0  __rtentry2.o(.ARM.Collect$$rtentry$$0000000A)
    __rt_entry_postsh_1                      0x0800025f   Thumb Code     0  __rtentry2.o(.ARM.Collect$$rtentry$$00000009)
    __rt_entry_main                          0x08000263   Thumb Code     0  __rtentry2.o(.ARM.Collect$$rtentry$$0000000D)
    __rt_entry_postli_1                      0x08000263   Thumb Code     0  __rtentry2.o(.ARM.Collect$$rtentry$$0000000C)
    __rt_exit                                0x0800026b   Thumb Code     0  rtexit.o(.ARM.Collect$$rtexit$$00000000)
    __rt_exit_ls                             0x0800026d   Thumb Code     0  rtexit2.o(.ARM.Collect$$rtexit$$00000003)
    __rt_exit_prels_1                        0x0800026d   Thumb Code     0  rtexit2.o(.ARM.Collect$$rtexit$$00000002)
    __rt_exit_exit                           0x08000271   Thumb Code     0  rtexit2.o(.ARM.Collect$$rtexit$$00000004)
    map                                      0x08000279   Thumb Code    22  main.o(.text)
    main                                     0x0800028f   Thumb Code   648  main.o(.text)
    NMI_Handler                              0x0800065d   Thumb Code     2  stm32f10x_it.o(.text)
    HardFault_Handler                        0x0800065f   Thumb Code     4  stm32f10x_it.o(.text)
    MemManage_Handler                        0x08000663   Thumb Code     4  stm32f10x_it.o(.text)
    BusFault_Handler                         0x08000667   Thumb Code     4  stm32f10x_it.o(.text)
    UsageFault_Handler                       0x0800066b   Thumb Code     4  stm32f10x_it.o(.text)
    SVC_Handler                              0x0800066f   Thumb Code     2  stm32f10x_it.o(.text)
    DebugMon_Handler                         0x08000671   Thumb Code     2  stm32f10x_it.o(.text)
    PendSV_Handler                           0x08000673   Thumb Code     2  stm32f10x_it.o(.text)
    SysTick_Handler                          0x08000675   Thumb Code     2  stm32f10x_it.o(.text)
    SystemInit                               0x08000757   Thumb Code    78  system_stm32f10x.o(.text)
    SystemCoreClockUpdate                    0x080007a5   Thumb Code   142  system_stm32f10x.o(.text)
    LED_Init                                 0x08000859   Thumb Code    68  led.o(.text)
    KEY_Init                                 0x080008a5   Thumb Code    52  key.o(.text)
    KEY_Scan                                 0x080008d9   Thumb Code   188  key.o(.text)
    TIM7_SetARR                              0x080009a1   Thumb Code    36  timer.o(.text)
    TIM7_IRQHandler                          0x080009c5   Thumb Code    42  timer.o(.text)
    TIM7_Int_Init                            0x080009ef   Thumb Code    90  timer.o(.text)
    USART3_IRQHandler                        0x08000a51   Thumb Code    94  usart3.o(.text)
    usart3_init                              0x08000aaf   Thumb Code   178  usart3.o(.text)
    u3_printf                                0x08000b61   Thumb Code    72  usart3.o(.text)
    imu901_unpack                            0x08000bc5   Thumb Code   250  imu901.o(.text)
    atkpParsing                              0x08000cbf   Thumb Code   930  imu901.o(.text)
    atkpWriteReg                             0x08001061   Thumb Code   162  imu901.o(.text)
    atkpReadReg                              0x0800115d   Thumb Code   136  imu901.o(.text)
    imu901_init                              0x080011e5   Thumb Code    98  imu901.o(.text)
    ringbuffer_init                          0x0800125d   Thumb Code    12  ringbuffer.o(.text)
    ringbuffer_getUsedSize                   0x08001269   Thumb Code    34  ringbuffer.o(.text)
    ringbuffer_getRemainSize                 0x0800128b   Thumb Code    20  ringbuffer.o(.text)
    ringbuffer_isEmpty                       0x0800129f   Thumb Code    18  ringbuffer.o(.text)
    ringbuffer_in                            0x080012b1   Thumb Code    40  ringbuffer.o(.text)
    ringbuffer_in_check                      0x080012d9   Thumb Code    38  ringbuffer.o(.text)
    ringbuffer_out                           0x080012ff   Thumb Code    60  ringbuffer.o(.text)
    usart2_init                              0x0800133d   Thumb Code   178  usart2.o(.text)
    usart2_sendData                          0x080013ef   Thumb Code    28  usart2.o(.text)
    usart2_getRxData                         0x0800140b   Thumb Code    18  usart2.o(.text)
    USART2_IRQHandler                        0x0800141d   Thumb Code    38  usart2.o(.text)
    delay_init                               0x08001455   Thumb Code    50  delay.o(.text)
    delay_us                                 0x08001487   Thumb Code    72  delay.o(.text)
    delay_ms                                 0x080014cf   Thumb Code    72  delay.o(.text)
    _sys_exit                                0x08001529   Thumb Code     4  usart.o(.text)
    fputc                                    0x0800152d   Thumb Code    24  usart.o(.text)
    uart_init                                0x08001545   Thumb Code   152  usart.o(.text)
    USART1_IRQHandler                        0x080015dd   Thumb Code   122  usart.o(.text)
    Reset_Handler                            0x08001669   Thumb Code     8  startup_stm32f10x_hd.o(.text)
    ADC1_2_IRQHandler                        0x08001683   Thumb Code     0  startup_stm32f10x_hd.o(.text)
    ADC3_IRQHandler                          0x08001683   Thumb Code     0  startup_stm32f10x_hd.o(.text)
    CAN1_RX1_IRQHandler                      0x08001683   Thumb Code     0  startup_stm32f10x_hd.o(.text)
    CAN1_SCE_IRQHandler                      0x08001683   Thumb Code     0  startup_stm32f10x_hd.o(.text)
    DMA1_Channel1_IRQHandler                 0x08001683   Thumb Code     0  startup_stm32f10x_hd.o(.text)
    DMA1_Channel2_IRQHandler                 0x08001683   Thumb Code     0  startup_stm32f10x_hd.o(.text)
    DMA1_Channel3_IRQHandler                 0x08001683   Thumb Code     0  startup_stm32f10x_hd.o(.text)
    DMA1_Channel4_IRQHandler                 0x08001683   Thumb Code     0  startup_stm32f10x_hd.o(.text)
    DMA1_Channel5_IRQHandler                 0x08001683   Thumb Code     0  startup_stm32f10x_hd.o(.text)
    DMA1_Channel6_IRQHandler                 0x08001683   Thumb Code     0  startup_stm32f10x_hd.o(.text)
    DMA1_Channel7_IRQHandler                 0x08001683   Thumb Code     0  startup_stm32f10x_hd.o(.text)
    DMA2_Channel1_IRQHandler                 0x08001683   Thumb Code     0  startup_stm32f10x_hd.o(.text)
    DMA2_Channel2_IRQHandler                 0x08001683   Thumb Code     0  startup_stm32f10x_hd.o(.text)
    DMA2_Channel3_IRQHandler                 0x08001683   Thumb Code     0  startup_stm32f10x_hd.o(.text)
    DMA2_Channel4_5_IRQHandler               0x08001683   Thumb Code     0  startup_stm32f10x_hd.o(.text)
    EXTI0_IRQHandler                         0x08001683   Thumb Code     0  startup_stm32f10x_hd.o(.text)
    EXTI15_10_IRQHandler                     0x08001683   Thumb Code     0  startup_stm32f10x_hd.o(.text)
    EXTI1_IRQHandler                         0x08001683   Thumb Code     0  startup_stm32f10x_hd.o(.text)
    EXTI2_IRQHandler                         0x08001683   Thumb Code     0  startup_stm32f10x_hd.o(.text)
    EXTI3_IRQHandler                         0x08001683   Thumb Code     0  startup_stm32f10x_hd.o(.text)
    EXTI4_IRQHandler                         0x08001683   Thumb Code     0  startup_stm32f10x_hd.o(.text)
    EXTI9_5_IRQHandler                       0x08001683   Thumb Code     0  startup_stm32f10x_hd.o(.text)
    FLASH_IRQHandler                         0x08001683   Thumb Code     0  startup_stm32f10x_hd.o(.text)
    FSMC_IRQHandler                          0x08001683   Thumb Code     0  startup_stm32f10x_hd.o(.text)
    I2C1_ER_IRQHandler                       0x08001683   Thumb Code     0  startup_stm32f10x_hd.o(.text)
    I2C1_EV_IRQHandler                       0x08001683   Thumb Code     0  startup_stm32f10x_hd.o(.text)
    I2C2_ER_IRQHandler                       0x08001683   Thumb Code     0  startup_stm32f10x_hd.o(.text)
    I2C2_EV_IRQHandler                       0x08001683   Thumb Code     0  startup_stm32f10x_hd.o(.text)
    PVD_IRQHandler                           0x08001683   Thumb Code     0  startup_stm32f10x_hd.o(.text)
    RCC_IRQHandler                           0x08001683   Thumb Code     0  startup_stm32f10x_hd.o(.text)
    RTCAlarm_IRQHandler                      0x08001683   Thumb Code     0  startup_stm32f10x_hd.o(.text)
    RTC_IRQHandler                           0x08001683   Thumb Code     0  startup_stm32f10x_hd.o(.text)
    SDIO_IRQHandler                          0x08001683   Thumb Code     0  startup_stm32f10x_hd.o(.text)
    SPI1_IRQHandler                          0x08001683   Thumb Code     0  startup_stm32f10x_hd.o(.text)
    SPI2_IRQHandler                          0x08001683   Thumb Code     0  startup_stm32f10x_hd.o(.text)
    SPI3_IRQHandler                          0x08001683   Thumb Code     0  startup_stm32f10x_hd.o(.text)
    TAMPER_IRQHandler                        0x08001683   Thumb Code     0  startup_stm32f10x_hd.o(.text)
    TIM1_BRK_IRQHandler                      0x08001683   Thumb Code     0  startup_stm32f10x_hd.o(.text)
    TIM1_CC_IRQHandler                       0x08001683   Thumb Code     0  startup_stm32f10x_hd.o(.text)
    TIM1_TRG_COM_IRQHandler                  0x08001683   Thumb Code     0  startup_stm32f10x_hd.o(.text)
    TIM1_UP_IRQHandler                       0x08001683   Thumb Code     0  startup_stm32f10x_hd.o(.text)
    TIM2_IRQHandler                          0x08001683   Thumb Code     0  startup_stm32f10x_hd.o(.text)
    TIM3_IRQHandler                          0x08001683   Thumb Code     0  startup_stm32f10x_hd.o(.text)
    TIM4_IRQHandler                          0x08001683   Thumb Code     0  startup_stm32f10x_hd.o(.text)
    TIM5_IRQHandler                          0x08001683   Thumb Code     0  startup_stm32f10x_hd.o(.text)
    TIM6_IRQHandler                          0x08001683   Thumb Code     0  startup_stm32f10x_hd.o(.text)
    TIM8_BRK_IRQHandler                      0x08001683   Thumb Code     0  startup_stm32f10x_hd.o(.text)
    TIM8_CC_IRQHandler                       0x08001683   Thumb Code     0  startup_stm32f10x_hd.o(.text)
    TIM8_TRG_COM_IRQHandler                  0x08001683   Thumb Code     0  startup_stm32f10x_hd.o(.text)
    TIM8_UP_IRQHandler                       0x08001683   Thumb Code     0  startup_stm32f10x_hd.o(.text)
    UART4_IRQHandler                         0x08001683   Thumb Code     0  startup_stm32f10x_hd.o(.text)
    UART5_IRQHandler                         0x08001683   Thumb Code     0  startup_stm32f10x_hd.o(.text)
    USBWakeUp_IRQHandler                     0x08001683   Thumb Code     0  startup_stm32f10x_hd.o(.text)
    USB_HP_CAN1_TX_IRQHandler                0x08001683   Thumb Code     0  startup_stm32f10x_hd.o(.text)
    USB_LP_CAN1_RX0_IRQHandler               0x08001683   Thumb Code     0  startup_stm32f10x_hd.o(.text)
    WWDG_IRQHandler                          0x08001683   Thumb Code     0  startup_stm32f10x_hd.o(.text)
    __user_initial_stackheap                 0x08001685   Thumb Code     0  startup_stm32f10x_hd.o(.text)
    NVIC_PriorityGroupConfig                 0x080016a9   Thumb Code    10  misc.o(.text)
    NVIC_Init                                0x080016b3   Thumb Code   100  misc.o(.text)
    NVIC_SetVectorTable                      0x08001717   Thumb Code    14  misc.o(.text)
    NVIC_SystemLPConfig                      0x08001725   Thumb Code    34  misc.o(.text)
    SysTick_CLKSourceConfig                  0x08001747   Thumb Code    40  misc.o(.text)
    GPIO_DeInit                              0x08001785   Thumb Code   172  stm32f10x_gpio.o(.text)
    GPIO_AFIODeInit                          0x08001831   Thumb Code    20  stm32f10x_gpio.o(.text)
    GPIO_Init                                0x08001845   Thumb Code   278  stm32f10x_gpio.o(.text)
    GPIO_StructInit                          0x0800195b   Thumb Code    16  stm32f10x_gpio.o(.text)
    GPIO_ReadInputDataBit                    0x0800196b   Thumb Code    18  stm32f10x_gpio.o(.text)
    GPIO_ReadInputData                       0x0800197d   Thumb Code     8  stm32f10x_gpio.o(.text)
    GPIO_ReadOutputDataBit                   0x08001985   Thumb Code    18  stm32f10x_gpio.o(.text)
    GPIO_ReadOutputData                      0x08001997   Thumb Code     8  stm32f10x_gpio.o(.text)
    GPIO_SetBits                             0x0800199f   Thumb Code     4  stm32f10x_gpio.o(.text)
    GPIO_ResetBits                           0x080019a3   Thumb Code     4  stm32f10x_gpio.o(.text)
    GPIO_WriteBit                            0x080019a7   Thumb Code    10  stm32f10x_gpio.o(.text)
    GPIO_Write                               0x080019b1   Thumb Code     4  stm32f10x_gpio.o(.text)
    GPIO_PinLockConfig                       0x080019b5   Thumb Code    18  stm32f10x_gpio.o(.text)
    GPIO_EventOutputConfig                   0x080019c7   Thumb Code    26  stm32f10x_gpio.o(.text)
    GPIO_EventOutputCmd                      0x080019e1   Thumb Code     6  stm32f10x_gpio.o(.text)
    GPIO_PinRemapConfig                      0x080019e7   Thumb Code   138  stm32f10x_gpio.o(.text)
    GPIO_EXTILineConfig                      0x08001a71   Thumb Code    66  stm32f10x_gpio.o(.text)
    GPIO_ETH_MediaInterfaceConfig            0x08001ab3   Thumb Code     8  stm32f10x_gpio.o(.text)
    RCC_DeInit                               0x08001ae1   Thumb Code    64  stm32f10x_rcc.o(.text)
    RCC_HSEConfig                            0x08001b21   Thumb Code    70  stm32f10x_rcc.o(.text)
    RCC_GetFlagStatus                        0x08001b67   Thumb Code    56  stm32f10x_rcc.o(.text)
    RCC_WaitForHSEStartUp                    0x08001b9f   Thumb Code    56  stm32f10x_rcc.o(.text)
    RCC_AdjustHSICalibrationValue            0x08001bd7   Thumb Code    20  stm32f10x_rcc.o(.text)
    RCC_HSICmd                               0x08001beb   Thumb Code     6  stm32f10x_rcc.o(.text)
    RCC_PLLConfig                            0x08001bf1   Thumb Code    24  stm32f10x_rcc.o(.text)
    RCC_PLLCmd                               0x08001c09   Thumb Code     6  stm32f10x_rcc.o(.text)
    RCC_SYSCLKConfig                         0x08001c0f   Thumb Code    18  stm32f10x_rcc.o(.text)
    RCC_GetSYSCLKSource                      0x08001c21   Thumb Code    10  stm32f10x_rcc.o(.text)
    RCC_HCLKConfig                           0x08001c2b   Thumb Code    18  stm32f10x_rcc.o(.text)
    RCC_PCLK1Config                          0x08001c3d   Thumb Code    18  stm32f10x_rcc.o(.text)
    RCC_PCLK2Config                          0x08001c4f   Thumb Code    20  stm32f10x_rcc.o(.text)
    RCC_ITConfig                             0x08001c63   Thumb Code    26  stm32f10x_rcc.o(.text)
    RCC_USBCLKConfig                         0x08001c7d   Thumb Code     8  stm32f10x_rcc.o(.text)
    RCC_ADCCLKConfig                         0x08001c85   Thumb Code    18  stm32f10x_rcc.o(.text)
    RCC_LSEConfig                            0x08001c97   Thumb Code    50  stm32f10x_rcc.o(.text)
    RCC_LSICmd                               0x08001cc9   Thumb Code     6  stm32f10x_rcc.o(.text)
    RCC_RTCCLKConfig                         0x08001ccf   Thumb Code    12  stm32f10x_rcc.o(.text)
    RCC_RTCCLKCmd                            0x08001cdb   Thumb Code     8  stm32f10x_rcc.o(.text)
    RCC_GetClocksFreq                        0x08001ce3   Thumb Code   192  stm32f10x_rcc.o(.text)
    RCC_AHBPeriphClockCmd                    0x08001da3   Thumb Code    26  stm32f10x_rcc.o(.text)
    RCC_APB2PeriphClockCmd                   0x08001dbd   Thumb Code    26  stm32f10x_rcc.o(.text)
    RCC_APB1PeriphClockCmd                   0x08001dd7   Thumb Code    26  stm32f10x_rcc.o(.text)
    RCC_APB2PeriphResetCmd                   0x08001df1   Thumb Code    26  stm32f10x_rcc.o(.text)
    RCC_APB1PeriphResetCmd                   0x08001e0b   Thumb Code    26  stm32f10x_rcc.o(.text)
    RCC_BackupResetCmd                       0x08001e25   Thumb Code     8  stm32f10x_rcc.o(.text)
    RCC_ClockSecuritySystemCmd               0x08001e2d   Thumb Code     6  stm32f10x_rcc.o(.text)
    RCC_MCOConfig                            0x08001e33   Thumb Code     6  stm32f10x_rcc.o(.text)
    RCC_ClearFlag                            0x08001e39   Thumb Code    14  stm32f10x_rcc.o(.text)
    RCC_GetITStatus                          0x08001e47   Thumb Code    20  stm32f10x_rcc.o(.text)
    RCC_ClearITPendingBit                    0x08001e5b   Thumb Code     6  stm32f10x_rcc.o(.text)
    USART_DeInit                             0x08001e85   Thumb Code   134  stm32f10x_usart.o(.text)
    USART_Init                               0x08001f0b   Thumb Code   210  stm32f10x_usart.o(.text)
    USART_StructInit                         0x08001fdd   Thumb Code    24  stm32f10x_usart.o(.text)
    USART_ClockInit                          0x08001ff5   Thumb Code    34  stm32f10x_usart.o(.text)
    USART_ClockStructInit                    0x08002017   Thumb Code    12  stm32f10x_usart.o(.text)
    USART_Cmd                                0x08002023   Thumb Code    24  stm32f10x_usart.o(.text)
    USART_ITConfig                           0x0800203b   Thumb Code    74  stm32f10x_usart.o(.text)
    USART_DMACmd                             0x08002085   Thumb Code    18  stm32f10x_usart.o(.text)
    USART_SetAddress                         0x08002097   Thumb Code    18  stm32f10x_usart.o(.text)
    USART_WakeUpConfig                       0x080020a9   Thumb Code    18  stm32f10x_usart.o(.text)
    USART_ReceiverWakeUpCmd                  0x080020bb   Thumb Code    24  stm32f10x_usart.o(.text)
    USART_LINBreakDetectLengthConfig         0x080020d3   Thumb Code    18  stm32f10x_usart.o(.text)
    USART_LINCmd                             0x080020e5   Thumb Code    24  stm32f10x_usart.o(.text)
    USART_SendData                           0x080020fd   Thumb Code     8  stm32f10x_usart.o(.text)
    USART_ReceiveData                        0x08002105   Thumb Code    10  stm32f10x_usart.o(.text)
    USART_SendBreak                          0x0800210f   Thumb Code    10  stm32f10x_usart.o(.text)
    USART_SetGuardTime                       0x08002119   Thumb Code    16  stm32f10x_usart.o(.text)
    USART_SetPrescaler                       0x08002129   Thumb Code    16  stm32f10x_usart.o(.text)
    USART_SmartCardCmd                       0x08002139   Thumb Code    24  stm32f10x_usart.o(.text)
    USART_SmartCardNACKCmd                   0x08002151   Thumb Code    24  stm32f10x_usart.o(.text)
    USART_HalfDuplexCmd                      0x08002169   Thumb Code    24  stm32f10x_usart.o(.text)
    USART_OverSampling8Cmd                   0x08002181   Thumb Code    22  stm32f10x_usart.o(.text)
    USART_OneBitMethodCmd                    0x08002197   Thumb Code    24  stm32f10x_usart.o(.text)
    USART_IrDAConfig                         0x080021af   Thumb Code    18  stm32f10x_usart.o(.text)
    USART_IrDACmd                            0x080021c1   Thumb Code    24  stm32f10x_usart.o(.text)
    USART_GetFlagStatus                      0x080021d9   Thumb Code    26  stm32f10x_usart.o(.text)
    USART_ClearFlag                          0x080021f3   Thumb Code    18  stm32f10x_usart.o(.text)
    USART_GetITStatus                        0x08002205   Thumb Code    84  stm32f10x_usart.o(.text)
    USART_ClearITPendingBit                  0x08002259   Thumb Code    52  stm32f10x_usart.o(.text)
    TIM_DeInit                               0x0800228d   Thumb Code   424  stm32f10x_tim.o(.text)
    TIM_TimeBaseInit                         0x08002435   Thumb Code   122  stm32f10x_tim.o(.text)
    TIM_OC1Init                              0x080024af   Thumb Code   132  stm32f10x_tim.o(.text)
    TIM_OC2Init                              0x08002533   Thumb Code   154  stm32f10x_tim.o(.text)
    TIM_OC3Init                              0x080025cd   Thumb Code   150  stm32f10x_tim.o(.text)
    TIM_OC4Init                              0x08002663   Thumb Code   182  stm32f10x_tim.o(.text)
    TIM_SetIC4Prescaler                      0x08002719   Thumb Code    26  stm32f10x_tim.o(.text)
    TIM_SetIC3Prescaler                      0x080027b5   Thumb Code    18  stm32f10x_tim.o(.text)
    TIM_SetIC2Prescaler                      0x08002841   Thumb Code    26  stm32f10x_tim.o(.text)
    TIM_SetIC1Prescaler                      0x080028dd   Thumb Code    18  stm32f10x_tim.o(.text)
    TIM_ICInit                               0x0800295b   Thumb Code   150  stm32f10x_tim.o(.text)
    TIM_PWMIConfig                           0x080029f1   Thumb Code   124  stm32f10x_tim.o(.text)
    TIM_BDTRConfig                           0x08002a6d   Thumb Code    32  stm32f10x_tim.o(.text)
    TIM_TimeBaseStructInit                   0x08002a8d   Thumb Code    18  stm32f10x_tim.o(.text)
    TIM_OCStructInit                         0x08002a9f   Thumb Code    20  stm32f10x_tim.o(.text)
    TIM_ICStructInit                         0x08002ab3   Thumb Code    18  stm32f10x_tim.o(.text)
    TIM_BDTRStructInit                       0x08002ac5   Thumb Code    40  stm32f10x_tim.o(.text)
    TIM_Cmd                                  0x08002aed   Thumb Code    24  stm32f10x_tim.o(.text)
    TIM_CtrlPWMOutputs                       0x08002b05   Thumb Code    30  stm32f10x_tim.o(.text)
    TIM_ITConfig                             0x08002b23   Thumb Code    18  stm32f10x_tim.o(.text)
    TIM_GenerateEvent                        0x08002b35   Thumb Code     4  stm32f10x_tim.o(.text)
    TIM_DMAConfig                            0x08002b39   Thumb Code    10  stm32f10x_tim.o(.text)
    TIM_DMACmd                               0x08002b43   Thumb Code    18  stm32f10x_tim.o(.text)
    TIM_InternalClockConfig                  0x08002b55   Thumb Code    12  stm32f10x_tim.o(.text)
    TIM_SelectInputTrigger                   0x08002b61   Thumb Code    18  stm32f10x_tim.o(.text)
    TIM_ITRxExternalClockConfig              0x08002b73   Thumb Code    24  stm32f10x_tim.o(.text)
    TIM_TIxExternalClockConfig               0x08002b8b   Thumb Code    62  stm32f10x_tim.o(.text)
    TIM_ETRConfig                            0x08002bc9   Thumb Code    28  stm32f10x_tim.o(.text)
    TIM_ETRClockMode1Config                  0x08002be5   Thumb Code    54  stm32f10x_tim.o(.text)
    TIM_ETRClockMode2Config                  0x08002c1b   Thumb Code    32  stm32f10x_tim.o(.text)
    TIM_PrescalerConfig                      0x08002c3b   Thumb Code     6  stm32f10x_tim.o(.text)
    TIM_CounterModeConfig                    0x08002c41   Thumb Code    18  stm32f10x_tim.o(.text)
    TIM_EncoderInterfaceConfig               0x08002c53   Thumb Code    66  stm32f10x_tim.o(.text)
    TIM_ForcedOC1Config                      0x08002c95   Thumb Code    18  stm32f10x_tim.o(.text)
    TIM_ForcedOC2Config                      0x08002ca7   Thumb Code    26  stm32f10x_tim.o(.text)
    TIM_ForcedOC3Config                      0x08002cc1   Thumb Code    18  stm32f10x_tim.o(.text)
    TIM_ForcedOC4Config                      0x08002cd3   Thumb Code    26  stm32f10x_tim.o(.text)
    TIM_ARRPreloadConfig                     0x08002ced   Thumb Code    24  stm32f10x_tim.o(.text)
    TIM_SelectCOM                            0x08002d05   Thumb Code    24  stm32f10x_tim.o(.text)
    TIM_SelectCCDMA                          0x08002d1d   Thumb Code    24  stm32f10x_tim.o(.text)
    TIM_CCPreloadControl                     0x08002d35   Thumb Code    24  stm32f10x_tim.o(.text)
    TIM_OC1PreloadConfig                     0x08002d4d   Thumb Code    18  stm32f10x_tim.o(.text)
    TIM_OC2PreloadConfig                     0x08002d5f   Thumb Code    26  stm32f10x_tim.o(.text)
    TIM_OC3PreloadConfig                     0x08002d79   Thumb Code    18  stm32f10x_tim.o(.text)
    TIM_OC4PreloadConfig                     0x08002d8b   Thumb Code    26  stm32f10x_tim.o(.text)
    TIM_OC1FastConfig                        0x08002da5   Thumb Code    18  stm32f10x_tim.o(.text)
    TIM_OC2FastConfig                        0x08002db7   Thumb Code    26  stm32f10x_tim.o(.text)
    TIM_OC3FastConfig                        0x08002dd1   Thumb Code    18  stm32f10x_tim.o(.text)
    TIM_OC4FastConfig                        0x08002de3   Thumb Code    26  stm32f10x_tim.o(.text)
    TIM_ClearOC1Ref                          0x08002dfd   Thumb Code    18  stm32f10x_tim.o(.text)
    TIM_ClearOC2Ref                          0x08002e0f   Thumb Code    24  stm32f10x_tim.o(.text)
    TIM_ClearOC3Ref                          0x08002e27   Thumb Code    18  stm32f10x_tim.o(.text)
    TIM_ClearOC4Ref                          0x08002e39   Thumb Code    24  stm32f10x_tim.o(.text)
    TIM_OC1PolarityConfig                    0x08002e51   Thumb Code    18  stm32f10x_tim.o(.text)
    TIM_OC1NPolarityConfig                   0x08002e63   Thumb Code    18  stm32f10x_tim.o(.text)
    TIM_OC2PolarityConfig                    0x08002e75   Thumb Code    26  stm32f10x_tim.o(.text)
    TIM_OC2NPolarityConfig                   0x08002e8f   Thumb Code    26  stm32f10x_tim.o(.text)
    TIM_OC3PolarityConfig                    0x08002ea9   Thumb Code    26  stm32f10x_tim.o(.text)
    TIM_OC3NPolarityConfig                   0x08002ec3   Thumb Code    26  stm32f10x_tim.o(.text)
    TIM_OC4PolarityConfig                    0x08002edd   Thumb Code    26  stm32f10x_tim.o(.text)
    TIM_CCxCmd                               0x08002ef7   Thumb Code    30  stm32f10x_tim.o(.text)
    TIM_CCxNCmd                              0x08002f15   Thumb Code    30  stm32f10x_tim.o(.text)
    TIM_SelectOCxM                           0x08002f33   Thumb Code    82  stm32f10x_tim.o(.text)
    TIM_UpdateDisableConfig                  0x08002f85   Thumb Code    24  stm32f10x_tim.o(.text)
    TIM_UpdateRequestConfig                  0x08002f9d   Thumb Code    24  stm32f10x_tim.o(.text)
    TIM_SelectHallSensor                     0x08002fb5   Thumb Code    24  stm32f10x_tim.o(.text)
    TIM_SelectOnePulseMode                   0x08002fcd   Thumb Code    18  stm32f10x_tim.o(.text)
    TIM_SelectOutputTrigger                  0x08002fdf   Thumb Code    18  stm32f10x_tim.o(.text)
    TIM_SelectSlaveMode                      0x08002ff1   Thumb Code    18  stm32f10x_tim.o(.text)
    TIM_SelectMasterSlaveMode                0x08003003   Thumb Code    18  stm32f10x_tim.o(.text)
    TIM_SetCounter                           0x08003015   Thumb Code     4  stm32f10x_tim.o(.text)
    TIM_SetAutoreload                        0x08003019   Thumb Code     4  stm32f10x_tim.o(.text)
    TIM_SetCompare1                          0x0800301d   Thumb Code     4  stm32f10x_tim.o(.text)
    TIM_SetCompare2                          0x08003021   Thumb Code     4  stm32f10x_tim.o(.text)
    TIM_SetCompare3                          0x08003025   Thumb Code     4  stm32f10x_tim.o(.text)
    TIM_SetCompare4                          0x08003029   Thumb Code     6  stm32f10x_tim.o(.text)
    TIM_SetClockDivision                     0x0800302f   Thumb Code    18  stm32f10x_tim.o(.text)
    TIM_GetCapture1                          0x08003041   Thumb Code     6  stm32f10x_tim.o(.text)
    TIM_GetCapture2                          0x08003047   Thumb Code     6  stm32f10x_tim.o(.text)
    TIM_GetCapture3                          0x0800304d   Thumb Code     6  stm32f10x_tim.o(.text)
    TIM_GetCapture4                          0x08003053   Thumb Code     8  stm32f10x_tim.o(.text)
    TIM_GetCounter                           0x0800305b   Thumb Code     6  stm32f10x_tim.o(.text)
    TIM_GetPrescaler                         0x08003061   Thumb Code     6  stm32f10x_tim.o(.text)
    TIM_GetFlagStatus                        0x08003067   Thumb Code    18  stm32f10x_tim.o(.text)
    TIM_ClearFlag                            0x08003079   Thumb Code     6  stm32f10x_tim.o(.text)
    TIM_GetITStatus                          0x0800307f   Thumb Code    34  stm32f10x_tim.o(.text)
    TIM_ClearITPendingBit                    0x080030a1   Thumb Code     6  stm32f10x_tim.o(.text)
    ADC_DeInit                               0x080030a9   Thumb Code    78  stm32f10x_adc.o(.text)
    ADC_Init                                 0x080030f7   Thumb Code    70  stm32f10x_adc.o(.text)
    ADC_StructInit                           0x0800313d   Thumb Code    18  stm32f10x_adc.o(.text)
    ADC_Cmd                                  0x0800314f   Thumb Code    22  stm32f10x_adc.o(.text)
    ADC_DMACmd                               0x08003165   Thumb Code    22  stm32f10x_adc.o(.text)
    ADC_ITConfig                             0x0800317b   Thumb Code    24  stm32f10x_adc.o(.text)
    ADC_ResetCalibration                     0x08003193   Thumb Code    10  stm32f10x_adc.o(.text)
    ADC_GetResetCalibrationStatus            0x0800319d   Thumb Code    20  stm32f10x_adc.o(.text)
    ADC_StartCalibration                     0x080031b1   Thumb Code    10  stm32f10x_adc.o(.text)
    ADC_GetCalibrationStatus                 0x080031bb   Thumb Code    20  stm32f10x_adc.o(.text)
    ADC_SoftwareStartConvCmd                 0x080031cf   Thumb Code    22  stm32f10x_adc.o(.text)
    ADC_GetSoftwareStartConvStatus           0x080031e5   Thumb Code    20  stm32f10x_adc.o(.text)
    ADC_DiscModeChannelCountConfig           0x080031f9   Thumb Code    24  stm32f10x_adc.o(.text)
    ADC_DiscModeCmd                          0x08003211   Thumb Code    22  stm32f10x_adc.o(.text)
    ADC_RegularChannelConfig                 0x08003227   Thumb Code   184  stm32f10x_adc.o(.text)
    ADC_ExternalTrigConvCmd                  0x080032df   Thumb Code    22  stm32f10x_adc.o(.text)
    ADC_GetConversionValue                   0x080032f5   Thumb Code     8  stm32f10x_adc.o(.text)
    ADC_GetDualModeConversionValue           0x080032fd   Thumb Code     8  stm32f10x_adc.o(.text)
    ADC_AutoInjectedConvCmd                  0x08003305   Thumb Code    22  stm32f10x_adc.o(.text)
    ADC_InjectedDiscModeCmd                  0x0800331b   Thumb Code    22  stm32f10x_adc.o(.text)
    ADC_ExternalTrigInjectedConvConfig       0x08003331   Thumb Code    16  stm32f10x_adc.o(.text)
    ADC_ExternalTrigInjectedConvCmd          0x08003341   Thumb Code    22  stm32f10x_adc.o(.text)
    ADC_SoftwareStartInjectedConvCmd         0x08003357   Thumb Code    22  stm32f10x_adc.o(.text)
    ADC_GetSoftwareStartInjectedConvCmdStatus 0x0800336d   Thumb Code    20  stm32f10x_adc.o(.text)
    ADC_InjectedChannelConfig                0x08003381   Thumb Code   130  stm32f10x_adc.o(.text)
    ADC_InjectedSequencerLengthConfig        0x08003403   Thumb Code    24  stm32f10x_adc.o(.text)
    ADC_SetInjectedOffset                    0x0800341b   Thumb Code    20  stm32f10x_adc.o(.text)
    ADC_GetInjectedConversionValue           0x0800342f   Thumb Code    28  stm32f10x_adc.o(.text)
    ADC_AnalogWatchdogCmd                    0x0800344b   Thumb Code    16  stm32f10x_adc.o(.text)
    ADC_AnalogWatchdogThresholdsConfig       0x0800345b   Thumb Code     6  stm32f10x_adc.o(.text)
    ADC_AnalogWatchdogSingleChannelConfig    0x08003461   Thumb Code    16  stm32f10x_adc.o(.text)
    ADC_TempSensorVrefintCmd                 0x08003471   Thumb Code    64  stm32f10x_adc.o(.text)
    ADC_GetFlagStatus                        0x080034b1   Thumb Code    18  stm32f10x_adc.o(.text)
    ADC_ClearFlag                            0x080034c3   Thumb Code     6  stm32f10x_adc.o(.text)
    ADC_GetITStatus                          0x080034c9   Thumb Code    36  stm32f10x_adc.o(.text)
    ADC_ClearITPendingBit                    0x080034ed   Thumb Code    10  stm32f10x_adc.o(.text)
    ble_check_cmd                            0x080034f9   Thumb Code    44  ble_uart.o(.text)
    ble_send_cmd                             0x08003525   Thumb Code   116  ble_uart.o(.text)
    Ble_IoInit                               0x080035ad   Thumb Code   102  ble_app.o(.text)
    Ble_SetInit                              0x08003613   Thumb Code   440  ble_app.o(.text)
    Ble_UartWakeUp                           0x080037cb   Thumb Code    16  ble_app.o(.text)
    Ble_WkupWakeUp                           0x080037db   Thumb Code    34  ble_app.o(.text)
    Ble_SendData                             0x080037fd   Thumb Code    52  ble_app.o(.text)
    Ble_ReceData                             0x08003831   Thumb Code   136  ble_app.o(.text)
    Ble_Process                              0x080038b9   Thumb Code    88  ble_app.o(.text)
    Ble_Test                                 0x08003911   Thumb Code    18  ble_app.o(.text)
    Adc_Init                                 0x08003be9   Thumb Code   132  adc.o(.text)
    Get_Adc                                  0x08003c6d   Thumb Code    46  adc.o(.text)
    Get_Adc_Average                          0x08003c9b   Thumb Code    46  adc.o(.text)
    __use_no_semihosting                     0x08003cd1   Thumb Code     2  use_no_semi_2.o(.text)
    vsprintf                                 0x08003cd5   Thumb Code    32  vsprintf.o(.text)
    __2printf                                0x08003cf9   Thumb Code    20  __2printf.o(.text)
    __2sprintf                               0x08003d11   Thumb Code    38  __2sprintf.o(.text)
    _printf_pre_padding                      0x08003d3d   Thumb Code    44  _printf_pad.o(.text)
    _printf_post_padding                     0x08003d69   Thumb Code    34  _printf_pad.o(.text)
    _printf_str                              0x08003d8b   Thumb Code    82  _printf_str.o(.text)
    _printf_int_dec                          0x08003ddd   Thumb Code   104  _printf_dec.o(.text)
    __printf                                 0x08003e55   Thumb Code   388  __printf_flags_ss_wp.o(.text)
    strstr                                   0x08003fdd   Thumb Code    36  strstr.o(.text)
    strlen                                   0x08004001   Thumb Code    62  strlen.o(.text)
    __aeabi_memclr                           0x0800403f   Thumb Code     0  rt_memclr.o(.text)
    __rt_memclr                              0x0800403f   Thumb Code    68  rt_memclr.o(.text)
    _memset                                  0x08004043   Thumb Code     0  rt_memclr.o(.text)
    __use_two_region_memory                  0x08004083   Thumb Code     2  heapauxi.o(.text)
    __rt_heap_escrow$2region                 0x08004085   Thumb Code     2  heapauxi.o(.text)
    __rt_heap_expand$2region                 0x08004087   Thumb Code     2  heapauxi.o(.text)
    __I$use$semihosting                      0x08004089   Thumb Code     0  use_no_semi.o(.text)
    __use_no_semihosting_swi                 0x08004089   Thumb Code     2  use_no_semi.o(.text)
    _printf_truncate_signed                  0x0800408b   Thumb Code    18  _printf_truncate.o(.text)
    _printf_truncate_unsigned                0x0800409d   Thumb Code    18  _printf_truncate.o(.text)
    _printf_int_common                       0x080040af   Thumb Code   178  _printf_intcommon.o(.text)
    _printf_charcount                        0x08004161   Thumb Code    40  _printf_charcount.o(.text)
    __lib_sel_fp_printf                      0x08004189   Thumb Code     2  _printf_fp_dec.o(.text)
    _printf_fp_dec_real                      0x08004337   Thumb Code   620  _printf_fp_dec.o(.text)
    _printf_char_common                      0x080045af   Thumb Code    32  _printf_char_common.o(.text)
    _sputc                                   0x080045d5   Thumb Code    10  _sputc.o(.text)
    _printf_cs_common                        0x080045df   Thumb Code    20  _printf_char.o(.text)
    _printf_char                             0x080045f3   Thumb Code    16  _printf_char.o(.text)
    _printf_string                           0x08004603   Thumb Code     8  _printf_char.o(.text)
    _printf_char_file                        0x0800460d   Thumb Code    32  _printf_char_file.o(.text)
    _printf_wctomb                           0x08004631   Thumb Code   182  _printf_wctomb.o(.text)
    _printf_longlong_dec                     0x080046ed   Thumb Code   108  _printf_longlong_dec.o(.text)
    _printf_longlong_oct                     0x08004769   Thumb Code    68  _printf_oct_int_ll.o(.text)
    _printf_int_oct                          0x080047ad   Thumb Code    24  _printf_oct_int_ll.o(.text)
    _printf_ll_oct                           0x080047c5   Thumb Code    12  _printf_oct_int_ll.o(.text)
    _printf_longlong_hex                     0x080047d9   Thumb Code    86  _printf_hex_int_ll_ptr.o(.text)
    _printf_int_hex                          0x0800482f   Thumb Code    28  _printf_hex_int_ll_ptr.o(.text)
    _printf_ll_hex                           0x0800484b   Thumb Code    12  _printf_hex_int_ll_ptr.o(.text)
    _printf_hex_ptr                          0x08004857   Thumb Code    18  _printf_hex_int_ll_ptr.o(.text)
    __aeabi_memclr4                          0x0800486d   Thumb Code     0  rt_memclr_w.o(.text)
    __aeabi_memclr8                          0x0800486d   Thumb Code     0  rt_memclr_w.o(.text)
    __rt_memclr_w                            0x0800486d   Thumb Code    78  rt_memclr_w.o(.text)
    _memset_w                                0x08004871   Thumb Code     0  rt_memclr_w.o(.text)
    __rt_locale                              0x080048bd   Thumb Code     8  rt_locale_intlibspace.o(.text)
    _ll_udiv10                               0x080048c5   Thumb Code   138  lludiv10.o(.text)
    _printf_fp_hex_real                      0x08004951   Thumb Code   754  _printf_fp_hex.o(.text)
    _printf_fp_infnan                        0x08004c4d   Thumb Code   112  _printf_fp_infnan.o(.text)
    _printf_lcs_common                       0x08004ccd   Thumb Code    20  _printf_wchar.o(.text)
    _printf_wchar                            0x08004ce1   Thumb Code    16  _printf_wchar.o(.text)
    _printf_wstring                          0x08004cf1   Thumb Code     8  _printf_wchar.o(.text)
    _btod_etento                             0x08004cf9   Thumb Code   216  bigflt0.o(.text)
    ferror                                   0x08004dd5   Thumb Code     8  ferror.o(.text)
    _wcrtomb                                 0x08004ddd   Thumb Code    64  _wcrtomb.o(.text)
    __user_libspace                          0x08004e1d   Thumb Code     8  libspace.o(.text)
    __user_perproc_libspace                  0x08004e1d   Thumb Code     0  libspace.o(.text)
    __user_perthread_libspace                0x08004e1d   Thumb Code     0  libspace.o(.text)
    __user_setup_stackheap                   0x08004e25   Thumb Code    74  sys_stackheap_outer.o(.text)
    __rt_ctype_table                         0x08004e71   Thumb Code    16  rt_ctype_table.o(.text)
    exit                                     0x08004e81   Thumb Code    12  exit.o(.text)
    strcmp                                   0x08004e8d   Thumb Code   128  strcmpv7m.o(.text)
    _btod_d2e                                0x08004f0d   Thumb Code    62  btod.o(CL$$btod_d2e)
    _d2e_denorm_low                          0x08004f4b   Thumb Code    70  btod.o(CL$$btod_d2e_denorm_low)
    _d2e_norm_op1                            0x08004f91   Thumb Code    96  btod.o(CL$$btod_d2e_norm_op1)
    __btod_div_common                        0x08004ff1   Thumb Code   696  btod.o(CL$$btod_div_common)
    _e2e                                     0x08005329   Thumb Code   198  btod.o(CL$$btod_e2e)
    _btod_ediv                               0x080053ef   Thumb Code    40  btod.o(CL$$btod_ediv)
    _btod_emul                               0x08005417   Thumb Code    40  btod.o(CL$$btod_emul)
    __btod_mult_common                       0x0800543f   Thumb Code   580  btod.o(CL$$btod_mult_common)
    __ARM_fpclassify                         0x08005683   Thumb Code    40  fpclassify.o(i.__ARM_fpclassify)
    _is_digit                                0x080056ab   Thumb Code    14  __printf_wp.o(i._is_digit)
    _get_lc_numeric                          0x080056b9   Thumb Code    44  lc_numeric_c.o(locale$$code)
    _get_lc_ctype                            0x080056e5   Thumb Code    44  lc_ctype_c.o(locale$$code)
    __fpl_dretinf                            0x08005711   Thumb Code    12  dretinf.o(x$fpl$dretinf)
    __aeabi_f2d                              0x0800571d   Thumb Code     0  f2d.o(x$fpl$f2d)
    _f2d                                     0x0800571d   Thumb Code    86  f2d.o(x$fpl$f2d)
    __aeabi_fdiv                             0x08005775   Thumb Code     0  fdiv.o(x$fpl$fdiv)
    _fdiv                                    0x08005775   Thumb Code   384  fdiv.o(x$fpl$fdiv)
    __aeabi_i2f                              0x080058f9   Thumb Code     0  fflt_clz.o(x$fpl$fflt)
    _fflt                                    0x080058f9   Thumb Code    48  fflt_clz.o(x$fpl$fflt)
    __aeabi_ui2f                             0x08005929   Thumb Code     0  fflt_clz.o(x$fpl$ffltu)
    _ffltu                                   0x08005929   Thumb Code    38  fflt_clz.o(x$fpl$ffltu)
    __aeabi_fmul                             0x08005951   Thumb Code     0  fmul.o(x$fpl$fmul)
    _fmul                                    0x08005951   Thumb Code   258  fmul.o(x$fpl$fmul)
    __fpl_fnaninf                            0x08005a53   Thumb Code   140  fnaninf.o(x$fpl$fnaninf)
    __fpl_fretinf                            0x08005adf   Thumb Code    10  fretinf.o(x$fpl$fretinf)
    _printf_fp_dec                           0x08005ae9   Thumb Code     4  printf1.o(x$fpl$printf1)
    _printf_fp_hex                           0x08005aed   Thumb Code     4  printf2.o(x$fpl$printf2)
    __I$use$fp                               0x08005af0   Number         0  usenofp.o(x$fpl$usenofp)
    gyroFsrTable                             0x08005af0   Data           8  imu901.o(.constdata)
    accFsrTable                              0x08005af8   Data           4  imu901.o(.constdata)
    Region$$Table$$Base                      0x08005bfc   Number         0  anon$$obj.o(Region$$Table)
    Region$$Table$$Limit                     0x08005c1c   Number         0  anon$$obj.o(Region$$Table)
    __ctype                                  0x08005c45   Data           0  lc_ctype_c.o(locale$$data)
    state                                    0x20000000   Data           1  main.o(.data)
    val                                      0x20000002   Data           2  main.o(.data)
    value_AD                                 0x20000004   Data           2  main.o(.data)
    PRESS_AO                                 0x20000008   Data           4  main.o(.data)
    VOLTAGE_AO                               0x2000000c   Data           4  main.o(.data)
    SystemCoreClock                          0x20000010   Data           4  system_stm32f10x.o(.data)
    AHBPrescTable                            0x20000014   Data          16  system_stm32f10x.o(.data)
    USART3_RX_STA                            0x20000026   Data           2  usart3.o(.data)
    iostatus                                 0x20000028   Data           8  imu901.o(.data)
    imu901Param                              0x20000030   Data           4  imu901.o(.data)
    __stdout                                 0x2000003c   Data           4  usart.o(.data)
    USART_RX_STA                             0x20000040   Data           2  usart.o(.data)
    USART3_RX_BUF                            0x2000005c   Data        1024  usart3.o(.bss)
    USART3_TX_BUF                            0x2000045c   Data         600  usart3.o(.bss)
    USART_InitStructure                      0x200006b4   Data          16  usart3.o(.bss)
    attitude                                 0x200006c4   Data          12  imu901.o(.bss)
    quaternion                               0x200006d0   Data          16  imu901.o(.bss)
    gyroAccData                              0x200006e0   Data          36  imu901.o(.bss)
    magData                                  0x20000704   Data          12  imu901.o(.bss)
    baroData                                 0x20000710   Data          12  imu901.o(.bss)
    rxPacket                                 0x2000071c   Data          33  imu901.o(.bss)
    uart2RxBuffer                            0x20000740   Data         256  usart2.o(.bss)
    uart2RxFifo                              0x20000840   Data          12  usart2.o(.bss)
    USART_RX_BUF                             0x2000084c   Data         200  usart.o(.bss)
    sendbuf                                  0x20000914   Data          50  ble_app.o(.bss)
    __libspace_start                         0x20000948   Data          96  libspace.o(.bss)
    __temporary_stack_top$libspace           0x200009a8   Data           0  libspace.o(.bss)



==============================================================================

Memory Map of the image

  Image Entry point : 0x08000131

  Load Region LR_IROM1 (Base: 0x08000000, Size: 0x00005da4, Max: 0x00080000, ABSOLUTE)

    Execution Region ER_IROM1 (Base: 0x08000000, Size: 0x00005d48, Max: 0x00080000, ABSOLUTE)

    Base Addr    Size         Type   Attr      Idx    E Section Name        Object

    0x08000000   0x00000130   Data   RO          398    RESET               startup_stm32f10x_hd.o
    0x08000130   0x00000008   Code   RO          884  * !!!main             c_w.l(__main.o)
    0x08000138   0x00000034   Code   RO         1213    !!!scatter          c_w.l(__scatter.o)
    0x0800016c   0x0000001a   Code   RO         1215    !!handler_copy      c_w.l(__scatter_copy.o)
    0x08000186   0x00000002   PAD
    0x08000188   0x0000001c   Code   RO         1217    !!handler_zi        c_w.l(__scatter_zi.o)
    0x080001a4   0x00000000   Code   RO          875    .ARM.Collect$$_printf_percent$$00000000  c_w.l(_printf_percent.o)
    0x080001a4   0x00000006   Code   RO          967    .ARM.Collect$$_printf_percent$$00000001  c_w.l(_printf_n.o)
    0x080001aa   0x00000006   Code   RO          969    .ARM.Collect$$_printf_percent$$00000002  c_w.l(_printf_p.o)
    0x080001b0   0x00000006   Code   RO          874    .ARM.Collect$$_printf_percent$$00000003  c_w.l(_printf_f.o)
    0x080001b6   0x00000006   Code   RO          973    .ARM.Collect$$_printf_percent$$00000004  c_w.l(_printf_e.o)
    0x080001bc   0x00000006   Code   RO          974    .ARM.Collect$$_printf_percent$$00000005  c_w.l(_printf_g.o)
    0x080001c2   0x00000006   Code   RO          975    .ARM.Collect$$_printf_percent$$00000006  c_w.l(_printf_a.o)
    0x080001c8   0x0000000a   Code   RO          980    .ARM.Collect$$_printf_percent$$00000007  c_w.l(_printf_ll.o)
    0x080001d2   0x00000006   Code   RO          971    .ARM.Collect$$_printf_percent$$00000008  c_w.l(_printf_i.o)
    0x080001d8   0x00000006   Code   RO          873    .ARM.Collect$$_printf_percent$$00000009  c_w.l(_printf_d.o)
    0x080001de   0x00000006   Code   RO          972    .ARM.Collect$$_printf_percent$$0000000A  c_w.l(_printf_u.o)
    0x080001e4   0x00000006   Code   RO          970    .ARM.Collect$$_printf_percent$$0000000B  c_w.l(_printf_o.o)
    0x080001ea   0x00000006   Code   RO          968    .ARM.Collect$$_printf_percent$$0000000C  c_w.l(_printf_x.o)
    0x080001f0   0x00000006   Code   RO          977    .ARM.Collect$$_printf_percent$$0000000D  c_w.l(_printf_lli.o)
    0x080001f6   0x00000006   Code   RO          978    .ARM.Collect$$_printf_percent$$0000000E  c_w.l(_printf_lld.o)
    0x080001fc   0x00000006   Code   RO          979    .ARM.Collect$$_printf_percent$$0000000F  c_w.l(_printf_llu.o)
    0x08000202   0x00000006   Code   RO          984    .ARM.Collect$$_printf_percent$$00000010  c_w.l(_printf_llo.o)
    0x08000208   0x00000006   Code   RO          985    .ARM.Collect$$_printf_percent$$00000011  c_w.l(_printf_llx.o)
    0x0800020e   0x0000000a   Code   RO          981    .ARM.Collect$$_printf_percent$$00000012  c_w.l(_printf_l.o)
    0x08000218   0x00000006   Code   RO          871    .ARM.Collect$$_printf_percent$$00000013  c_w.l(_printf_c.o)
    0x0800021e   0x00000006   Code   RO          872    .ARM.Collect$$_printf_percent$$00000014  c_w.l(_printf_s.o)
    0x08000224   0x00000006   Code   RO          982    .ARM.Collect$$_printf_percent$$00000015  c_w.l(_printf_lc.o)
    0x0800022a   0x00000006   Code   RO          983    .ARM.Collect$$_printf_percent$$00000016  c_w.l(_printf_ls.o)
    0x08000230   0x00000004   Code   RO          976    .ARM.Collect$$_printf_percent$$00000017  c_w.l(_printf_percent_end.o)
    0x08000234   0x00000002   Code   RO         1088    .ARM.Collect$$libinit$$00000000  c_w.l(libinit.o)
    0x08000236   0x00000000   Code   RO         1090    .ARM.Collect$$libinit$$00000002  c_w.l(libinit2.o)
    0x08000236   0x00000000   Code   RO         1092    .ARM.Collect$$libinit$$00000004  c_w.l(libinit2.o)
    0x08000236   0x00000000   Code   RO         1095    .ARM.Collect$$libinit$$0000000A  c_w.l(libinit2.o)
    0x08000236   0x00000000   Code   RO         1097    .ARM.Collect$$libinit$$0000000C  c_w.l(libinit2.o)
    0x08000236   0x00000000   Code   RO         1099    .ARM.Collect$$libinit$$0000000E  c_w.l(libinit2.o)
    0x08000236   0x00000006   Code   RO         1100    .ARM.Collect$$libinit$$0000000F  c_w.l(libinit2.o)
    0x0800023c   0x00000000   Code   RO         1102    .ARM.Collect$$libinit$$00000011  c_w.l(libinit2.o)
    0x0800023c   0x0000000c   Code   RO         1103    .ARM.Collect$$libinit$$00000012  c_w.l(libinit2.o)
    0x08000248   0x00000000   Code   RO         1104    .ARM.Collect$$libinit$$00000013  c_w.l(libinit2.o)
    0x08000248   0x00000000   Code   RO         1106    .ARM.Collect$$libinit$$00000015  c_w.l(libinit2.o)
    0x08000248   0x0000000a   Code   RO         1107    .ARM.Collect$$libinit$$00000016  c_w.l(libinit2.o)
    0x08000252   0x00000000   Code   RO         1108    .ARM.Collect$$libinit$$00000017  c_w.l(libinit2.o)
    0x08000252   0x00000000   Code   RO         1110    .ARM.Collect$$libinit$$00000019  c_w.l(libinit2.o)
    0x08000252   0x00000000   Code   RO         1112    .ARM.Collect$$libinit$$0000001B  c_w.l(libinit2.o)
    0x08000252   0x00000000   Code   RO         1114    .ARM.Collect$$libinit$$0000001D  c_w.l(libinit2.o)
    0x08000252   0x00000000   Code   RO         1116    .ARM.Collect$$libinit$$0000001F  c_w.l(libinit2.o)
    0x08000252   0x00000000   Code   RO         1118    .ARM.Collect$$libinit$$00000021  c_w.l(libinit2.o)
    0x08000252   0x00000000   Code   RO         1120    .ARM.Collect$$libinit$$00000023  c_w.l(libinit2.o)
    0x08000252   0x00000000   Code   RO         1122    .ARM.Collect$$libinit$$00000025  c_w.l(libinit2.o)
    0x08000252   0x00000000   Code   RO         1126    .ARM.Collect$$libinit$$0000002C  c_w.l(libinit2.o)
    0x08000252   0x00000000   Code   RO         1128    .ARM.Collect$$libinit$$0000002E  c_w.l(libinit2.o)
    0x08000252   0x00000000   Code   RO         1130    .ARM.Collect$$libinit$$00000030  c_w.l(libinit2.o)
    0x08000252   0x00000000   Code   RO         1132    .ARM.Collect$$libinit$$00000032  c_w.l(libinit2.o)
    0x08000252   0x00000002   Code   RO         1133    .ARM.Collect$$libinit$$00000033  c_w.l(libinit2.o)
    0x08000254   0x00000002   Code   RO         1164    .ARM.Collect$$libshutdown$$00000000  c_w.l(libshutdown.o)
    0x08000256   0x00000000   Code   RO         1174    .ARM.Collect$$libshutdown$$00000003  c_w.l(libshutdown2.o)
    0x08000256   0x00000000   Code   RO         1177    .ARM.Collect$$libshutdown$$00000006  c_w.l(libshutdown2.o)
    0x08000256   0x00000000   Code   RO         1180    .ARM.Collect$$libshutdown$$00000009  c_w.l(libshutdown2.o)
    0x08000256   0x00000000   Code   RO         1182    .ARM.Collect$$libshutdown$$0000000B  c_w.l(libshutdown2.o)
    0x08000256   0x00000000   Code   RO         1185    .ARM.Collect$$libshutdown$$0000000E  c_w.l(libshutdown2.o)
    0x08000256   0x00000002   Code   RO         1186    .ARM.Collect$$libshutdown$$0000000F  c_w.l(libshutdown2.o)
    0x08000258   0x00000000   Code   RO          918    .ARM.Collect$$rtentry$$00000000  c_w.l(__rtentry.o)
    0x08000258   0x00000000   Code   RO         1004    .ARM.Collect$$rtentry$$00000002  c_w.l(__rtentry2.o)
    0x08000258   0x00000006   Code   RO         1016    .ARM.Collect$$rtentry$$00000004  c_w.l(__rtentry4.o)
    0x0800025e   0x00000000   Code   RO         1006    .ARM.Collect$$rtentry$$00000009  c_w.l(__rtentry2.o)
    0x0800025e   0x00000004   Code   RO         1007    .ARM.Collect$$rtentry$$0000000A  c_w.l(__rtentry2.o)
    0x08000262   0x00000000   Code   RO         1009    .ARM.Collect$$rtentry$$0000000C  c_w.l(__rtentry2.o)
    0x08000262   0x00000008   Code   RO         1010    .ARM.Collect$$rtentry$$0000000D  c_w.l(__rtentry2.o)
    0x0800026a   0x00000002   Code   RO         1134    .ARM.Collect$$rtexit$$00000000  c_w.l(rtexit.o)
    0x0800026c   0x00000000   Code   RO         1144    .ARM.Collect$$rtexit$$00000002  c_w.l(rtexit2.o)
    0x0800026c   0x00000004   Code   RO         1145    .ARM.Collect$$rtexit$$00000003  c_w.l(rtexit2.o)
    0x08000270   0x00000006   Code   RO         1146    .ARM.Collect$$rtexit$$00000004  c_w.l(rtexit2.o)
    0x08000276   0x00000002   PAD
    0x08000278   0x000003e4   Code   RO            1    .text               main.o
    0x0800065c   0x0000001a   Code   RO          147    .text               stm32f10x_it.o
    0x08000676   0x00000002   PAD
    0x08000678   0x000001e0   Code   RO          188    .text               system_stm32f10x.o
    0x08000858   0x0000004c   Code   RO          206    .text               led.o
    0x080008a4   0x000000fc   Code   RO          218    .text               key.o
    0x080009a0   0x000000b0   Code   RO          231    .text               timer.o
    0x08000a50   0x00000174   Code   RO          247    .text               usart3.o
    0x08000bc4   0x00000698   Code   RO          276    .text               imu901.o
    0x0800125c   0x000000de   Code   RO          302    .text               ringbuffer.o
    0x0800133a   0x00000002   PAD
    0x0800133c   0x00000118   Code   RO          317    .text               usart2.o
    0x08001454   0x000000d4   Code   RO          332    .text               delay.o
    0x08001528   0x00000140   Code   RO          363    .text               usart.o
    0x08001668   0x00000040   Code   RO          399    .text               startup_stm32f10x_hd.o
    0x080016a8   0x000000dc   Code   RO          403    .text               misc.o
    0x08001784   0x0000035c   Code   RO          427    .text               stm32f10x_gpio.o
    0x08001ae0   0x000003a4   Code   RO          439    .text               stm32f10x_rcc.o
    0x08001e84   0x00000408   Code   RO          453    .text               stm32f10x_usart.o
    0x0800228c   0x00000e1a   Code   RO          465    .text               stm32f10x_tim.o
    0x080030a6   0x00000002   PAD
    0x080030a8   0x0000044e   Code   RO          489    .text               stm32f10x_adc.o
    0x080034f6   0x00000002   PAD
    0x080034f8   0x000000b4   Code   RO          681    .text               ble_uart.o
    0x080035ac   0x0000063c   Code   RO          699    .text               ble_app.o
    0x08003be8   0x000000e8   Code   RO          715    .text               adc.o
    0x08003cd0   0x00000002   Code   RO          831    .text               c_w.l(use_no_semi_2.o)
    0x08003cd2   0x00000002   PAD
    0x08003cd4   0x00000024   Code   RO          833    .text               c_w.l(vsprintf.o)
    0x08003cf8   0x00000018   Code   RO          835    .text               c_w.l(__2printf.o)
    0x08003d10   0x0000002c   Code   RO          837    .text               c_w.l(__2sprintf.o)
    0x08003d3c   0x0000004e   Code   RO          845    .text               c_w.l(_printf_pad.o)
    0x08003d8a   0x00000052   Code   RO          847    .text               c_w.l(_printf_str.o)
    0x08003ddc   0x00000078   Code   RO          849    .text               c_w.l(_printf_dec.o)
    0x08003e54   0x00000188   Code   RO          868    .text               c_w.l(__printf_flags_ss_wp.o)
    0x08003fdc   0x00000024   Code   RO          876    .text               c_w.l(strstr.o)
    0x08004000   0x0000003e   Code   RO          878    .text               c_w.l(strlen.o)
    0x0800403e   0x00000044   Code   RO          880    .text               c_w.l(rt_memclr.o)
    0x08004082   0x00000006   Code   RO          882    .text               c_w.l(heapauxi.o)
    0x08004088   0x00000002   Code   RO          916    .text               c_w.l(use_no_semi.o)
    0x0800408a   0x00000024   Code   RO          919    .text               c_w.l(_printf_truncate.o)
    0x080040ae   0x000000b2   Code   RO          921    .text               c_w.l(_printf_intcommon.o)
    0x08004160   0x00000028   Code   RO          923    .text               c_w.l(_printf_charcount.o)
    0x08004188   0x0000041a   Code   RO          925    .text               c_w.l(_printf_fp_dec.o)
    0x080045a2   0x00000002   PAD
    0x080045a4   0x00000030   Code   RO          927    .text               c_w.l(_printf_char_common.o)
    0x080045d4   0x0000000a   Code   RO          929    .text               c_w.l(_sputc.o)
    0x080045de   0x0000002c   Code   RO          931    .text               c_w.l(_printf_char.o)
    0x0800460a   0x00000002   PAD
    0x0800460c   0x00000024   Code   RO          933    .text               c_w.l(_printf_char_file.o)
    0x08004630   0x000000bc   Code   RO          935    .text               c_w.l(_printf_wctomb.o)
    0x080046ec   0x0000007c   Code   RO          938    .text               c_w.l(_printf_longlong_dec.o)
    0x08004768   0x00000070   Code   RO          944    .text               c_w.l(_printf_oct_int_ll.o)
    0x080047d8   0x00000094   Code   RO          964    .text               c_w.l(_printf_hex_int_ll_ptr.o)
    0x0800486c   0x0000004e   Code   RO          986    .text               c_w.l(rt_memclr_w.o)
    0x080048ba   0x00000002   PAD
    0x080048bc   0x00000008   Code   RO         1021    .text               c_w.l(rt_locale_intlibspace.o)
    0x080048c4   0x0000008a   Code   RO         1023    .text               c_w.l(lludiv10.o)
    0x0800494e   0x00000002   PAD
    0x08004950   0x000002fc   Code   RO         1025    .text               c_w.l(_printf_fp_hex.o)
    0x08004c4c   0x00000080   Code   RO         1028    .text               c_w.l(_printf_fp_infnan.o)
    0x08004ccc   0x0000002c   Code   RO         1032    .text               c_w.l(_printf_wchar.o)
    0x08004cf8   0x000000dc   Code   RO         1034    .text               c_w.l(bigflt0.o)
    0x08004dd4   0x00000008   Code   RO         1059    .text               c_w.l(ferror.o)
    0x08004ddc   0x00000040   Code   RO         1063    .text               c_w.l(_wcrtomb.o)
    0x08004e1c   0x00000008   Code   RO         1072    .text               c_w.l(libspace.o)
    0x08004e24   0x0000004a   Code   RO         1075    .text               c_w.l(sys_stackheap_outer.o)
    0x08004e6e   0x00000002   PAD
    0x08004e70   0x00000010   Code   RO         1077    .text               c_w.l(rt_ctype_table.o)
    0x08004e80   0x0000000c   Code   RO         1079    .text               c_w.l(exit.o)
    0x08004e8c   0x00000080   Code   RO         1081    .text               c_w.l(strcmpv7m.o)
    0x08004f0c   0x0000003e   Code   RO         1037    CL$$btod_d2e        c_w.l(btod.o)
    0x08004f4a   0x00000046   Code   RO         1039    CL$$btod_d2e_denorm_low  c_w.l(btod.o)
    0x08004f90   0x00000060   Code   RO         1038    CL$$btod_d2e_norm_op1  c_w.l(btod.o)
    0x08004ff0   0x00000338   Code   RO         1047    CL$$btod_div_common  c_w.l(btod.o)
    0x08005328   0x000000c6   Code   RO         1044    CL$$btod_e2e        c_w.l(btod.o)
    0x080053ee   0x00000028   Code   RO         1041    CL$$btod_ediv       c_w.l(btod.o)
    0x08005416   0x00000028   Code   RO         1040    CL$$btod_emul       c_w.l(btod.o)
    0x0800543e   0x00000244   Code   RO         1046    CL$$btod_mult_common  c_w.l(btod.o)
    0x08005682   0x00000028   Code   RO         1070    i.__ARM_fpclassify  m_ws.l(fpclassify.o)
    0x080056aa   0x0000000e   Code   RO          861    i._is_digit         c_w.l(__printf_wp.o)
    0x080056b8   0x0000002c   Code   RO         1066    locale$$code        c_w.l(lc_numeric_c.o)
    0x080056e4   0x0000002c   Code   RO         1137    locale$$code        c_w.l(lc_ctype_c.o)
    0x08005710   0x0000000c   Code   RO          990    x$fpl$dretinf       fz_ws.l(dretinf.o)
    0x0800571c   0x00000056   Code   RO          900    x$fpl$f2d           fz_ws.l(f2d.o)
    0x08005772   0x00000002   PAD
    0x08005774   0x00000184   Code   RO          903    x$fpl$fdiv          fz_ws.l(fdiv.o)
    0x080058f8   0x00000030   Code   RO          907    x$fpl$fflt          fz_ws.l(fflt_clz.o)
    0x08005928   0x00000026   Code   RO          906    x$fpl$ffltu         fz_ws.l(fflt_clz.o)
    0x0800594e   0x00000002   PAD
    0x08005950   0x00000102   Code   RO          912    x$fpl$fmul          fz_ws.l(fmul.o)
    0x08005a52   0x0000008c   Code   RO          992    x$fpl$fnaninf       fz_ws.l(fnaninf.o)
    0x08005ade   0x0000000a   Code   RO          994    x$fpl$fretinf       fz_ws.l(fretinf.o)
    0x08005ae8   0x00000004   Code   RO          914    x$fpl$printf1       fz_ws.l(printf1.o)
    0x08005aec   0x00000004   Code   RO          996    x$fpl$printf2       fz_ws.l(printf2.o)
    0x08005af0   0x00000000   Code   RO         1002    x$fpl$usenofp       fz_ws.l(usenofp.o)
    0x08005af0   0x0000000c   Data   RO          278    .constdata          imu901.o
    0x08005afc   0x00000011   Data   RO          869    .constdata          c_w.l(__printf_flags_ss_wp.o)
    0x08005b0d   0x00000003   PAD
    0x08005b10   0x00000008   Data   RO          936    .constdata          c_w.l(_printf_wctomb.o)
    0x08005b18   0x00000028   Data   RO          965    .constdata          c_w.l(_printf_hex_int_ll_ptr.o)
    0x08005b40   0x00000026   Data   RO         1026    .constdata          c_w.l(_printf_fp_hex.o)
    0x08005b66   0x00000002   PAD
    0x08005b68   0x00000094   Data   RO         1035    .constdata          c_w.l(bigflt0.o)
    0x08005bfc   0x00000020   Data   RO         1211    Region$$Table       anon$$obj.o
    0x08005c1c   0x0000001c   Data   RO         1065    locale$$data        c_w.l(lc_numeric_c.o)
    0x08005c38   0x00000110   Data   RO         1136    locale$$data        c_w.l(lc_ctype_c.o)


    Execution Region RW_IRAM1 (Base: 0x20000000, Size: 0x00000fa8, Max: 0x00010000, ABSOLUTE)

    Base Addr    Size         Type   Attr      Idx    E Section Name        Object

    0x20000000   0x00000010   Data   RW            2    .data               main.o
    0x20000010   0x00000014   Data   RW          189    .data               system_stm32f10x.o
    0x20000024   0x00000001   Data   RW          219    .data               key.o
    0x20000025   0x00000001   PAD
    0x20000026   0x00000002   Data   RW          249    .data               usart3.o
    0x20000028   0x0000000f   Data   RW          279    .data               imu901.o
    0x20000037   0x00000001   PAD
    0x20000038   0x00000004   Data   RW          333    .data               delay.o
    0x2000003c   0x00000006   Data   RW          365    .data               usart.o
    0x20000042   0x00000014   Data   RW          440    .data               stm32f10x_rcc.o
    0x20000056   0x00000003   Data   RW          701    .data               ble_app.o
    0x20000059   0x00000003   PAD
    0x2000005c   0x00000668   Zero   RW          248    .bss                usart3.o
    0x200006c4   0x00000079   Zero   RW          277    .bss                imu901.o
    0x2000073d   0x00000003   PAD
    0x20000740   0x0000010c   Zero   RW          318    .bss                usart2.o
    0x2000084c   0x000000c8   Zero   RW          364    .bss                usart.o
    0x20000914   0x00000032   Zero   RW          700    .bss                ble_app.o
    0x20000946   0x00000002   PAD
    0x20000948   0x00000060   Zero   RW         1073    .bss                c_w.l(libspace.o)
    0x200009a8   0x00000200   Zero   RW          397    HEAP                startup_stm32f10x_hd.o
    0x20000ba8   0x00000400   Zero   RW          396    STACK               startup_stm32f10x_hd.o


==============================================================================

Image component sizes


      Code (inc. data)   RO Data    RW Data    ZI Data      Debug   Object Name

       232          8          0          0          0       1175   adc.o
      1596        710          0          3         50       3092   ble_app.o
       180         20          0          0          0       1501   ble_uart.o
       212         18          0          4          0       1215   delay.o
      1688         84         12         15        121       5755   imu901.o
       252         12          0          1          0        924   key.o
        76          8          0          0          0        595   led.o
       996        326          0         16          0     264092   main.o
       220         22          0          0          0       1993   misc.o
       222          0          0          0          0       3222   ringbuffer.o
        64         26        304          0       1536        868   startup_stm32f10x_hd.o
      1102         26          0          0          0      11025   stm32f10x_adc.o
       860         38          0          0          0       5837   stm32f10x_gpio.o
        26          0          0          0          0       1278   stm32f10x_it.o
       932         36          0         20          0       9104   stm32f10x_rcc.o
      3610         88          0          0          0      22320   stm32f10x_tim.o
      1032         22          0          0          0       8564   stm32f10x_usart.o
         0          0          0          0          0         32   sys.o
       480         38          0         20          0       2031   system_stm32f10x.o
       176          8          0          0          0       1032   timer.o
       320         18          0          6        200       3410   usart.o
       280         18          0          0        268       2253   usart2.o
       372         28          0          2       1640       2870   usart3.o

    ----------------------------------------------------------------------
     14936       1554        348         92       3820     354188   Object Totals
         0          0         32          0          0          0   (incl. Generated)
         8          0          0          5          5          0   (incl. Padding)

    ----------------------------------------------------------------------

      Code (inc. data)   RO Data    RW Data    ZI Data      Debug   Library Member Name

        24          4          0          0          0         84   __2printf.o
        44          6          0          0          0         84   __2sprintf.o
         8          0          0          0          0         68   __main.o
       392          4         17          0          0         92   __printf_flags_ss_wp.o
        14          0          0          0          0         68   __printf_wp.o
         0          0          0          0          0          0   __rtentry.o
        12          0          0          0          0          0   __rtentry2.o
         6          0          0          0          0          0   __rtentry4.o
        52          8          0          0          0          0   __scatter.o
        26          0          0          0          0          0   __scatter_copy.o
        28          0          0          0          0          0   __scatter_zi.o
         6          0          0          0          0          0   _printf_a.o
         6          0          0          0          0          0   _printf_c.o
        44          0          0          0          0        108   _printf_char.o
        48          6          0          0          0         96   _printf_char_common.o
        36          4          0          0          0         80   _printf_char_file.o
        40          0          0          0          0         68   _printf_charcount.o
         6          0          0          0          0          0   _printf_d.o
       120         16          0          0          0         92   _printf_dec.o
         6          0          0          0          0          0   _printf_e.o
         6          0          0          0          0          0   _printf_f.o
      1050          0          0          0          0        216   _printf_fp_dec.o
       764         10         38          0          0        100   _printf_fp_hex.o
       128         16          0          0          0         84   _printf_fp_infnan.o
         6          0          0          0          0          0   _printf_g.o
       148          4         40          0          0        160   _printf_hex_int_ll_ptr.o
         6          0          0          0          0          0   _printf_i.o
       178          0          0          0          0         88   _printf_intcommon.o
        10          0          0          0          0          0   _printf_l.o
         6          0          0          0          0          0   _printf_lc.o
        10          0          0          0          0          0   _printf_ll.o
         6          0          0          0          0          0   _printf_lld.o
         6          0          0          0          0          0   _printf_lli.o
         6          0          0          0          0          0   _printf_llo.o
         6          0          0          0          0          0   _printf_llu.o
         6          0          0          0          0          0   _printf_llx.o
       124         16          0          0          0         92   _printf_longlong_dec.o
         6          0          0          0          0          0   _printf_ls.o
         6          0          0          0          0          0   _printf_n.o
         6          0          0          0          0          0   _printf_o.o
       112          8          0          0          0        124   _printf_oct_int_ll.o
         6          0          0          0          0          0   _printf_p.o
        78          0          0          0          0        108   _printf_pad.o
         0          0          0          0          0          0   _printf_percent.o
         4          0          0          0          0          0   _printf_percent_end.o
         6          0          0          0          0          0   _printf_s.o
        82          0          0          0          0         80   _printf_str.o
        36          0          0          0          0         84   _printf_truncate.o
         6          0          0          0          0          0   _printf_u.o
        44          0          0          0          0        108   _printf_wchar.o
       188          6          8          0          0         92   _printf_wctomb.o
         6          0          0          0          0          0   _printf_x.o
        10          0          0          0          0         68   _sputc.o
        64          0          0          0          0         92   _wcrtomb.o
       220          4        148          0          0         96   bigflt0.o
      1910        128          0          0          0        672   btod.o
        12          0          0          0          0         72   exit.o
         8          0          0          0          0         68   ferror.o
         6          0          0          0          0        152   heapauxi.o
        44         10        272          0          0         76   lc_ctype_c.o
        44         10         28          0          0         76   lc_numeric_c.o
         2          0          0          0          0          0   libinit.o
        30          0          0          0          0          0   libinit2.o
         2          0          0          0          0          0   libshutdown.o
         2          0          0          0          0          0   libshutdown2.o
         8          4          0          0         96         68   libspace.o
       138          0          0          0          0         80   lludiv10.o
        16          4          0          0          0         76   rt_ctype_table.o
         8          4          0          0          0         68   rt_locale_intlibspace.o
        68          0          0          0          0         68   rt_memclr.o
        78          0          0          0          0         80   rt_memclr_w.o
         2          0          0          0          0          0   rtexit.o
        10          0          0          0          0          0   rtexit2.o
       128          0          0          0          0         68   strcmpv7m.o
        62          0          0          0          0         76   strlen.o
        36          0          0          0          0         80   strstr.o
        74          0          0          0          0         80   sys_stackheap_outer.o
         2          0          0          0          0         68   use_no_semi.o
         2          0          0          0          0         68   use_no_semi_2.o
        36          4          0          0          0         76   vsprintf.o
        12          0          0          0          0         68   dretinf.o
        86          4          0          0          0         84   f2d.o
       388         76          0          0          0         96   fdiv.o
        86          0          0          0          0        136   fflt_clz.o
       258          4          0          0          0         84   fmul.o
       140          4          0          0          0         84   fnaninf.o
        10          0          0          0          0         68   fretinf.o
         4          0          0          0          0         68   printf1.o
         4          0          0          0          0         68   printf2.o
         0          0          0          0          0          0   usenofp.o
        40          0          0          0          0         68   fpclassify.o

    ----------------------------------------------------------------------
      8040        364        556          0         96       5328   Library Totals
        20          0          5          0          0          0   (incl. Padding)

    ----------------------------------------------------------------------

      Code (inc. data)   RO Data    RW Data    ZI Data      Debug   Library Name

      6992        276        551          0         96       4504   c_w.l
       988         88          0          0          0        756   fz_ws.l
        40          0          0          0          0         68   m_ws.l

    ----------------------------------------------------------------------
      8040        364        556          0         96       5328   Library Totals

    ----------------------------------------------------------------------

==============================================================================


      Code (inc. data)   RO Data    RW Data    ZI Data      Debug   

     22976       1918        904         92       3916     354780   Grand Totals
     22976       1918        904         92       3916     354780   ELF Image Totals
     22976       1918        904         92          0          0   ROM Totals

==============================================================================

    Total RO  Size (Code + RO Data)                23880 (  23.32kB)
    Total RW  Size (RW Data + ZI Data)              4008 (   3.91kB)
    Total ROM Size (Code + RO Data + RW Data)      23972 (  23.41kB)

==============================================================================

