Component: ARM Compiler 5.05 update 1 (build 106) Tool: armlink [4d0efa]

==============================================================================

Section Cross References

    main.o(.text) refers to delay.o(.text) for delay_init
    main.o(.text) refers to misc.o(.text) for NVIC_PriorityGroupConfig
    main.o(.text) refers to adc.o(.text) for Adc_Init
    main.o(.text) refers to usart.o(.text) for uart_init
    main.o(.text) refers to led.o(.text) for LED_Init
    main.o(.text) refers to usart2.o(.text) for usart2_init
    main.o(.text) refers to imu901.o(.text) for imu901_init
    main.o(.text) refers to key.o(.text) for KEY_Init
    main.o(.text) refers to ble_app.o(.text) for Ble_IoInit
    main.o(.text) refers to printfa.o(i.__0printf) for __2printf
    main.o(.text) refers to f2d.o(.text) for __aeabi_f2d
    main.o(.text) refers to usart3.o(.text) for u3_printf
    main.o(.text) refers to imu901.o(.bss) for rxPacket
    main.o(.text) refers to main.o(.data) for value_AD
    system_stm32f10x.o(.text) refers to system_stm32f10x.o(.data) for SystemCoreClock
    led.o(.text) refers to stm32f10x_rcc.o(.text) for RCC_APB2PeriphClockCmd
    led.o(.text) refers to stm32f10x_gpio.o(.text) for GPIO_Init
    key.o(.text) refers to stm32f10x_rcc.o(.text) for RCC_APB2PeriphClockCmd
    key.o(.text) refers to stm32f10x_gpio.o(.text) for GPIO_Init
    key.o(.text) refers to delay.o(.text) for delay_ms
    key.o(.text) refers to key.o(.data) for key_up
    timer.o(.text) refers to stm32f10x_tim.o(.text) for TIM_SetCounter
    timer.o(.text) refers to stm32f10x_rcc.o(.text) for RCC_APB1PeriphClockCmd
    timer.o(.text) refers to misc.o(.text) for NVIC_Init
    timer.o(.text) refers to usart3.o(.data) for USART3_RX_STA
    usart3.o(.text) refers to stm32f10x_usart.o(.text) for USART_GetITStatus
    usart3.o(.text) refers to stm32f10x_tim.o(.text) for TIM_SetCounter
    usart3.o(.text) refers to stm32f10x_rcc.o(.text) for RCC_APB2PeriphClockCmd
    usart3.o(.text) refers to stm32f10x_gpio.o(.text) for GPIO_Init
    usart3.o(.text) refers to misc.o(.text) for NVIC_Init
    usart3.o(.text) refers to timer.o(.text) for TIM7_Int_Init
    usart3.o(.text) refers to printfa.o(i.__0vsprintf) for vsprintf
    usart3.o(.text) refers to strlen.o(.text) for strlen
    usart3.o(.text) refers to usart3.o(.data) for USART3_RX_STA
    usart3.o(.text) refers to usart3.o(.bss) for USART3_RX_BUF
    imu901.o(.text) refers to fflti.o(.text) for __aeabi_i2f
    imu901.o(.text) refers to fdiv.o(.text) for __aeabi_fdiv
    imu901.o(.text) refers to fmul.o(.text) for __aeabi_fmul
    imu901.o(.text) refers to ffltui.o(.text) for __aeabi_ui2f
    imu901.o(.text) refers to imu901.o(.data) for rxState
    imu901.o(.text) refers to imu901.o(.bss) for rxPacket
    imu901.o(.text) refers to imu901.o(.constdata) for accFsrTable
    imu901.o(.text) refers to usart2.o(.text) for usart2_sendData
    imu901.o(.text) refers to delay.o(.text) for delay_ms
    usart2.o(.text) refers to stm32f10x_rcc.o(.text) for RCC_APB2PeriphClockCmd
    usart2.o(.text) refers to stm32f10x_gpio.o(.text) for GPIO_Init
    usart2.o(.text) refers to misc.o(.text) for NVIC_Init
    usart2.o(.text) refers to stm32f10x_usart.o(.text) for USART_Init
    usart2.o(.text) refers to ringbuffer.o(.text) for ringbuffer_init
    usart2.o(.text) refers to usart2.o(.bss) for uart2RxBuffer
    delay.o(.text) refers to misc.o(.text) for SysTick_CLKSourceConfig
    delay.o(.text) refers to system_stm32f10x.o(.data) for SystemCoreClock
    delay.o(.text) refers to delay.o(.data) for fac_us
    usart.o(.text) refers to stm32f10x_rcc.o(.text) for RCC_APB2PeriphClockCmd
    usart.o(.text) refers to stm32f10x_gpio.o(.text) for GPIO_Init
    usart.o(.text) refers to misc.o(.text) for NVIC_Init
    usart.o(.text) refers to stm32f10x_usart.o(.text) for USART_Init
    usart.o(.text) refers to usart.o(.data) for USART_RX_STA
    usart.o(.text) refers to usart.o(.bss) for USART_RX_BUF
    startup_stm32f10x_hd.o(RESET) refers to startup_stm32f10x_hd.o(STACK) for __initial_sp
    startup_stm32f10x_hd.o(RESET) refers to startup_stm32f10x_hd.o(.text) for Reset_Handler
    startup_stm32f10x_hd.o(RESET) refers to stm32f10x_it.o(.text) for NMI_Handler
    startup_stm32f10x_hd.o(RESET) refers to usart.o(.text) for USART1_IRQHandler
    startup_stm32f10x_hd.o(RESET) refers to usart2.o(.text) for USART2_IRQHandler
    startup_stm32f10x_hd.o(RESET) refers to usart3.o(.text) for USART3_IRQHandler
    startup_stm32f10x_hd.o(RESET) refers to timer.o(.text) for TIM7_IRQHandler
    startup_stm32f10x_hd.o(.text) refers to system_stm32f10x.o(.text) for SystemInit
    startup_stm32f10x_hd.o(.text) refers to entry.o(.ARM.Collect$$$$00000000) for __main
    stm32f10x_gpio.o(.text) refers to stm32f10x_rcc.o(.text) for RCC_APB2PeriphResetCmd
    stm32f10x_rcc.o(.text) refers to stm32f10x_rcc.o(.data) for APBAHBPrescTable
[...]
    printf6.o(i.__0fprintf$6) refers to printf6.o(i._printf_core) for _printf_core
    printf6.o(i.__0fprintf$6) refers to usart.o(.text) for fputc
    printf6.o(i.__0printf$6) refers to printf6.o(i._printf_core) for _printf_core
    printf6.o(i.__0printf$6) refers to usart.o(.text) for fputc
    printf6.o(i.__0printf$6) refers to usart.o(.data) for __stdout
    printf6.o(i.__0snprintf$6) refers to printf6.o(i._printf_core) for _printf_core
    printf6.o(i.__0snprintf$6) refers to printf6.o(i._snputc) for _snputc
    printf6.o(i.__0sprintf$6) refers to printf6.o(i._printf_core) for _printf_core
    printf6.o(i.__0sprintf$6) refers to printf6.o(i._sputc) for _sputc
    printf6.o(i.__0vfprintf$6) refers to printf6.o(i._printf_core) for _printf_core
    printf6.o(i.__0vfprintf$6) refers to usart.o(.text) for fputc
    printf6.o(i.__0vprintf$6) refers to printf6.o(i._printf_core) for _printf_core
    printf6.o(i.__0vprintf$6) refers to usart.o(.text) for fputc
    printf6.o(i.__0vprintf$6) refers to usart.o(.data) for __stdout
    printf6.o(i.__0vsnprintf$6) refers to printf6.o(i._printf_core) for _printf_core
    printf6.o(i.__0vsnprintf$6) refers to printf6.o(i._snputc) for _snputc
    printf6.o(i.__0vsprintf$6) refers to printf6.o(i._printf_core) for _printf_core
    printf6.o(i.__0vsprintf$6) refers to printf6.o(i._sputc) for _sputc
    printf6.o(i._printf_core) refers to printf6.o(i._printf_pre_padding) for _printf_pre_padding
    printf6.o(i._printf_core) refers to uidiv.o(.text) for __aeabi_uidivmod
    printf6.o(i._printf_core) refers to printf6.o(i._printf_post_padding) for _printf_post_padding
    printf7.o(i.__0fprintf$7) refers to printf7.o(i._printf_core) for _printf_core
    printf7.o(i.__0fprintf$7) refers to usart.o(.text) for fputc
    printf7.o(i.__0printf$7) refers to printf7.o(i._printf_core) for _printf_core
    printf7.o(i.__0printf$7) refers to usart.o(.text) for fputc
    printf7.o(i.__0printf$7) refers to usart.o(.data) for __stdout
    printf7.o(i.__0snprintf$7) refers to printf7.o(i._printf_core) for _printf_core
    printf7.o(i.__0snprintf$7) refers to printf7.o(i._snputc) for _snputc
    printf7.o(i.__0sprintf$7) refers to printf7.o(i._printf_core) for _printf_core
    printf7.o(i.__0sprintf$7) refers to printf7.o(i._sputc) for _sputc
    printf7.o(i.__0vfprintf$7) refers to printf7.o(i._printf_core) for _printf_core
    printf7.o(i.__0vfprintf$7) refers to usart.o(.text) for fputc
    printf7.o(i.__0vprintf$7) refers to printf7.o(i._printf_core) for _printf_core
    printf7.o(i.__0vprintf$7) refers to usart.o(.text) for fputc
    printf7.o(i.__0vprintf$7) refers to usart.o(.data) for __stdout
    printf7.o(i.__0vsnprintf$7) refers to printf7.o(i._printf_core) for _printf_core
    printf7.o(i.__0vsnprintf$7) refers to printf7.o(i._snputc) for _snputc
    printf7.o(i.__0vsprintf$7) refers to printf7.o(i._printf_core) for _printf_core
    printf7.o(i.__0vsprintf$7) refers to printf7.o(i._sputc) for _sputc
    printf7.o(i._printf_core) refers to printf7.o(i._printf_pre_padding) for _printf_pre_padding
    printf7.o(i._printf_core) refers to uldiv.o(.text) for __aeabi_uldivmod
    printf7.o(i._printf_core) refers to printf7.o(i._printf_post_padding) for _printf_post_padding
    printf8.o(i.__0fprintf$8) refers to printf8.o(i._printf_core) for _printf_core
    printf8.o(i.__0fprintf$8) refers to usart.o(.text) for fputc
    printf8.o(i.__0printf$8) refers to printf8.o(i._printf_core) for _printf_core
    printf8.o(i.__0printf$8) refers to usart.o(.text) for fputc
    printf8.o(i.__0printf$8) refers to usart.o(.data) for __stdout
    printf8.o(i.__0snprintf$8) refers to printf8.o(i._printf_core) for _printf_core
    printf8.o(i.__0snprintf$8) refers to printf8.o(i._snputc) for _snputc
    printf8.o(i.__0sprintf$8) refers to printf8.o(i._printf_core) for _printf_core
    printf8.o(i.__0sprintf$8) refers to printf8.o(i._sputc) for _sputc
    printf8.o(i.__0vfprintf$8) refers to printf8.o(i._printf_core) for _printf_core
    printf8.o(i.__0vfprintf$8) refers to usart.o(.text) for fputc
    printf8.o(i.__0vprintf$8) refers to printf8.o(i._printf_core) for _printf_core
    printf8.o(i.__0vprintf$8) refers to usart.o(.text) for fputc
    printf8.o(i.__0vprintf$8) refers to usart.o(.data) for __stdout
    printf8.o(i.__0vsnprintf$8) refers to printf8.o(i._printf_core) for _printf_core
    printf8.o(i.__0vsnprintf$8) refers to printf8.o(i._snputc) for _snputc
    printf8.o(i.__0vsprintf$8) refers to printf8.o(i._printf_core) for _printf_core
    printf8.o(i.__0vsprintf$8) refers to printf8.o(i._sputc) for _sputc
    printf8.o(i._printf_core) refers to printf8.o(i._printf_pre_padding) for _printf_pre_padding
    printf8.o(i._printf_core) refers to uldiv.o(.text) for __aeabi_uldivmod
    printf8.o(i._printf_core) refers to printf8.o(i._printf_post_padding) for _printf_post_padding
    printfa.o(i.__0fprintf) refers (Special) to iusefp.o(.text) for __I$use$fp
    printfa.o(i.__0fprintf) refers to printfa.o(i._printf_core) for _printf_core
    printfa.o(i.__0fprintf) refers to usart.o(.text) for fputc
    printfa.o(i.__0printf) refers (Special) to iusefp.o(.text) for __I$use$fp
    printfa.o(i.__0printf) refers to printfa.o(i._printf_core) for _printf_core
    printfa.o(i.__0printf) refers to usart.o(.text) for fputc
    printfa.o(i.__0printf) refers to usart.o(.data) for __stdout
    printfa.o(i.__0snprintf) refers (Special) to iusefp.o(.text) for __I$use$fp
    printfa.o(i.__0snprintf) refers to printfa.o(i._printf_core) for _printf_core
    printfa.o(i.__0snprintf) refers to printfa.o(i._snputc) for _snputc
    printfa.o(i.__0sprintf) refers (Special) to iusefp.o(.text) for __I$use$fp
    printfa.o(i.__0sprintf) refers to printfa.o(i._printf_core) for _printf_core
    printfa.o(i.__0sprintf) refers to printfa.o(i._sputc) for _sputc
    printfa.o(i.__0vfprintf) refers (Special) to iusefp.o(.text) for __I$use$fp
    printfa.o(i.__0vfprintf) refers to printfa.o(i._printf_core) for _printf_core
    printfa.o(i.__0vfprintf) refers to usart.o(.text) for fputc
    printfa.o(i.__0vprintf) refers (Special) to iusefp.o(.text) for __I$use$fp
    printfa.o(i.__0vprintf) refers to printfa.o(i._printf_core) for _printf_core
    printfa.o(i.__0vprintf) refers to usart.o(.text) for fputc
    printfa.o(i.__0vprintf) refers to usart.o(.data) for __stdout
    printfa.o(i.__0vsnprintf) refers (Special) to iusefp.o(.text) for __I$use$fp
    printfa.o(i.__0vsnprintf) refers to printfa.o(i._printf_core) for _printf_core
    printfa.o(i.__0vsnprintf) refers to printfa.o(i._snputc) for _snputc
    printfa.o(i.__0vsprintf) refers (Special) to iusefp.o(.text) for __I$use$fp
    printfa.o(i.__0vsprintf) refers to printfa.o(i._printf_core) for _printf_core
    printfa.o(i.__0vsprintf) refers to printfa.o(i._sputc) for _sputc
    printfa.o(i._fp_digits) refers (Special) to iusefp.o(.text) for __I$use$fp
    printfa.o(i._fp_digits) refers to dmul.o(.text) for __aeabi_dmul
    printfa.o(i._fp_digits) refers to ddiv.o(.text) for __aeabi_ddiv
    printfa.o(i._fp_digits) refers to cdrcmple.o(.text) for __aeabi_cdrcmple
    printfa.o(i._fp_digits) refers to dadd.o(.text) for __aeabi_dadd
    printfa.o(i._fp_digits) refers to dfixul.o(.text) for __aeabi_d2ulz
    printfa.o(i._fp_digits) refers to uldiv.o(.text) for __aeabi_uldivmod
    printfa.o(i._printf_core) refers (Special) to iusefp.o(.text) for __I$use$fp
    printfa.o(i._printf_core) refers to printfa.o(i._printf_pre_padding) for _printf_pre_padding
    printfa.o(i._printf_core) refers to uldiv.o(.text) for __aeabi_uldivmod
    printfa.o(i._printf_core) refers to printfa.o(i._printf_post_padding) for _printf_post_padding
    printfa.o(i._printf_core) refers to printfa.o(i._fp_digits) for _fp_digits
    printfa.o(i._printf_core) refers to uidiv.o(.text) for __aeabi_uidivmod
    printfa.o(i._printf_post_padding) refers (Special) to iusefp.o(.text) for __I$use$fp
    printfa.o(i._printf_pre_padding) refers (Special) to iusefp.o(.text) for __I$use$fp
    printfa.o(i._snputc) refers (Special) to iusefp.o(.text) for __I$use$fp
    printfa.o(i._sputc) refers (Special) to iusefp.o(.text) for __I$use$fp
    fmul.o(.text) refers (Special) to iusefp.o(.text) for __I$use$fp
    fdiv.o(.text) refers (Special) to iusefp.o(.text) for __I$use$fp
    fdiv.o(.text) refers to fepilogue.o(.text) for _float_round
    dadd.o(.text) refers (Special) to iusefp.o(.text) for __I$use$fp
    dadd.o(.text) refers to llshl.o(.text) for __aeabi_llsl
    dadd.o(.text) refers to llsshr.o(.text) for __aeabi_lasr
    dadd.o(.text) refers to depilogue.o(.text) for _double_epilogue
    ddiv.o(.text) refers (Special) to iusefp.o(.text) for __I$use$fp
    ddiv.o(.text) refers to depilogue.o(.text) for _double_round
    fflti.o(.text) refers (Special) to iusefp.o(.text) for __I$use$fp
    fflti.o(.text) refers to fepilogue.o(.text) for _float_epilogue
    ffltui.o(.text) refers (Special) to iusefp.o(.text) for __I$use$fp
    ffltui.o(.text) refers to fepilogue.o(.text) for _float_epilogue
    dfixi.o(.text) refers (Special) to iusefp.o(.text) for __I$use$fp
    dfixi.o(.text) refers to llushr.o(.text) for __aeabi_llsr
    f2d.o(.text) refers (Special) to iusefp.o(.text) for __I$use$fp
    entry2.o(.ARM.Collect$$$$00000001) refers to entry2.o(.ARM.Collect$$$$00002712) for __lit__00000000
    entry2.o(.ARM.Collect$$$$00002712) refers to startup_stm32f10x_hd.o(STACK) for __initial_sp
    entry2.o(__vectab_stack_and_reset_area) refers to startup_stm32f10x_hd.o(STACK) for __initial_sp
    entry2.o(__vectab_stack_and_reset_area) refers to entry.o(.ARM.Collect$$$$00000000) for __main
    entry5.o(.ARM.Collect$$$$00000004) refers to init.o(.text) for __scatterload
    entry9a.o(.ARM.Collect$$$$0000000B) refers to main.o(.text) for main
    entry9b.o(.ARM.Collect$$$$0000000C) refers to main.o(.text) for main
    uldiv.o(.text) refers to llushr.o(.text) for __aeabi_llsr
    uldiv.o(.text) refers to llshl.o(.text) for __aeabi_llsl
    depilogue.o(.text) refers to llshl.o(.text) for __aeabi_llsl
    depilogue.o(.text) refers to llushr.o(.text) for __aeabi_llsr
    dmul.o(.text) refers to depilogue.o(.text) for _double_epilogue
    dfixul.o(.text) refers to llushr.o(.text) for __aeabi_llsr
    dfixul.o(.text) refers to llshl.o(.text) for __aeabi_llsl
    init.o(.text) refers to entry5.o(.ARM.Collect$$$$00000004) for __main_after_scatterload


==============================================================================

Removing Unused input sections from the image.

    Removing sys.o(.emb_text), (6 bytes).
    Removing sys.o(.text), (12 bytes).
    Removing core_cm3.o(.emb_text), (32 bytes).
    Removing startup_stm32f10x_hd.o(HEAP), (512 bytes).
    Removing stm32f10x_fsmc.o(.text), (1548 bytes).
    Removing stm32f10x_exti.o(.text), (284 bytes).
    Removing stm32f10x_bkp.o(.text), (196 bytes).
    Removing stm32f10x_can.o(.text), (2544 bytes).
    Removing stm32f10x_cec.o(.text), (288 bytes).
    Removing stm32f10x_crc.o(.text), (72 bytes).
    Removing stm32f10x_dac.o(.text), (396 bytes).
    Removing stm32f10x_dbgmcu.o(.text), (48 bytes).
    Removing stm32f10x_dma.o(.text), (596 bytes).
    Removing stm32f10x_flash.o(.text), (1468 bytes).
    Removing stm32f10x_i2c.o(.text), (1028 bytes).
    Removing stm32f10x_iwdg.o(.text), (64 bytes).
    Removing stm32f10x_pwr.o(.text), (204 bytes).
    Removing stm32f10x_rtc.o(.text), (328 bytes).
    Removing stm32f10x_sdio.o(.text), (468 bytes).
    Removing stm32f10x_spi.o(.text), (780 bytes).
    Removing stm32f10x_wwdg.o(.text), (136 bytes).
    Removing fsr.o(.text), (140 bytes).
    Removing fsr.o(.data), (1 bytes).
    Removing hx711.o(.text), (364 bytes).
    Removing hx711.o(.data), (13 bytes).
    Removing led_1.o(.text), (56 bytes).
    Removing gui.o(.text), (2368 bytes).
    Removing gui.o(.constdata), (6646 bytes).
    Removing lcd_driver.o(.text), (1052 bytes).
    Removing tft_demo.o(.text), (772 bytes).
    Removing tft_demo.o(.constdata), (35456 bytes).
    Removing tft_demo.o(.data), (10 bytes).
    Removing dfixi.o(.text), (62 bytes).

33 unused section(s) (total 57950 bytes) removed from the image.

==============================================================================

Image Symbol Table

    Local Symbols

    Symbol Name                              Value     Ov Type        Size  Object(Section)

    ../clib/microlib/division.c              0x00000000   Number         0  uldiv.o ABSOLUTE
    ../clib/microlib/division.c              0x00000000   Number         0  uidiv.o ABSOLUTE
    ../clib/microlib/init/entry.s            0x00000000   Number         0  entry7a.o ABSOLUTE
    ../clib/microlib/init/entry.s            0x00000000   Number         0  entry8b.o ABSOLUTE
    ../clib/microlib/init/entry.s            0x00000000   Number         0  entry.o ABSOLUTE
    ../clib/microlib/init/entry.s            0x00000000   Number         0  entry8a.o ABSOLUTE
    ../clib/microlib/init/entry.s            0x00000000   Number         0  entry9b.o ABSOLUTE
    ../clib/microlib/init/entry.s            0x00000000   Number         0  entry2.o ABSOLUTE
    ../clib/microlib/init/entry.s            0x00000000   Number         0  entry10a.o ABSOLUTE
    ../clib/microlib/init/entry.s            0x00000000   Number         0  entry10b.o ABSOLUTE
    ../clib/microlib/init/entry.s            0x00000000   Number         0  entry7b.o ABSOLUTE
    ../clib/microlib/init/entry.s            0x00000000   Number         0  entry11a.o ABSOLUTE
    ../clib/microlib/init/entry.s            0x00000000   Number         0  entry9a.o ABSOLUTE
    ../clib/microlib/init/entry.s            0x00000000   Number         0  entry11b.o ABSOLUTE
    ../clib/microlib/init/entry.s            0x00000000   Number         0  entry5.o ABSOLUTE
    ../clib/microlib/longlong.c              0x00000000   Number         0  llsshr.o ABSOLUTE
    ../clib/microlib/longlong.c              0x00000000   Number         0  llushr.o ABSOLUTE
    ../clib/microlib/longlong.c              0x00000000   Number         0  llshl.o ABSOLUTE
    ../clib/microlib/printf/printf.c         0x00000000   Number         0  printf6.o ABSOLUTE
    ../clib/microlib/printf/printf.c         0x00000000   Number         0  printf1.o ABSOLUTE
    ../clib/microlib/printf/printf.c         0x00000000   Number         0  printf0.o ABSOLUTE
    ../clib/microlib/printf/printf.c         0x00000000   Number         0  printf2.o ABSOLUTE
    ../clib/microlib/printf/printf.c         0x00000000   Number         0  printfb.o ABSOLUTE
    ../clib/microlib/printf/printf.c         0x00000000   Number         0  printf3.o ABSOLUTE
    ../clib/microlib/printf/printf.c         0x00000000   Number         0  printf4.o ABSOLUTE
    ../clib/microlib/printf/printf.c         0x00000000   Number         0  printf5.o ABSOLUTE
    ../clib/microlib/printf/printf.c         0x00000000   Number         0  printf7.o ABSOLUTE
    ../clib/microlib/printf/printf.c         0x00000000   Number         0  printf8.o ABSOLUTE
    ../clib/microlib/printf/printf.c         0x00000000   Number         0  printfa.o ABSOLUTE
    ../clib/microlib/printf/stubs.s          0x00000000   Number         0  stubs.o ABSOLUTE
    ../clib/microlib/string/memset.c         0x00000000   Number         0  memseta.o ABSOLUTE
    ../clib/microlib/string/strlen.c         0x00000000   Number         0  strlen.o ABSOLUTE
    ../clib/microlib/string/strstr.c         0x00000000   Number         0  strstr.o ABSOLUTE
    ../clib/microlib/stubs.s                 0x00000000   Number         0  useno.o ABSOLUTE
    ../clib/microlib/stubs.s                 0x00000000   Number         0  iusefp.o ABSOLUTE
    ../fplib/microlib/f2d.c                  0x00000000   Number         0  f2d.o ABSOLUTE
    ../fplib/microlib/fpadd.c                0x00000000   Number         0  dadd.o ABSOLUTE
    ../fplib/microlib/fpdiv.c                0x00000000   Number         0  fdiv.o ABSOLUTE
    ../fplib/microlib/fpdiv.c                0x00000000   Number         0  ddiv.o ABSOLUTE
    ../fplib/microlib/fpepilogue.c           0x00000000   Number         0  fepilogue.o ABSOLUTE
    ../fplib/microlib/fpepilogue.c           0x00000000   Number         0  depilogue.o ABSOLUTE
    ../fplib/microlib/fpfix.c                0x00000000   Number         0  dfixul.o ABSOLUTE
    ../fplib/microlib/fpfix.c                0x00000000   Number         0  dfixi.o ABSOLUTE
    ../fplib/microlib/fpflt.c                0x00000000   Number         0  ffltui.o ABSOLUTE
    ../fplib/microlib/fpflt.c                0x00000000   Number         0  fflti.o ABSOLUTE
    ../fplib/microlib/fpmul.c                0x00000000   Number         0  dmul.o ABSOLUTE
    ../fplib/microlib/fpmul.c                0x00000000   Number         0  fmul.o ABSOLUTE
    ..\BLE\ble_app.c                         0x00000000   Number         0  ble_app.o ABSOLUTE
    ..\BLE\ble_uart.c                        0x00000000   Number         0  ble_uart.o ABSOLUTE
    ..\CORE\core_cm3.c                       0x00000000   Number         0  core_cm3.o ABSOLUTE
    ..\CORE\startup_stm32f10x_hd.s           0x00000000   Number         0  startup_stm32f10x_hd.o ABSOLUTE
    ..\HARDWARE\IMU901\imu901.c              0x00000000   Number         0  imu901.o ABSOLUTE
    ..\HARDWARE\IMU901\ringbuffer.c          0x00000000   Number         0  ringbuffer.o ABSOLUTE
    ..\HARDWARE\KEY\key.c                    0x00000000   Number         0  key.o ABSOLUTE
    ..\HARDWARE\LED\led.c                    0x00000000   Number         0  led.o ABSOLUTE
    ..\HARDWARE\TIMER\timer.c                0x00000000   Number         0  timer.o ABSOLUTE
    ..\HARDWARE\USART2\usart2.c              0x00000000   Number         0  usart2.o ABSOLUTE
    ..\HARDWARE\USART3\usart3.c              0x00000000   Number         0  usart3.o ABSOLUTE
    ..\MyCode\ADC\adc.c                      0x00000000   Number         0  adc.o ABSOLUTE
    ..\MyCode\FSR\FSR.c                      0x00000000   Number         0  fsr.o ABSOLUTE
    ..\MyCode\HX711\HX711.c                  0x00000000   Number         0  hx711.o ABSOLUTE
    ..\MyCode\TFT\GUI.c                      0x00000000   Number         0  gui.o ABSOLUTE
    ..\MyCode\TFT\Lcd_Driver.c               0x00000000   Number         0  lcd_driver.o ABSOLUTE
    ..\MyCode\TFT\TFT_demo.c                 0x00000000   Number         0  tft_demo.o ABSOLUTE
    ..\MyCode\led\LED.c                      0x00000000   Number         0  led_1.o ABSOLUTE
    ..\STM32F10x_FWLib\src\misc.c            0x00000000   Number         0  misc.o ABSOLUTE
    ..\STM32F10x_FWLib\src\stm32f10x_adc.c   0x00000000   Number         0  stm32f10x_adc.o ABSOLUTE
    ..\STM32F10x_FWLib\src\stm32f10x_bkp.c   0x00000000   Number         0  stm32f10x_bkp.o ABSOLUTE
    ..\STM32F10x_FWLib\src\stm32f10x_can.c   0x00000000   Number         0  stm32f10x_can.o ABSOLUTE
    ..\STM32F10x_FWLib\src\stm32f10x_cec.c   0x00000000   Number         0  stm32f10x_cec.o ABSOLUTE
    ..\STM32F10x_FWLib\src\stm32f10x_crc.c   0x00000000   Number         0  stm32f10x_crc.o ABSOLUTE
    ..\STM32F10x_FWLib\src\stm32f10x_dac.c   0x00000000   Number         0  stm32f10x_dac.o ABSOLUTE
    ..\STM32F10x_FWLib\src\stm32f10x_dbgmcu.c 0x00000000   Number         0  stm32f10x_dbgmcu.o ABSOLUTE
    ..\STM32F10x_FWLib\src\stm32f10x_dma.c   0x00000000   Number         0  stm32f10x_dma.o ABSOLUTE
    ..\STM32F10x_FWLib\src\stm32f10x_exti.c  0x00000000   Number         0  stm32f10x_exti.o ABSOLUTE
    ..\STM32F10x_FWLib\src\stm32f10x_flash.c 0x00000000   Number         0  stm32f10x_flash.o ABSOLUTE
    ..\STM32F10x_FWLib\src\stm32f10x_fsmc.c  0x00000000   Number         0  stm32f10x_fsmc.o ABSOLUTE
    ..\STM32F10x_FWLib\src\stm32f10x_gpio.c  0x00000000   Number         0  stm32f10x_gpio.o ABSOLUTE
    ..\STM32F10x_FWLib\src\stm32f10x_i2c.c   0x00000000   Number         0  stm32f10x_i2c.o ABSOLUTE
    ..\STM32F10x_FWLib\src\stm32f10x_iwdg.c  0x00000000   Number         0  stm32f10x_iwdg.o ABSOLUTE
    ..\STM32F10x_FWLib\src\stm32f10x_pwr.c   0x00000000   Number         0  stm32f10x_pwr.o ABSOLUTE
    ..\STM32F10x_FWLib\src\stm32f10x_rcc.c   0x00000000   Number         0  stm32f10x_rcc.o ABSOLUTE
    ..\STM32F10x_FWLib\src\stm32f10x_rtc.c   0x00000000   Number         0  stm32f10x_rtc.o ABSOLUTE
    ..\STM32F10x_FWLib\src\stm32f10x_sdio.c  0x00000000   Number         0  stm32f10x_sdio.o ABSOLUTE
    ..\STM32F10x_FWLib\src\stm32f10x_spi.c   0x00000000   Number         0  stm32f10x_spi.o ABSOLUTE
    ..\STM32F10x_FWLib\src\stm32f10x_tim.c   0x00000000   Number         0  stm32f10x_tim.o ABSOLUTE
    ..\STM32F10x_FWLib\src\stm32f10x_usart.c 0x00000000   Number         0  stm32f10x_usart.o ABSOLUTE
    ..\STM32F10x_FWLib\src\stm32f10x_wwdg.c  0x00000000   Number         0  stm32f10x_wwdg.o ABSOLUTE
    ..\SYSTEM\delay\delay.c                  0x00000000   Number         0  delay.o ABSOLUTE
    ..\SYSTEM\sys\sys.c                      0x00000000   Number         0  sys.o ABSOLUTE
    ..\SYSTEM\usart\usart.c                  0x00000000   Number         0  usart.o ABSOLUTE
    ..\\CORE\\core_cm3.c                     0x00000000   Number         0  core_cm3.o ABSOLUTE
    ..\\SYSTEM\\sys\\sys.c                   0x00000000   Number         0  sys.o ABSOLUTE
    cdrcmple.s                               0x00000000   Number         0  cdrcmple.o ABSOLUTE
    dc.s                                     0x00000000   Number         0  dc.o ABSOLUTE
    handlers.s                               0x00000000   Number         0  handlers.o ABSOLUTE
    init.s                                   0x00000000   Number         0  init.o ABSOLUTE
    main.c                                   0x00000000   Number         0  main.o ABSOLUTE
    stm32f10x_it.c                           0x00000000   Number         0  stm32f10x_it.o ABSOLUTE
    system_stm32f10x.c                       0x00000000   Number         0  system_stm32f10x.o ABSOLUTE
    RESET                                    0x08000000   Section      304  startup_stm32f10x_hd.o(RESET)
    .ARM.Collect$$$$00000000                 0x08000130   Section        0  entry.o(.ARM.Collect$$$$00000000)
    .ARM.Collect$$$$00000001                 0x08000130   Section        4  entry2.o(.ARM.Collect$$$$00000001)
    .ARM.Collect$$$$00000004                 0x08000134   Section        4  entry5.o(.ARM.Collect$$$$00000004)
    .ARM.Collect$$$$00000008                 0x08000138   Section        0  entry7b.o(.ARM.Collect$$$$00000008)
    .ARM.Collect$$$$0000000A                 0x08000138   Section        0  entry8b.o(.ARM.Collect$$$$0000000A)
    .ARM.Collect$$$$0000000B                 0x08000138   Section        8  entry9a.o(.ARM.Collect$$$$0000000B)
    .ARM.Collect$$$$0000000D                 0x08000140   Section        0  entry10a.o(.ARM.Collect$$$$0000000D)
    .ARM.Collect$$$$0000000F                 0x08000140   Section        0  entry11a.o(.ARM.Collect$$$$0000000F)
    .ARM.Collect$$$$00002712                 0x08000140   Section        4  entry2.o(.ARM.Collect$$$$00002712)
    __lit__00000000                          0x08000140   Data           4  entry2.o(.ARM.Collect$$$$00002712)
    .text                                    0x08000144   Section        0  main.o(.text)
    .text                                    0x08000524   Section        0  stm32f10x_it.o(.text)
    .text                                    0x08000540   Section        0  system_stm32f10x.o(.text)
    SetSysClockTo72                          0x08000541   Thumb Code   214  system_stm32f10x.o(.text)
    SetSysClock                              0x08000617   Thumb Code     8  system_stm32f10x.o(.text)
    .text                                    0x08000720   Section        0  led.o(.text)
    .text                                    0x0800076c   Section        0  key.o(.text)
    .text                                    0x08000868   Section        0  timer.o(.text)
    .text                                    0x08000918   Section        0  usart3.o(.text)
    .text                                    0x08000a8c   Section        0  imu901.o(.text)
    atkpReadRegSend                          0x08000fcb   Thumb Code    90  imu901.o(.text)
    .text                                    0x08001124   Section        0  ringbuffer.o(.text)
    .text                                    0x08001204   Section        0  usart2.o(.text)
    .text                                    0x0800131c   Section        0  delay.o(.text)
    .text                                    0x080013f0   Section        0  usart.o(.text)
    .text                                    0x08001530   Section       36  startup_stm32f10x_hd.o(.text)
    .text                                    0x08001554   Section        0  misc.o(.text)
    .text                                    0x08001630   Section        0  stm32f10x_gpio.o(.text)
    .text                                    0x0800198c   Section        0  stm32f10x_rcc.o(.text)
    .text                                    0x08001d30   Section        0  stm32f10x_usart.o(.text)
    .text                                    0x08002138   Section        0  stm32f10x_tim.o(.text)
    TI4_Config                               0x080025df   Thumb Code   130  stm32f10x_tim.o(.text)
    TI3_Config                               0x08002673   Thumb Code   122  stm32f10x_tim.o(.text)
    TI2_Config                               0x08002707   Thumb Code   130  stm32f10x_tim.o(.text)
    TI1_Config                               0x0800279b   Thumb Code   108  stm32f10x_tim.o(.text)
    .text                                    0x08002f54   Section        0  stm32f10x_adc.o(.text)
    .text                                    0x080033a4   Section        0  ble_uart.o(.text)
    .text                                    0x08003458   Section        0  ble_app.o(.text)
    .text                                    0x08003a94   Section        0  adc.o(.text)
    .text                                    0x08003b7c   Section        0  memseta.o(.text)
    .text                                    0x08003ba0   Section        0  strstr.o(.text)
    .text                                    0x08003bc4   Section        0  strlen.o(.text)
    .text                                    0x08003bd2   Section        0  fmul.o(.text)
    .text                                    0x08003c36   Section        0  fdiv.o(.text)
    .text                                    0x08003cb2   Section        0  dadd.o(.text)
    .text                                    0x08003e00   Section        0  ddiv.o(.text)
    .text                                    0x08003ede   Section        0  fflti.o(.text)
    .text                                    0x08003ef0   Section        0  ffltui.o(.text)
    .text                                    0x08003efa   Section        0  f2d.o(.text)
    .text                                    0x08003f20   Section        0  uidiv.o(.text)
    .text                                    0x08003f4c   Section        0  uldiv.o(.text)
    .text                                    0x08003fae   Section        0  llshl.o(.text)
    .text                                    0x08003fcc   Section        0  llushr.o(.text)
    .text                                    0x08003fec   Section        0  llsshr.o(.text)
    .text                                    0x08004010   Section        0  iusefp.o(.text)
    .text                                    0x08004010   Section        0  fepilogue.o(.text)
    .text                                    0x0800407e   Section        0  depilogue.o(.text)
    .text                                    0x08004138   Section        0  dmul.o(.text)
    .text                                    0x0800421c   Section        0  dfixul.o(.text)
    .text                                    0x0800424c   Section       48  cdrcmple.o(.text)
    .text                                    0x0800427c   Section       36  init.o(.text)
    i.__0printf                              0x080042a0   Section        0  printfa.o(i.__0printf)
    i.__0sprintf                             0x080042c0   Section        0  printfa.o(i.__0sprintf)
    i.__0vsprintf                            0x080042e8   Section        0  printfa.o(i.__0vsprintf)
    i.__scatterload_copy                     0x0800430c   Section       14  handlers.o(i.__scatterload_copy)
    i.__scatterload_null                     0x0800431a   Section        2  handlers.o(i.__scatterload_null)
    i.__scatterload_zeroinit                 0x0800431c   Section       14  handlers.o(i.__scatterload_zeroinit)
    i._fp_digits                             0x0800432c   Section        0  printfa.o(i._fp_digits)
    _fp_digits                               0x0800432d   Thumb Code   334  printfa.o(i._fp_digits)
    i._printf_core                           0x08004490   Section        0  printfa.o(i._printf_core)
    _printf_core                             0x08004491   Thumb Code  1744  printfa.o(i._printf_core)
    i._printf_post_padding                   0x08004b6c   Section        0  printfa.o(i._printf_post_padding)
    _printf_post_padding                     0x08004b6d   Thumb Code    36  printfa.o(i._printf_post_padding)
    i._printf_pre_padding                    0x08004b90   Section        0  printfa.o(i._printf_pre_padding)
    _printf_pre_padding                      0x08004b91   Thumb Code    46  printfa.o(i._printf_pre_padding)
    i._sputc                                 0x08004bbe   Section        0  printfa.o(i._sputc)
    _sputc                                   0x08004bbf   Thumb Code    10  printfa.o(i._sputc)
    .constdata                               0x08004bc8   Section       12  imu901.o(.constdata)
    .data                                    0x20000000   Section       24  main.o(.data)
    temp                                     0x20000010   Data           8  main.o(.data)
    .data                                    0x20000018   Section       20  system_stm32f10x.o(.data)
    .data                                    0x2000002c   Section        1  key.o(.data)
    key_up                                   0x2000002c   Data           1  key.o(.data)
    .data                                    0x2000002e   Section        2  usart3.o(.data)
    .data                                    0x20000030   Section       15  imu901.o(.data)
    rxState                                  0x2000003c   Data           1  imu901.o(.data)
    cksum                                    0x2000003d   Data           1  imu901.o(.data)
    dataIndex                                0x2000003e   Data           1  imu901.o(.data)
    .data                                    0x20000040   Section        4  delay.o(.data)
    fac_us                                   0x20000040   Data           1  delay.o(.data)
    fac_ms                                   0x20000042   Data           2  delay.o(.data)
    .data                                    0x20000044   Section        6  usart.o(.data)
    .data                                    0x2000004a   Section       20  stm32f10x_rcc.o(.data)
    APBAHBPrescTable                         0x2000004a   Data          16  stm32f10x_rcc.o(.data)
    ADCPrescTable                            0x2000005a   Data           4  stm32f10x_rcc.o(.data)
    .data                                    0x2000005e   Section        3  ble_app.o(.data)
    num                                      0x2000005e   Data           1  ble_app.o(.data)
    flag1                                    0x2000005f   Data           1  ble_app.o(.data)
    flag2                                    0x20000060   Data           1  ble_app.o(.data)
    .bss                                     0x20000064   Section     1640  usart3.o(.bss)
    .bss                                     0x200006cc   Section      121  imu901.o(.bss)
    .bss                                     0x20000748   Section      268  usart2.o(.bss)
    .bss                                     0x20000854   Section      200  usart.o(.bss)
    .bss                                     0x2000091c   Section       50  ble_app.o(.bss)
    STACK                                    0x20000950   Section     1024  startup_stm32f10x_hd.o(STACK)

    Global Symbols

    Symbol Name                              Value     Ov Type        Size  Object(Section)

    BuildAttributes$$THM_ISAv4$P$D$K$B$S$PE$A:L22UL41UL21$X:L11$S22US41US21$IEEE1$IW$USESV6$~STKCKD$USESV7$~SHL$OTIME$ROPI$EBA8$MICROLIB$REQ8$PRES8$EABIv2 0x00000000   Number         0  anon$$obj.o ABSOLUTE
    __ARM_use_no_argv                        0x00000000   Number         0  main.o ABSOLUTE
    __use_no_errno                           0x00000000   Number         0  useno.o ABSOLUTE
    __use_no_exception_handling              0x00000000   Number         0  useno.o ABSOLUTE
    __use_no_fp                              0x00000000   Number         0  useno.o ABSOLUTE
    __use_no_heap                            0x00000000   Number         0  useno.o ABSOLUTE
    __use_no_heap_region                     0x00000000   Number         0  useno.o ABSOLUTE
    __use_no_semihosting                     0x00000000   Number         0  useno.o ABSOLUTE
    __use_no_semihosting_swi                 0x00000000   Number         0  useno.o ABSOLUTE
    __use_no_signal_handling                 0x00000000   Number         0  useno.o ABSOLUTE
    _printf_a                                0x00000000   Number         0  stubs.o ABSOLUTE
    _printf_c                                0x00000000   Number         0  stubs.o ABSOLUTE
    _printf_charcount                        0x00000000   Number         0  stubs.o ABSOLUTE
    _printf_d                                0x00000000   Number         0  stubs.o ABSOLUTE
    _printf_e                                0x00000000   Number         0  stubs.o ABSOLUTE
    _printf_f                                0x00000000   Number         0  stubs.o ABSOLUTE
    _printf_flags                            0x00000000   Number         0  stubs.o ABSOLUTE
    _printf_fp_dec                           0x00000000   Number         0  stubs.o ABSOLUTE
    _printf_fp_hex                           0x00000000   Number         0  stubs.o ABSOLUTE
    _printf_g                                0x00000000   Number         0  stubs.o ABSOLUTE
    _printf_i                                0x00000000   Number         0  stubs.o ABSOLUTE
    _printf_int_dec                          0x00000000   Number         0  stubs.o ABSOLUTE
    _printf_l                                0x00000000   Number         0  stubs.o ABSOLUTE
    _printf_lc                               0x00000000   Number         0  stubs.o ABSOLUTE
    _printf_ll                               0x00000000   Number         0  stubs.o ABSOLUTE
    _printf_lld                              0x00000000   Number         0  stubs.o ABSOLUTE
    _printf_lli                              0x00000000   Number         0  stubs.o ABSOLUTE
    _printf_llo                              0x00000000   Number         0  stubs.o ABSOLUTE
    _printf_llu                              0x00000000   Number         0  stubs.o ABSOLUTE
    _printf_llx                              0x00000000   Number         0  stubs.o ABSOLUTE
    _printf_longlong_dec                     0x00000000   Number         0  stubs.o ABSOLUTE
    _printf_longlong_hex                     0x00000000   Number         0  stubs.o ABSOLUTE
    _printf_longlong_oct                     0x00000000   Number         0  stubs.o ABSOLUTE
    _printf_ls                               0x00000000   Number         0  stubs.o ABSOLUTE
    _printf_mbtowc                           0x00000000   Number         0  stubs.o ABSOLUTE
    _printf_n                                0x00000000   Number         0  stubs.o ABSOLUTE
    _printf_o                                0x00000000   Number         0  stubs.o ABSOLUTE
    _printf_p                                0x00000000   Number         0  stubs.o ABSOLUTE
    _printf_percent                          0x00000000   Number         0  stubs.o ABSOLUTE
    _printf_pre_padding                      0x00000000   Number         0  stubs.o ABSOLUTE
    _printf_return_value                     0x00000000   Number         0  stubs.o ABSOLUTE
    _printf_s                                0x00000000   Number         0  stubs.o ABSOLUTE
    _printf_sizespec                         0x00000000   Number         0  stubs.o ABSOLUTE
    _printf_str                              0x00000000   Number         0  stubs.o ABSOLUTE
    _printf_truncate_signed                  0x00000000   Number         0  stubs.o ABSOLUTE
    _printf_truncate_unsigned                0x00000000   Number         0  stubs.o ABSOLUTE
    _printf_u                                0x00000000   Number         0  stubs.o ABSOLUTE
    _printf_wc                               0x00000000   Number         0  stubs.o ABSOLUTE
    _printf_wctomb                           0x00000000   Number         0  stubs.o ABSOLUTE
    _printf_widthprec                        0x00000000   Number         0  stubs.o ABSOLUTE
    _printf_x                                0x00000000   Number         0  stubs.o ABSOLUTE
    __cpp_initialize__aeabi_                  - Undefined Weak Reference
    __cxa_finalize                            - Undefined Weak Reference
    __decompress                              - Undefined Weak Reference
    _clock_init                               - Undefined Weak Reference
    _microlib_exit                            - Undefined Weak Reference
    __Vectors_Size                           0x00000130   Number         0  startup_stm32f10x_hd.o ABSOLUTE
    __Vectors                                0x08000000   Data           4  startup_stm32f10x_hd.o(RESET)
    __Vectors_End                            0x08000130   Data           0  startup_stm32f10x_hd.o(RESET)
    __main                                   0x08000131   Thumb Code     0  entry.o(.ARM.Collect$$$$00000000)
    _main_stk                                0x08000131   Thumb Code     0  entry2.o(.ARM.Collect$$$$00000001)
    _main_scatterload                        0x08000135   Thumb Code     0  entry5.o(.ARM.Collect$$$$00000004)
    __main_after_scatterload                 0x08000139   Thumb Code     0  entry5.o(.ARM.Collect$$$$00000004)
    _main_clock                              0x08000139   Thumb Code     0  entry7b.o(.ARM.Collect$$$$00000008)
    _main_cpp_init                           0x08000139   Thumb Code     0  entry8b.o(.ARM.Collect$$$$0000000A)
    _main_init                               0x08000139   Thumb Code     0  entry9a.o(.ARM.Collect$$$$0000000B)
    __rt_final_cpp                           0x08000141   Thumb Code     0  entry10a.o(.ARM.Collect$$$$0000000D)
    __rt_final_exit                          0x08000141   Thumb Code     0  entry11a.o(.ARM.Collect$$$$0000000F)
    map                                      0x08000145   Thumb Code    22  main.o(.text)
    main                                     0x0800015b   Thumb Code   646  main.o(.text)
    NMI_Handler                              0x08000525   Thumb Code     2  stm32f10x_it.o(.text)
    HardFault_Handler                        0x08000527   Thumb Code     4  stm32f10x_it.o(.text)
    MemManage_Handler                        0x0800052b   Thumb Code     4  stm32f10x_it.o(.text)
    BusFault_Handler                         0x0800052f   Thumb Code     4  stm32f10x_it.o(.text)
    UsageFault_Handler                       0x08000533   Thumb Code     4  stm32f10x_it.o(.text)
    SVC_Handler                              0x08000537   Thumb Code     2  stm32f10x_it.o(.text)
    DebugMon_Handler                         0x08000539   Thumb Code     2  stm32f10x_it.o(.text)
    PendSV_Handler                           0x0800053b   Thumb Code     2  stm32f10x_it.o(.text)
    SysTick_Handler                          0x0800053d   Thumb Code     2  stm32f10x_it.o(.text)
    SystemInit                               0x0800061f   Thumb Code    78  system_stm32f10x.o(.text)
    SystemCoreClockUpdate                    0x0800066d   Thumb Code   142  system_stm32f10x.o(.text)
    LED_Init                                 0x08000721   Thumb Code    68  led.o(.text)
    KEY_Init                                 0x0800076d   Thumb Code    52  key.o(.text)
    KEY_Scan                                 0x080007a1   Thumb Code   188  key.o(.text)
    TIM7_SetARR                              0x08000869   Thumb Code    36  timer.o(.text)
    TIM7_IRQHandler                          0x0800088d   Thumb Code    42  timer.o(.text)
    TIM7_Int_Init                            0x080008b7   Thumb Code    90  timer.o(.text)
    USART3_IRQHandler                        0x08000919   Thumb Code    94  usart3.o(.text)
    usart3_init                              0x08000977   Thumb Code   178  usart3.o(.text)
    u3_printf                                0x08000a29   Thumb Code    72  usart3.o(.text)
    imu901_unpack                            0x08000a8d   Thumb Code   250  imu901.o(.text)
    atkpParsing                              0x08000b87   Thumb Code   930  imu901.o(.text)
    atkpWriteReg                             0x08000f29   Thumb Code   162  imu901.o(.text)
    atkpReadReg                              0x08001025   Thumb Code   136  imu901.o(.text)
    imu901_init                              0x080010ad   Thumb Code    98  imu901.o(.text)
    ringbuffer_init                          0x08001125   Thumb Code    12  ringbuffer.o(.text)
    ringbuffer_getUsedSize                   0x08001131   Thumb Code    34  ringbuffer.o(.text)
    ringbuffer_getRemainSize                 0x08001153   Thumb Code    20  ringbuffer.o(.text)
    ringbuffer_isEmpty                       0x08001167   Thumb Code    18  ringbuffer.o(.text)
    ringbuffer_in                            0x08001179   Thumb Code    40  ringbuffer.o(.text)
    ringbuffer_in_check                      0x080011a1   Thumb Code    38  ringbuffer.o(.text)
    ringbuffer_out                           0x080011c7   Thumb Code    60  ringbuffer.o(.text)
    usart2_init                              0x08001205   Thumb Code   178  usart2.o(.text)
    usart2_sendData                          0x080012b7   Thumb Code    28  usart2.o(.text)
    usart2_getRxData                         0x080012d3   Thumb Code    18  usart2.o(.text)
    USART2_IRQHandler                        0x080012e5   Thumb Code    38  usart2.o(.text)
    delay_init                               0x0800131d   Thumb Code    50  delay.o(.text)
    delay_us                                 0x0800134f   Thumb Code    72  delay.o(.text)
    delay_ms                                 0x08001397   Thumb Code    72  delay.o(.text)
    _sys_exit                                0x080013f1   Thumb Code     4  usart.o(.text)
    fputc                                    0x080013f5   Thumb Code    24  usart.o(.text)
    uart_init                                0x0800140d   Thumb Code   152  usart.o(.text)
    USART1_IRQHandler                        0x080014a5   Thumb Code   122  usart.o(.text)
    Reset_Handler                            0x08001531   Thumb Code     8  startup_stm32f10x_hd.o(.text)
    ADC1_2_IRQHandler                        0x0800154b   Thumb Code     0  startup_stm32f10x_hd.o(.text)
    ADC3_IRQHandler                          0x0800154b   Thumb Code     0  startup_stm32f10x_hd.o(.text)
    CAN1_RX1_IRQHandler                      0x0800154b   Thumb Code     0  startup_stm32f10x_hd.o(.text)
    CAN1_SCE_IRQHandler                      0x0800154b   Thumb Code     0  startup_stm32f10x_hd.o(.text)
    DMA1_Channel1_IRQHandler                 0x0800154b   Thumb Code     0  startup_stm32f10x_hd.o(.text)
    DMA1_Channel2_IRQHandler                 0x0800154b   Thumb Code     0  startup_stm32f10x_hd.o(.text)
    DMA1_Channel3_IRQHandler                 0x0800154b   Thumb Code     0  startup_stm32f10x_hd.o(.text)
    DMA1_Channel4_IRQHandler                 0x0800154b   Thumb Code     0  startup_stm32f10x_hd.o(.text)
    DMA1_Channel5_IRQHandler                 0x0800154b   Thumb Code     0  startup_stm32f10x_hd.o(.text)
    DMA1_Channel6_IRQHandler                 0x0800154b   Thumb Code     0  startup_stm32f10x_hd.o(.text)
    DMA1_Channel7_IRQHandler                 0x0800154b   Thumb Code     0  startup_stm32f10x_hd.o(.text)
    DMA2_Channel1_IRQHandler                 0x0800154b   Thumb Code     0  startup_stm32f10x_hd.o(.text)
    DMA2_Channel2_IRQHandler                 0x0800154b   Thumb Code     0  startup_stm32f10x_hd.o(.text)
    DMA2_Channel3_IRQHandler                 0x0800154b   Thumb Code     0  startup_stm32f10x_hd.o(.text)
    DMA2_Channel4_5_IRQHandler               0x0800154b   Thumb Code     0  startup_stm32f10x_hd.o(.text)
    EXTI0_IRQHandler                         0x0800154b   Thumb Code     0  startup_stm32f10x_hd.o(.text)
    EXTI15_10_IRQHandler                     0x0800154b   Thumb Code     0  startup_stm32f10x_hd.o(.text)
    EXTI1_IRQHandler                         0x0800154b   Thumb Code     0  startup_stm32f10x_hd.o(.text)
    EXTI2_IRQHandler                         0x0800154b   Thumb Code     0  startup_stm32f10x_hd.o(.text)
    EXTI3_IRQHandler                         0x0800154b   Thumb Code     0  startup_stm32f10x_hd.o(.text)
    EXTI4_IRQHandler                         0x0800154b   Thumb Code     0  startup_stm32f10x_hd.o(.text)
    EXTI9_5_IRQHandler                       0x0800154b   Thumb Code     0  startup_stm32f10x_hd.o(.text)
    FLASH_IRQHandler                         0x0800154b   Thumb Code     0  startup_stm32f10x_hd.o(.text)
    FSMC_IRQHandler                          0x0800154b   Thumb Code     0  startup_stm32f10x_hd.o(.text)
    I2C1_ER_IRQHandler                       0x0800154b   Thumb Code     0  startup_stm32f10x_hd.o(.text)
    I2C1_EV_IRQHandler                       0x0800154b   Thumb Code     0  startup_stm32f10x_hd.o(.text)
    I2C2_ER_IRQHandler                       0x0800154b   Thumb Code     0  startup_stm32f10x_hd.o(.text)
    I2C2_EV_IRQHandler                       0x0800154b   Thumb Code     0  startup_stm32f10x_hd.o(.text)
    PVD_IRQHandler                           0x0800154b   Thumb Code     0  startup_stm32f10x_hd.o(.text)
    RCC_IRQHandler                           0x0800154b   Thumb Code     0  startup_stm32f10x_hd.o(.text)
    RTCAlarm_IRQHandler                      0x0800154b   Thumb Code     0  startup_stm32f10x_hd.o(.text)
    RTC_IRQHandler                           0x0800154b   Thumb Code     0  startup_stm32f10x_hd.o(.text)
    SDIO_IRQHandler                          0x0800154b   Thumb Code     0  startup_stm32f10x_hd.o(.text)
    SPI1_IRQHandler                          0x0800154b   Thumb Code     0  startup_stm32f10x_hd.o(.text)
    SPI2_IRQHandler                          0x0800154b   Thumb Code     0  startup_stm32f10x_hd.o(.text)
    SPI3_IRQHandler                          0x0800154b   Thumb Code     0  startup_stm32f10x_hd.o(.text)
    TAMPER_IRQHandler                        0x0800154b   Thumb Code     0  startup_stm32f10x_hd.o(.text)
    TIM1_BRK_IRQHandler                      0x0800154b   Thumb Code     0  startup_stm32f10x_hd.o(.text)
    TIM1_CC_IRQHandler                       0x0800154b   Thumb Code     0  startup_stm32f10x_hd.o(.text)
    TIM1_TRG_COM_IRQHandler                  0x0800154b   Thumb Code     0  startup_stm32f10x_hd.o(.text)
    TIM1_UP_IRQHandler                       0x0800154b   Thumb Code     0  startup_stm32f10x_hd.o(.text)
    TIM2_IRQHandler                          0x0800154b   Thumb Code     0  startup_stm32f10x_hd.o(.text)
    TIM3_IRQHandler                          0x0800154b   Thumb Code     0  startup_stm32f10x_hd.o(.text)
    TIM4_IRQHandler                          0x0800154b   Thumb Code     0  startup_stm32f10x_hd.o(.text)
    TIM5_IRQHandler                          0x0800154b   Thumb Code     0  startup_stm32f10x_hd.o(.text)
    TIM6_IRQHandler                          0x0800154b   Thumb Code     0  startup_stm32f10x_hd.o(.text)
    TIM8_BRK_IRQHandler                      0x0800154b   Thumb Code     0  startup_stm32f10x_hd.o(.text)
    TIM8_CC_IRQHandler                       0x0800154b   Thumb Code     0  startup_stm32f10x_hd.o(.text)
    TIM8_TRG_COM_IRQHandler                  0x0800154b   Thumb Code     0  startup_stm32f10x_hd.o(.text)
    TIM8_UP_IRQHandler                       0x0800154b   Thumb Code     0  startup_stm32f10x_hd.o(.text)
    UART4_IRQHandler                         0x0800154b   Thumb Code     0  startup_stm32f10x_hd.o(.text)
    UART5_IRQHandler                         0x0800154b   Thumb Code     0  startup_stm32f10x_hd.o(.text)
    USBWakeUp_IRQHandler                     0x0800154b   Thumb Code     0  startup_stm32f10x_hd.o(.text)
    USB_HP_CAN1_TX_IRQHandler                0x0800154b   Thumb Code     0  startup_stm32f10x_hd.o(.text)
    USB_LP_CAN1_RX0_IRQHandler               0x0800154b   Thumb Code     0  startup_stm32f10x_hd.o(.text)
    WWDG_IRQHandler                          0x0800154b   Thumb Code     0  startup_stm32f10x_hd.o(.text)
    NVIC_PriorityGroupConfig                 0x08001555   Thumb Code    10  misc.o(.text)
    NVIC_Init                                0x0800155f   Thumb Code   100  misc.o(.text)
    NVIC_SetVectorTable                      0x080015c3   Thumb Code    14  misc.o(.text)
    NVIC_SystemLPConfig                      0x080015d1   Thumb Code    34  misc.o(.text)
    SysTick_CLKSourceConfig                  0x080015f3   Thumb Code    40  misc.o(.text)
    GPIO_DeInit                              0x08001631   Thumb Code   172  stm32f10x_gpio.o(.text)
    GPIO_AFIODeInit                          0x080016dd   Thumb Code    20  stm32f10x_gpio.o(.text)
    GPIO_Init                                0x080016f1   Thumb Code   278  stm32f10x_gpio.o(.text)
    GPIO_StructInit                          0x08001807   Thumb Code    16  stm32f10x_gpio.o(.text)
    GPIO_ReadInputDataBit                    0x08001817   Thumb Code    18  stm32f10x_gpio.o(.text)
    GPIO_ReadInputData                       0x08001829   Thumb Code     8  stm32f10x_gpio.o(.text)
    GPIO_ReadOutputDataBit                   0x08001831   Thumb Code    18  stm32f10x_gpio.o(.text)
    GPIO_ReadOutputData                      0x08001843   Thumb Code     8  stm32f10x_gpio.o(.text)
    GPIO_SetBits                             0x0800184b   Thumb Code     4  stm32f10x_gpio.o(.text)
    GPIO_ResetBits                           0x0800184f   Thumb Code     4  stm32f10x_gpio.o(.text)
    GPIO_WriteBit                            0x08001853   Thumb Code    10  stm32f10x_gpio.o(.text)
    GPIO_Write                               0x0800185d   Thumb Code     4  stm32f10x_gpio.o(.text)
    GPIO_PinLockConfig                       0x08001861   Thumb Code    18  stm32f10x_gpio.o(.text)
    GPIO_EventOutputConfig                   0x08001873   Thumb Code    26  stm32f10x_gpio.o(.text)
    GPIO_EventOutputCmd                      0x0800188d   Thumb Code     6  stm32f10x_gpio.o(.text)
    GPIO_PinRemapConfig                      0x08001893   Thumb Code   138  stm32f10x_gpio.o(.text)
    GPIO_EXTILineConfig                      0x0800191d   Thumb Code    66  stm32f10x_gpio.o(.text)
    GPIO_ETH_MediaInterfaceConfig            0x0800195f   Thumb Code     8  stm32f10x_gpio.o(.text)
    RCC_DeInit                               0x0800198d   Thumb Code    64  stm32f10x_rcc.o(.text)
    RCC_HSEConfig                            0x080019cd   Thumb Code    70  stm32f10x_rcc.o(.text)
    RCC_GetFlagStatus                        0x08001a13   Thumb Code    56  stm32f10x_rcc.o(.text)
    RCC_WaitForHSEStartUp                    0x08001a4b   Thumb Code    56  stm32f10x_rcc.o(.text)
    RCC_AdjustHSICalibrationValue            0x08001a83   Thumb Code    20  stm32f10x_rcc.o(.text)
    RCC_HSICmd                               0x08001a97   Thumb Code     6  stm32f10x_rcc.o(.text)
    RCC_PLLConfig                            0x08001a9d   Thumb Code    24  stm32f10x_rcc.o(.text)
    RCC_PLLCmd                               0x08001ab5   Thumb Code     6  stm32f10x_rcc.o(.text)
    RCC_SYSCLKConfig                         0x08001abb   Thumb Code    18  stm32f10x_rcc.o(.text)
    RCC_GetSYSCLKSource                      0x08001acd   Thumb Code    10  stm32f10x_rcc.o(.text)
    RCC_HCLKConfig                           0x08001ad7   Thumb Code    18  stm32f10x_rcc.o(.text)
    RCC_PCLK1Config                          0x08001ae9   Thumb Code    18  stm32f10x_rcc.o(.text)
    RCC_PCLK2Config                          0x08001afb   Thumb Code    20  stm32f10x_rcc.o(.text)
    RCC_ITConfig                             0x08001b0f   Thumb Code    26  stm32f10x_rcc.o(.text)
    RCC_USBCLKConfig                         0x08001b29   Thumb Code     8  stm32f10x_rcc.o(.text)
    RCC_ADCCLKConfig                         0x08001b31   Thumb Code    18  stm32f10x_rcc.o(.text)
    RCC_LSEConfig                            0x08001b43   Thumb Code    50  stm32f10x_rcc.o(.text)
    RCC_LSICmd                               0x08001b75   Thumb Code     6  stm32f10x_rcc.o(.text)
    RCC_RTCCLKConfig                         0x08001b7b   Thumb Code    12  stm32f10x_rcc.o(.text)
    RCC_RTCCLKCmd                            0x08001b87   Thumb Code     8  stm32f10x_rcc.o(.text)
    RCC_GetClocksFreq                        0x08001b8f   Thumb Code   192  stm32f10x_rcc.o(.text)
    RCC_AHBPeriphClockCmd                    0x08001c4f   Thumb Code    26  stm32f10x_rcc.o(.text)
    RCC_APB2PeriphClockCmd                   0x08001c69   Thumb Code    26  stm32f10x_rcc.o(.text)
    RCC_APB1PeriphClockCmd                   0x08001c83   Thumb Code    26  stm32f10x_rcc.o(.text)
    RCC_APB2PeriphResetCmd                   0x08001c9d   Thumb Code    26  stm32f10x_rcc.o(.text)
    RCC_APB1PeriphResetCmd                   0x08001cb7   Thumb Code    26  stm32f10x_rcc.o(.text)
    RCC_BackupResetCmd                       0x08001cd1   Thumb Code     8  stm32f10x_rcc.o(.text)
    RCC_ClockSecuritySystemCmd               0x08001cd9   Thumb Code     6  stm32f10x_rcc.o(.text)
    RCC_MCOConfig                            0x08001cdf   Thumb Code     6  stm32f10x_rcc.o(.text)
    RCC_ClearFlag                            0x08001ce5   Thumb Code    14  stm32f10x_rcc.o(.text)
    RCC_GetITStatus                          0x08001cf3   Thumb Code    20  stm32f10x_rcc.o(.text)
    RCC_ClearITPendingBit                    0x08001d07   Thumb Code     6  stm32f10x_rcc.o(.text)
    USART_DeInit                             0x08001d31   Thumb Code   134  stm32f10x_usart.o(.text)
    USART_Init                               0x08001db7   Thumb Code   210  stm32f10x_usart.o(.text)
    USART_StructInit                         0x08001e89   Thumb Code    24  stm32f10x_usart.o(.text)
    USART_ClockInit                          0x08001ea1   Thumb Code    34  stm32f10x_usart.o(.text)
    USART_ClockStructInit                    0x08001ec3   Thumb Code    12  stm32f10x_usart.o(.text)
    USART_Cmd                                0x08001ecf   Thumb Code    24  stm32f10x_usart.o(.text)
    USART_ITConfig                           0x08001ee7   Thumb Code    74  stm32f10x_usart.o(.text)
    USART_DMACmd                             0x08001f31   Thumb Code    18  stm32f10x_usart.o(.text)
    USART_SetAddress                         0x08001f43   Thumb Code    18  stm32f10x_usart.o(.text)
    USART_WakeUpConfig                       0x08001f55   Thumb Code    18  stm32f10x_usart.o(.text)
    USART_ReceiverWakeUpCmd                  0x08001f67   Thumb Code    24  stm32f10x_usart.o(.text)
    USART_LINBreakDetectLengthConfig         0x08001f7f   Thumb Code    18  stm32f10x_usart.o(.text)
    USART_LINCmd                             0x08001f91   Thumb Code    24  stm32f10x_usart.o(.text)
    USART_SendData                           0x08001fa9   Thumb Code     8  stm32f10x_usart.o(.text)
    USART_ReceiveData                        0x08001fb1   Thumb Code    10  stm32f10x_usart.o(.text)
    USART_SendBreak                          0x08001fbb   Thumb Code    10  stm32f10x_usart.o(.text)
    USART_SetGuardTime                       0x08001fc5   Thumb Code    16  stm32f10x_usart.o(.text)
    USART_SetPrescaler                       0x08001fd5   Thumb Code    16  stm32f10x_usart.o(.text)
    USART_SmartCardCmd                       0x08001fe5   Thumb Code    24  stm32f10x_usart.o(.text)
    USART_SmartCardNACKCmd                   0x08001ffd   Thumb Code    24  stm32f10x_usart.o(.text)
    USART_HalfDuplexCmd                      0x08002015   Thumb Code    24  stm32f10x_usart.o(.text)
    USART_OverSampling8Cmd                   0x0800202d   Thumb Code    22  stm32f10x_usart.o(.text)
    USART_OneBitMethodCmd                    0x08002043   Thumb Code    24  stm32f10x_usart.o(.text)
    USART_IrDAConfig                         0x0800205b   Thumb Code    18  stm32f10x_usart.o(.text)
    USART_IrDACmd                            0x0800206d   Thumb Code    24  stm32f10x_usart.o(.text)
    USART_GetFlagStatus                      0x08002085   Thumb Code    26  stm32f10x_usart.o(.text)
    USART_ClearFlag                          0x0800209f   Thumb Code    18  stm32f10x_usart.o(.text)
    USART_GetITStatus                        0x080020b1   Thumb Code    84  stm32f10x_usart.o(.text)
    USART_ClearITPendingBit                  0x08002105   Thumb Code    52  stm32f10x_usart.o(.text)
    TIM_DeInit                               0x08002139   Thumb Code   424  stm32f10x_tim.o(.text)
    TIM_TimeBaseInit                         0x080022e1   Thumb Code   122  stm32f10x_tim.o(.text)
    TIM_OC1Init                              0x0800235b   Thumb Code   132  stm32f10x_tim.o(.text)
    TIM_OC2Init                              0x080023df   Thumb Code   154  stm32f10x_tim.o(.text)
    TIM_OC3Init                              0x08002479   Thumb Code   150  stm32f10x_tim.o(.text)
    TIM_OC4Init                              0x0800250f   Thumb Code   182  stm32f10x_tim.o(.text)
    TIM_SetIC4Prescaler                      0x080025c5   Thumb Code    26  stm32f10x_tim.o(.text)
    TIM_SetIC3Prescaler                      0x08002661   Thumb Code    18  stm32f10x_tim.o(.text)
    TIM_SetIC2Prescaler                      0x080026ed   Thumb Code    26  stm32f10x_tim.o(.text)
    TIM_SetIC1Prescaler                      0x08002789   Thumb Code    18  stm32f10x_tim.o(.text)
    TIM_ICInit                               0x08002807   Thumb Code   150  stm32f10x_tim.o(.text)
    TIM_PWMIConfig                           0x0800289d   Thumb Code   124  stm32f10x_tim.o(.text)
    TIM_BDTRConfig                           0x08002919   Thumb Code    32  stm32f10x_tim.o(.text)
    TIM_TimeBaseStructInit                   0x08002939   Thumb Code    18  stm32f10x_tim.o(.text)
    TIM_OCStructInit                         0x0800294b   Thumb Code    20  stm32f10x_tim.o(.text)
    TIM_ICStructInit                         0x0800295f   Thumb Code    18  stm32f10x_tim.o(.text)
    TIM_BDTRStructInit                       0x08002971   Thumb Code    40  stm32f10x_tim.o(.text)
    TIM_Cmd                                  0x08002999   Thumb Code    24  stm32f10x_tim.o(.text)
    TIM_CtrlPWMOutputs                       0x080029b1   Thumb Code    30  stm32f10x_tim.o(.text)
    TIM_ITConfig                             0x080029cf   Thumb Code    18  stm32f10x_tim.o(.text)
    TIM_GenerateEvent                        0x080029e1   Thumb Code     4  stm32f10x_tim.o(.text)
    TIM_DMAConfig                            0x080029e5   Thumb Code    10  stm32f10x_tim.o(.text)
    TIM_DMACmd                               0x080029ef   Thumb Code    18  stm32f10x_tim.o(.text)
    TIM_InternalClockConfig                  0x08002a01   Thumb Code    12  stm32f10x_tim.o(.text)
    TIM_SelectInputTrigger                   0x08002a0d   Thumb Code    18  stm32f10x_tim.o(.text)
    TIM_ITRxExternalClockConfig              0x08002a1f   Thumb Code    24  stm32f10x_tim.o(.text)
    TIM_TIxExternalClockConfig               0x08002a37   Thumb Code    62  stm32f10x_tim.o(.text)
    TIM_ETRConfig                            0x08002a75   Thumb Code    28  stm32f10x_tim.o(.text)
    TIM_ETRClockMode1Config                  0x08002a91   Thumb Code    54  stm32f10x_tim.o(.text)
    TIM_ETRClockMode2Config                  0x08002ac7   Thumb Code    32  stm32f10x_tim.o(.text)
    TIM_PrescalerConfig                      0x08002ae7   Thumb Code     6  stm32f10x_tim.o(.text)
    TIM_CounterModeConfig                    0x08002aed   Thumb Code    18  stm32f10x_tim.o(.text)
    TIM_EncoderInterfaceConfig               0x08002aff   Thumb Code    66  stm32f10x_tim.o(.text)
    TIM_ForcedOC1Config                      0x08002b41   Thumb Code    18  stm32f10x_tim.o(.text)
    TIM_ForcedOC2Config                      0x08002b53   Thumb Code    26  stm32f10x_tim.o(.text)
    TIM_ForcedOC3Config                      0x08002b6d   Thumb Code    18  stm32f10x_tim.o(.text)
    TIM_ForcedOC4Config                      0x08002b7f   Thumb Code    26  stm32f10x_tim.o(.text)
    TIM_ARRPreloadConfig                     0x08002b99   Thumb Code    24  stm32f10x_tim.o(.text)
    TIM_SelectCOM                            0x08002bb1   Thumb Code    24  stm32f10x_tim.o(.text)
    TIM_SelectCCDMA                          0x08002bc9   Thumb Code    24  stm32f10x_tim.o(.text)
    TIM_CCPreloadControl                     0x08002be1   Thumb Code    24  stm32f10x_tim.o(.text)
    TIM_OC1PreloadConfig                     0x08002bf9   Thumb Code    18  stm32f10x_tim.o(.text)
    TIM_OC2PreloadConfig                     0x08002c0b   Thumb Code    26  stm32f10x_tim.o(.text)
    TIM_OC3PreloadConfig                     0x08002c25   Thumb Code    18  stm32f10x_tim.o(.text)
    TIM_OC4PreloadConfig                     0x08002c37   Thumb Code    26  stm32f10x_tim.o(.text)
    TIM_OC1FastConfig                        0x08002c51   Thumb Code    18  stm32f10x_tim.o(.text)
    TIM_OC2FastConfig                        0x08002c63   Thumb Code    26  stm32f10x_tim.o(.text)
    TIM_OC3FastConfig                        0x08002c7d   Thumb Code    18  stm32f10x_tim.o(.text)
    TIM_OC4FastConfig                        0x08002c8f   Thumb Code    26  stm32f10x_tim.o(.text)
    TIM_ClearOC1Ref                          0x08002ca9   Thumb Code    18  stm32f10x_tim.o(.text)
    TIM_ClearOC2Ref                          0x08002cbb   Thumb Code    24  stm32f10x_tim.o(.text)
    TIM_ClearOC3Ref                          0x08002cd3   Thumb Code    18  stm32f10x_tim.o(.text)
    TIM_ClearOC4Ref                          0x08002ce5   Thumb Code    24  stm32f10x_tim.o(.text)
    TIM_OC1PolarityConfig                    0x08002cfd   Thumb Code    18  stm32f10x_tim.o(.text)
    TIM_OC1NPolarityConfig                   0x08002d0f   Thumb Code    18  stm32f10x_tim.o(.text)
    TIM_OC2PolarityConfig                    0x08002d21   Thumb Code    26  stm32f10x_tim.o(.text)
    TIM_OC2NPolarityConfig                   0x08002d3b   Thumb Code    26  stm32f10x_tim.o(.text)
    TIM_OC3PolarityConfig                    0x08002d55   Thumb Code    26  stm32f10x_tim.o(.text)
    TIM_OC3NPolarityConfig                   0x08002d6f   Thumb Code    26  stm32f10x_tim.o(.text)
    TIM_OC4PolarityConfig                    0x08002d89   Thumb Code    26  stm32f10x_tim.o(.text)
    TIM_CCxCmd                               0x08002da3   Thumb Code    30  stm32f10x_tim.o(.text)
    TIM_CCxNCmd                              0x08002dc1   Thumb Code    30  stm32f10x_tim.o(.text)
    TIM_SelectOCxM                           0x08002ddf   Thumb Code    82  stm32f10x_tim.o(.text)
    TIM_UpdateDisableConfig                  0x08002e31   Thumb Code    24  stm32f10x_tim.o(.text)
    TIM_UpdateRequestConfig                  0x08002e49   Thumb Code    24  stm32f10x_tim.o(.text)
    TIM_SelectHallSensor                     0x08002e61   Thumb Code    24  stm32f10x_tim.o(.text)
    TIM_SelectOnePulseMode                   0x08002e79   Thumb Code    18  stm32f10x_tim.o(.text)
    TIM_SelectOutputTrigger                  0x08002e8b   Thumb Code    18  stm32f10x_tim.o(.text)
    TIM_SelectSlaveMode                      0x08002e9d   Thumb Code    18  stm32f10x_tim.o(.text)
    TIM_SelectMasterSlaveMode                0x08002eaf   Thumb Code    18  stm32f10x_tim.o(.text)
    TIM_SetCounter                           0x08002ec1   Thumb Code     4  stm32f10x_tim.o(.text)
    TIM_SetAutoreload                        0x08002ec5   Thumb Code     4  stm32f10x_tim.o(.text)
    TIM_SetCompare1                          0x08002ec9   Thumb Code     4  stm32f10x_tim.o(.text)
    TIM_SetCompare2                          0x08002ecd   Thumb Code     4  stm32f10x_tim.o(.text)
    TIM_SetCompare3                          0x08002ed1   Thumb Code     4  stm32f10x_tim.o(.text)
    TIM_SetCompare4                          0x08002ed5   Thumb Code     6  stm32f10x_tim.o(.text)
    TIM_SetClockDivision                     0x08002edb   Thumb Code    18  stm32f10x_tim.o(.text)
    TIM_GetCapture1                          0x08002eed   Thumb Code     6  stm32f10x_tim.o(.text)
    TIM_GetCapture2                          0x08002ef3   Thumb Code     6  stm32f10x_tim.o(.text)
    TIM_GetCapture3                          0x08002ef9   Thumb Code     6  stm32f10x_tim.o(.text)
    TIM_GetCapture4                          0x08002eff   Thumb Code     8  stm32f10x_tim.o(.text)
    TIM_GetCounter                           0x08002f07   Thumb Code     6  stm32f10x_tim.o(.text)
    TIM_GetPrescaler                         0x08002f0d   Thumb Code     6  stm32f10x_tim.o(.text)
    TIM_GetFlagStatus                        0x08002f13   Thumb Code    18  stm32f10x_tim.o(.text)
    TIM_ClearFlag                            0x08002f25   Thumb Code     6  stm32f10x_tim.o(.text)
    TIM_GetITStatus                          0x08002f2b   Thumb Code    34  stm32f10x_tim.o(.text)
    TIM_ClearITPendingBit                    0x08002f4d   Thumb Code     6  stm32f10x_tim.o(.text)
    ADC_DeInit                               0x08002f55   Thumb Code    78  stm32f10x_adc.o(.text)
    ADC_Init                                 0x08002fa3   Thumb Code    70  stm32f10x_adc.o(.text)
    ADC_StructInit                           0x08002fe9   Thumb Code    18  stm32f10x_adc.o(.text)
    ADC_Cmd                                  0x08002ffb   Thumb Code    22  stm32f10x_adc.o(.text)
    ADC_DMACmd                               0x08003011   Thumb Code    22  stm32f10x_adc.o(.text)
    ADC_ITConfig                             0x08003027   Thumb Code    24  stm32f10x_adc.o(.text)
    ADC_ResetCalibration                     0x0800303f   Thumb Code    10  stm32f10x_adc.o(.text)
    ADC_GetResetCalibrationStatus            0x08003049   Thumb Code    20  stm32f10x_adc.o(.text)
    ADC_StartCalibration                     0x0800305d   Thumb Code    10  stm32f10x_adc.o(.text)
    ADC_GetCalibrationStatus                 0x08003067   Thumb Code    20  stm32f10x_adc.o(.text)
    ADC_SoftwareStartConvCmd                 0x0800307b   Thumb Code    22  stm32f10x_adc.o(.text)
    ADC_GetSoftwareStartConvStatus           0x08003091   Thumb Code    20  stm32f10x_adc.o(.text)
    ADC_DiscModeChannelCountConfig           0x080030a5   Thumb Code    24  stm32f10x_adc.o(.text)
    ADC_DiscModeCmd                          0x080030bd   Thumb Code    22  stm32f10x_adc.o(.text)
    ADC_RegularChannelConfig                 0x080030d3   Thumb Code   184  stm32f10x_adc.o(.text)
    ADC_ExternalTrigConvCmd                  0x0800318b   Thumb Code    22  stm32f10x_adc.o(.text)
    ADC_GetConversionValue                   0x080031a1   Thumb Code     8  stm32f10x_adc.o(.text)
    ADC_GetDualModeConversionValue           0x080031a9   Thumb Code     8  stm32f10x_adc.o(.text)
    ADC_AutoInjectedConvCmd                  0x080031b1   Thumb Code    22  stm32f10x_adc.o(.text)
    ADC_InjectedDiscModeCmd                  0x080031c7   Thumb Code    22  stm32f10x_adc.o(.text)
    ADC_ExternalTrigInjectedConvConfig       0x080031dd   Thumb Code    16  stm32f10x_adc.o(.text)
    ADC_ExternalTrigInjectedConvCmd          0x080031ed   Thumb Code    22  stm32f10x_adc.o(.text)
    ADC_SoftwareStartInjectedConvCmd         0x08003203   Thumb Code    22  stm32f10x_adc.o(.text)
    ADC_GetSoftwareStartInjectedConvCmdStatus 0x08003219   Thumb Code    20  stm32f10x_adc.o(.text)
    ADC_InjectedChannelConfig                0x0800322d   Thumb Code   130  stm32f10x_adc.o(.text)
    ADC_InjectedSequencerLengthConfig        0x080032af   Thumb Code    24  stm32f10x_adc.o(.text)
    ADC_SetInjectedOffset                    0x080032c7   Thumb Code    20  stm32f10x_adc.o(.text)
    ADC_GetInjectedConversionValue           0x080032db   Thumb Code    28  stm32f10x_adc.o(.text)
    ADC_AnalogWatchdogCmd                    0x080032f7   Thumb Code    16  stm32f10x_adc.o(.text)
    ADC_AnalogWatchdogThresholdsConfig       0x08003307   Thumb Code     6  stm32f10x_adc.o(.text)
    ADC_AnalogWatchdogSingleChannelConfig    0x0800330d   Thumb Code    16  stm32f10x_adc.o(.text)
    ADC_TempSensorVrefintCmd                 0x0800331d   Thumb Code    64  stm32f10x_adc.o(.text)
    ADC_GetFlagStatus                        0x0800335d   Thumb Code    18  stm32f10x_adc.o(.text)
    ADC_ClearFlag                            0x0800336f   Thumb Code     6  stm32f10x_adc.o(.text)
    ADC_GetITStatus                          0x08003375   Thumb Code    36  stm32f10x_adc.o(.text)
    ADC_ClearITPendingBit                    0x08003399   Thumb Code    10  stm32f10x_adc.o(.text)
    ble_check_cmd                            0x080033a5   Thumb Code    44  ble_uart.o(.text)
    ble_send_cmd                             0x080033d1   Thumb Code   116  ble_uart.o(.text)
    Ble_IoInit                               0x08003459   Thumb Code   102  ble_app.o(.text)
    Ble_SetInit                              0x080034bf   Thumb Code   440  ble_app.o(.text)
    Ble_UartWakeUp                           0x08003677   Thumb Code    16  ble_app.o(.text)
    Ble_WkupWakeUp                           0x08003687   Thumb Code    34  ble_app.o(.text)
    Ble_SendData                             0x080036a9   Thumb Code    52  ble_app.o(.text)
    Ble_ReceData                             0x080036dd   Thumb Code   136  ble_app.o(.text)
    Ble_Process                              0x08003765   Thumb Code    88  ble_app.o(.text)
    Ble_Test                                 0x080037bd   Thumb Code    18  ble_app.o(.text)
    Adc_Init                                 0x08003a95   Thumb Code   132  adc.o(.text)
    Get_Adc                                  0x08003b19   Thumb Code    46  adc.o(.text)
    Get_Adc_Average                          0x08003b47   Thumb Code    46  adc.o(.text)
    __aeabi_memset                           0x08003b7d   Thumb Code    14  memseta.o(.text)
    __aeabi_memset4                          0x08003b7d   Thumb Code     0  memseta.o(.text)
    __aeabi_memset8                          0x08003b7d   Thumb Code     0  memseta.o(.text)
    __aeabi_memclr                           0x08003b8b   Thumb Code     4  memseta.o(.text)
    __aeabi_memclr4                          0x08003b8b   Thumb Code     0  memseta.o(.text)
    __aeabi_memclr8                          0x08003b8b   Thumb Code     0  memseta.o(.text)
    _memset$wrapper                          0x08003b8f   Thumb Code    18  memseta.o(.text)
    strstr                                   0x08003ba1   Thumb Code    36  strstr.o(.text)
    strlen                                   0x08003bc5   Thumb Code    14  strlen.o(.text)
    __aeabi_fmul                             0x08003bd3   Thumb Code   100  fmul.o(.text)
    __aeabi_fdiv                             0x08003c37   Thumb Code   124  fdiv.o(.text)
    __aeabi_dadd                             0x08003cb3   Thumb Code   322  dadd.o(.text)
    __aeabi_dsub                             0x08003df5   Thumb Code     6  dadd.o(.text)
    __aeabi_drsub                            0x08003dfb   Thumb Code     6  dadd.o(.text)
    __aeabi_ddiv                             0x08003e01   Thumb Code   222  ddiv.o(.text)
    __aeabi_i2f                              0x08003edf   Thumb Code    18  fflti.o(.text)
    __aeabi_ui2f                             0x08003ef1   Thumb Code    10  ffltui.o(.text)
    __aeabi_f2d                              0x08003efb   Thumb Code    38  f2d.o(.text)
    __aeabi_uidiv                            0x08003f21   Thumb Code     0  uidiv.o(.text)
    __aeabi_uidivmod                         0x08003f21   Thumb Code    44  uidiv.o(.text)
    __aeabi_uldivmod                         0x08003f4d   Thumb Code    98  uldiv.o(.text)
    __aeabi_llsl                             0x08003faf   Thumb Code    30  llshl.o(.text)
    _ll_shift_l                              0x08003faf   Thumb Code     0  llshl.o(.text)
    __aeabi_llsr                             0x08003fcd   Thumb Code    32  llushr.o(.text)
    _ll_ushift_r                             0x08003fcd   Thumb Code     0  llushr.o(.text)
    __aeabi_lasr                             0x08003fed   Thumb Code    36  llsshr.o(.text)
    _ll_sshift_r                             0x08003fed   Thumb Code     0  llsshr.o(.text)
    __I$use$fp                               0x08004011   Thumb Code     0  iusefp.o(.text)
    _float_round                             0x08004011   Thumb Code    18  fepilogue.o(.text)
    _float_epilogue                          0x08004023   Thumb Code    92  fepilogue.o(.text)
    _double_round                            0x0800407f   Thumb Code    30  depilogue.o(.text)
    _double_epilogue                         0x0800409d   Thumb Code   156  depilogue.o(.text)
    __aeabi_dmul                             0x08004139   Thumb Code   228  dmul.o(.text)
    __aeabi_d2ulz                            0x0800421d   Thumb Code    48  dfixul.o(.text)
    __aeabi_cdrcmple                         0x0800424d   Thumb Code    48  cdrcmple.o(.text)
    __scatterload                            0x0800427d   Thumb Code    28  init.o(.text)
    __scatterload_rt2                        0x0800427d   Thumb Code     0  init.o(.text)
    __0printf                                0x080042a1   Thumb Code    22  printfa.o(i.__0printf)
    __1printf                                0x080042a1   Thumb Code     0  printfa.o(i.__0printf)
    __2printf                                0x080042a1   Thumb Code     0  printfa.o(i.__0printf)
    __c89printf                              0x080042a1   Thumb Code     0  printfa.o(i.__0printf)
    printf                                   0x080042a1   Thumb Code     0  printfa.o(i.__0printf)
    __0sprintf                               0x080042c1   Thumb Code    34  printfa.o(i.__0sprintf)
    __1sprintf                               0x080042c1   Thumb Code     0  printfa.o(i.__0sprintf)
    __2sprintf                               0x080042c1   Thumb Code     0  printfa.o(i.__0sprintf)
    __c89sprintf                             0x080042c1   Thumb Code     0  printfa.o(i.__0sprintf)
    sprintf                                  0x080042c1   Thumb Code     0  printfa.o(i.__0sprintf)
    __0vsprintf                              0x080042e9   Thumb Code    30  printfa.o(i.__0vsprintf)
    __1vsprintf                              0x080042e9   Thumb Code     0  printfa.o(i.__0vsprintf)
    __2vsprintf                              0x080042e9   Thumb Code     0  printfa.o(i.__0vsprintf)
    __c89vsprintf                            0x080042e9   Thumb Code     0  printfa.o(i.__0vsprintf)
    vsprintf                                 0x080042e9   Thumb Code     0  printfa.o(i.__0vsprintf)
    __scatterload_copy                       0x0800430d   Thumb Code    14  handlers.o(i.__scatterload_copy)
    __scatterload_null                       0x0800431b   Thumb Code     2  handlers.o(i.__scatterload_null)
    __scatterload_zeroinit                   0x0800431d   Thumb Code    14  handlers.o(i.__scatterload_zeroinit)
    gyroFsrTable                             0x08004bc8   Data           8  imu901.o(.constdata)
    accFsrTable                              0x08004bd0   Data           4  imu901.o(.constdata)
    Region$$Table$$Base                      0x08004bd4   Number         0  anon$$obj.o(Region$$Table)
    Region$$Table$$Limit                     0x08004bf4   Number         0  anon$$obj.o(Region$$Table)
    state                                    0x20000000   Data           1  main.o(.data)
    val                                      0x20000002   Data           2  main.o(.data)
    value_AD                                 0x20000004   Data           2  main.o(.data)
    PRESS_AO                                 0x20000008   Data           4  main.o(.data)
    VOLTAGE_AO                               0x2000000c   Data           4  main.o(.data)
    SystemCoreClock                          0x20000018   Data           4  system_stm32f10x.o(.data)
    AHBPrescTable                            0x2000001c   Data          16  system_stm32f10x.o(.data)
    USART3_RX_STA                            0x2000002e   Data           2  usart3.o(.data)
    iostatus                                 0x20000030   Data           8  imu901.o(.data)
    imu901Param                              0x20000038   Data           4  imu901.o(.data)
    __stdout                                 0x20000044   Data           4  usart.o(.data)
    USART_RX_STA                             0x20000048   Data           2  usart.o(.data)
    USART3_RX_BUF                            0x20000064   Data        1024  usart3.o(.bss)
    USART3_TX_BUF                            0x20000464   Data         600  usart3.o(.bss)
    USART_InitStructure                      0x200006bc   Data          16  usart3.o(.bss)
    attitude                                 0x200006cc   Data          12  imu901.o(.bss)
    quaternion                               0x200006d8   Data          16  imu901.o(.bss)
    gyroAccData                              0x200006e8   Data          36  imu901.o(.bss)
    magData                                  0x2000070c   Data          12  imu901.o(.bss)
    baroData                                 0x20000718   Data          12  imu901.o(.bss)
    rxPacket                                 0x20000724   Data          33  imu901.o(.bss)
    uart2RxBuffer                            0x20000748   Data         256  usart2.o(.bss)
    uart2RxFifo                              0x20000848   Data          12  usart2.o(.bss)
    USART_RX_BUF                             0x20000854   Data         200  usart.o(.bss)
    sendbuf                                  0x2000091c   Data          50  ble_app.o(.bss)
    __initial_sp                             0x20000d50   Data           0  startup_stm32f10x_hd.o(STACK)



==============================================================================

Memory Map of the image

  Image Entry point : 0x08000131

  Load Region LR_IROM1 (Base: 0x08000000, Size: 0x00004c58, Max: 0x00080000, ABSOLUTE)

    Execution Region ER_IROM1 (Base: 0x08000000, Size: 0x00004bf4, Max: 0x00080000, ABSOLUTE)

    Base Addr    Size         Type   Attr      Idx    E Section Name        Object

    0x08000000   0x00000130   Data   RO          398    RESET               startup_stm32f10x_hd.o
    0x08000130   0x00000000   Code   RO          829  * .ARM.Collect$$$$00000000  mc_w.l(entry.o)
    0x08000130   0x00000004   Code   RO         1115    .ARM.Collect$$$$00000001  mc_w.l(entry2.o)
    0x08000134   0x00000004   Code   RO         1118    .ARM.Collect$$$$00000004  mc_w.l(entry5.o)
    0x08000138   0x00000000   Code   RO         1120    .ARM.Collect$$$$00000008  mc_w.l(entry7b.o)
    0x08000138   0x00000000   Code   RO         1122    .ARM.Collect$$$$0000000A  mc_w.l(entry8b.o)
    0x08000138   0x00000008   Code   RO         1123    .ARM.Collect$$$$0000000B  mc_w.l(entry9a.o)
    0x08000140   0x00000000   Code   RO         1125    .ARM.Collect$$$$0000000D  mc_w.l(entry10a.o)
    0x08000140   0x00000000   Code   RO         1127    .ARM.Collect$$$$0000000F  mc_w.l(entry11a.o)
    0x08000140   0x00000004   Code   RO         1116    .ARM.Collect$$$$00002712  mc_w.l(entry2.o)
    0x08000144   0x000003e0   Code   RO            1    .text               main.o
    0x08000524   0x0000001a   Code   RO          147    .text               stm32f10x_it.o
    0x0800053e   0x00000002   PAD
    0x08000540   0x000001e0   Code   RO          188    .text               system_stm32f10x.o
    0x08000720   0x0000004c   Code   RO          206    .text               led.o
    0x0800076c   0x000000fc   Code   RO          218    .text               key.o
    0x08000868   0x000000b0   Code   RO          231    .text               timer.o
    0x08000918   0x00000174   Code   RO          247    .text               usart3.o
    0x08000a8c   0x00000698   Code   RO          276    .text               imu901.o
    0x08001124   0x000000de   Code   RO          302    .text               ringbuffer.o
    0x08001202   0x00000002   PAD
    0x08001204   0x00000118   Code   RO          317    .text               usart2.o
    0x0800131c   0x000000d4   Code   RO          332    .text               delay.o
    0x080013f0   0x00000140   Code   RO          363    .text               usart.o
    0x08001530   0x00000024   Code   RO          399    .text               startup_stm32f10x_hd.o
    0x08001554   0x000000dc   Code   RO          403    .text               misc.o
    0x08001630   0x0000035c   Code   RO          427    .text               stm32f10x_gpio.o
    0x0800198c   0x000003a4   Code   RO          439    .text               stm32f10x_rcc.o
    0x08001d30   0x00000408   Code   RO          453    .text               stm32f10x_usart.o
    0x08002138   0x00000e1a   Code   RO          465    .text               stm32f10x_tim.o
    0x08002f52   0x00000002   PAD
    0x08002f54   0x0000044e   Code   RO          489    .text               stm32f10x_adc.o
    0x080033a2   0x00000002   PAD
    0x080033a4   0x000000b4   Code   RO          681    .text               ble_uart.o
    0x08003458   0x0000063c   Code   RO          699    .text               ble_app.o
    0x08003a94   0x000000e8   Code   RO          715    .text               adc.o
    0x08003b7c   0x00000024   Code   RO          832    .text               mc_w.l(memseta.o)
    0x08003ba0   0x00000024   Code   RO          834    .text               mc_w.l(strstr.o)
    0x08003bc4   0x0000000e   Code   RO          836    .text               mc_w.l(strlen.o)
    0x08003bd2   0x00000064   Code   RO         1099    .text               mf_w.l(fmul.o)
    0x08003c36   0x0000007c   Code   RO         1101    .text               mf_w.l(fdiv.o)
    0x08003cb2   0x0000014e   Code   RO         1103    .text               mf_w.l(dadd.o)
    0x08003e00   0x000000de   Code   RO         1105    .text               mf_w.l(ddiv.o)
    0x08003ede   0x00000012   Code   RO         1107    .text               mf_w.l(fflti.o)
    0x08003ef0   0x0000000a   Code   RO         1109    .text               mf_w.l(ffltui.o)
    0x08003efa   0x00000026   Code   RO         1113    .text               mf_w.l(f2d.o)
    0x08003f20   0x0000002c   Code   RO         1129    .text               mc_w.l(uidiv.o)
    0x08003f4c   0x00000062   Code   RO         1131    .text               mc_w.l(uldiv.o)
    0x08003fae   0x0000001e   Code   RO         1133    .text               mc_w.l(llshl.o)
    0x08003fcc   0x00000020   Code   RO         1135    .text               mc_w.l(llushr.o)
    0x08003fec   0x00000024   Code   RO         1137    .text               mc_w.l(llsshr.o)
    0x08004010   0x00000000   Code   RO         1139    .text               mc_w.l(iusefp.o)
    0x08004010   0x0000006e   Code   RO         1140    .text               mf_w.l(fepilogue.o)
    0x0800407e   0x000000ba   Code   RO         1142    .text               mf_w.l(depilogue.o)
    0x08004138   0x000000e4   Code   RO         1144    .text               mf_w.l(dmul.o)
    0x0800421c   0x00000030   Code   RO         1146    .text               mf_w.l(dfixul.o)
    0x0800424c   0x00000030   Code   RO         1148    .text               mf_w.l(cdrcmple.o)
    0x0800427c   0x00000024   Code   RO         1150    .text               mc_w.l(init.o)
    0x080042a0   0x00000020   Code   RO         1071    i.__0printf         mc_w.l(printfa.o)
    0x080042c0   0x00000028   Code   RO         1073    i.__0sprintf        mc_w.l(printfa.o)
    0x080042e8   0x00000024   Code   RO         1077    i.__0vsprintf       mc_w.l(printfa.o)
    0x0800430c   0x0000000e   Code   RO         1154    i.__scatterload_copy  mc_w.l(handlers.o)
    0x0800431a   0x00000002   Code   RO         1155    i.__scatterload_null  mc_w.l(handlers.o)
    0x0800431c   0x0000000e   Code   RO         1156    i.__scatterload_zeroinit  mc_w.l(handlers.o)
    0x0800432a   0x00000002   PAD
    0x0800432c   0x00000164   Code   RO         1078    i._fp_digits        mc_w.l(printfa.o)
    0x08004490   0x000006dc   Code   RO         1079    i._printf_core      mc_w.l(printfa.o)
    0x08004b6c   0x00000024   Code   RO         1080    i._printf_post_padding  mc_w.l(printfa.o)
    0x08004b90   0x0000002e   Code   RO         1081    i._printf_pre_padding  mc_w.l(printfa.o)
    0x08004bbe   0x0000000a   Code   RO         1083    i._sputc            mc_w.l(printfa.o)
    0x08004bc8   0x0000000c   Data   RO          278    .constdata          imu901.o
    0x08004bd4   0x00000020   Data   RO         1152    Region$$Table       anon$$obj.o


    Execution Region RW_IRAM1 (Base: 0x20000000, Size: 0x00000d50, Max: 0x00010000, ABSOLUTE)

    Base Addr    Size         Type   Attr      Idx    E Section Name        Object

    0x20000000   0x00000018   Data   RW            2    .data               main.o
    0x20000018   0x00000014   Data   RW          189    .data               system_stm32f10x.o
    0x2000002c   0x00000001   Data   RW          219    .data               key.o
    0x2000002d   0x00000001   PAD
    0x2000002e   0x00000002   Data   RW          249    .data               usart3.o
    0x20000030   0x0000000f   Data   RW          279    .data               imu901.o
    0x2000003f   0x00000001   PAD
    0x20000040   0x00000004   Data   RW          333    .data               delay.o
    0x20000044   0x00000006   Data   RW          365    .data               usart.o
    0x2000004a   0x00000014   Data   RW          440    .data               stm32f10x_rcc.o
    0x2000005e   0x00000003   Data   RW          701    .data               ble_app.o
    0x20000061   0x00000003   PAD
    0x20000064   0x00000668   Zero   RW          248    .bss                usart3.o
    0x200006cc   0x00000079   Zero   RW          277    .bss                imu901.o
    0x20000745   0x00000003   PAD
    0x20000748   0x0000010c   Zero   RW          318    .bss                usart2.o
    0x20000854   0x000000c8   Zero   RW          364    .bss                usart.o
    0x2000091c   0x00000032   Zero   RW          700    .bss                ble_app.o
    0x2000094e   0x00000002   PAD
    0x20000950   0x00000400   Zero   RW          396    STACK               startup_stm32f10x_hd.o


==============================================================================

Image component sizes


      Code (inc. data)   RO Data    RW Data    ZI Data      Debug   Object Name

       232          8          0          0          0       1175   adc.o
      1596        710          0          3         50       3092   ble_app.o
       180         20          0          0          0       1501   ble_uart.o
       212         18          0          4          0       1215   delay.o
      1688         84         12         15        121       5755   imu901.o
       252         12          0          1          0        924   key.o
        76          8          0          0          0        595   led.o
       992        324          0         24          0     264136   main.o
       220         22          0          0          0       1993   misc.o
       222          0          0          0          0       3222   ringbuffer.o
        36          8        304          0       1024        860   startup_stm32f10x_hd.o
      1102         26          0          0          0      11025   stm32f10x_adc.o
       860         38          0          0          0       5837   stm32f10x_gpio.o
        26          0          0          0          0       1278   stm32f10x_it.o
       932         36          0         20          0       9104   stm32f10x_rcc.o
      3610         88          0          0          0      22320   stm32f10x_tim.o
      1032         22          0          0          0       8564   stm32f10x_usart.o
         0          0          0          0          0         32   sys.o
       480         38          0         20          0       2031   system_stm32f10x.o
       176          8          0          0          0       1032   timer.o
       320         18          0          6        200       3410   usart.o
       280         18          0          0        268       2253   usart2.o
       372         28          0          2       1640       2870   usart3.o

    ----------------------------------------------------------------------
     14904       1534        348        100       3308     354224   Object Totals
         0          0         32          0          0          0   (incl. Generated)
         8          0          0          5          5          0   (incl. Padding)

    ----------------------------------------------------------------------

      Code (inc. data)   RO Data    RW Data    ZI Data      Debug   Library Member Name

         0          0          0          0          0          0   entry.o
         0          0          0          0          0          0   entry10a.o
         0          0          0          0          0          0   entry11a.o
         8          4          0          0          0          0   entry2.o
         4          0          0          0          0          0   entry5.o
         0          0          0          0          0          0   entry7b.o
         0          0          0          0          0          0   entry8b.o
         8          4          0          0          0          0   entry9a.o
        30          0          0          0          0          0   handlers.o
        36          8          0          0          0         68   init.o
         0          0          0          0          0          0   iusefp.o
        30          0          0          0          0         68   llshl.o
        36          0          0          0          0         68   llsshr.o
        32          0          0          0          0         68   llushr.o
        36          0          0          0          0        108   memseta.o
      2312        102          0          0          0        676   printfa.o
        14          0          0          0          0         68   strlen.o
        36          0          0          0          0         80   strstr.o
        44          0          0          0          0         80   uidiv.o
        98          0          0          0          0         92   uldiv.o
        48          0          0          0          0         68   cdrcmple.o
       334          0          0          0          0        148   dadd.o
       222          0          0          0          0        100   ddiv.o
       186          0          0          0          0        176   depilogue.o
        48          0          0          0          0         68   dfixul.o
       228          0          0          0          0         96   dmul.o
        38          0          0          0          0         68   f2d.o
       124          0          0          0          0         88   fdiv.o
       110          0          0          0          0        168   fepilogue.o
        18          0          0          0          0         68   fflti.o
        10          0          0          0          0         68   ffltui.o
       100          0          0          0          0         76   fmul.o

    ----------------------------------------------------------------------
      4192        118          0          0          0       2568   Library Totals
         2          0          0          0          0          0   (incl. Padding)

    ----------------------------------------------------------------------

      Code (inc. data)   RO Data    RW Data    ZI Data      Debug   Library Name

      2724        118          0          0          0       1376   mc_w.l
      1466          0          0          0          0       1192   mf_w.l

    ----------------------------------------------------------------------
      4192        118          0          0          0       2568   Library Totals

    ----------------------------------------------------------------------

==============================================================================


      Code (inc. data)   RO Data    RW Data    ZI Data      Debug   

     19096       1652        348        100       3308     353876   Grand Totals
     19096       1652        348        100       3308     353876   ELF Image Totals
     19096       1652        348        100          0          0   ROM Totals

==============================================================================

    Total RO  Size (Code + RO Data)                19444 (  18.99kB)
    Total RW  Size (RW Data + ZI Data)              3408 (   3.33kB)
    Total ROM Size (Code + RO Data + RW Data)      19544 (  19.09kB)

==============================================================================

